Initialized native services in: C:\Users\Pierre\.gradle\native
Initialized jansi services in: C:\Users\Pierre\.gradle\native
Removing 0 daemon stop events from registry
Previous Daemon (4424) stopped at Fri Feb 27 10:44:03 CET 2026 stop command received
Starting a Gradle Daemon, 2 busy and 1 stopped Daemons could not be reused, use --status for details
Starting process 'command 'C:\Program Files (x86)\Java\jre1.8.0_481\bin\java.exe''. Working directory: C:\Users\Pierre\.gradle\.tmp\tmp-jvm13987096712032929712probe Command: C:\Program Files (x86)\Java\jre1.8.0_481\bin\java.exe -Xmx32m -Xms32m -cp . JavaProbe
Successfully started process 'command 'C:\Program Files (x86)\Java\jre1.8.0_481\bin\java.exe''
Received JVM installation metadata from 'C:\Program Files (x86)\Java\jre1.8.0_481': {JAVA_HOME=C:\Program Files (x86)\Java\jre1.8.0_481, JAVA_VERSION=1.8.0_481, JAVA_VENDOR=Oracle Corporation, RUNTIME_NAME=Java(TM) SE Runtime Environment, RUNTIME_VERSION=1.8.0_481-b10, VM_NAME=Java HotSpot(TM) Client VM, VM_VERSION=25.481-b10, VM_VENDOR=Oracle Corporation, OS_ARCH=x86}
Received JVM installation metadata from 'C:\Program Files\Java\jdk-21.0.10': {JAVA_HOME=C:\Program Files\Java\jdk-21.0.10, JAVA_VERSION=21.0.10, JAVA_VENDOR=Oracle Corporation, RUNTIME_NAME=Java(TM) SE Runtime Environment, RUNTIME_VERSION=21.0.10+8-LTS-217, VM_NAME=Java HotSpot(TM) 64-Bit Server VM, VM_VERSION=21.0.10+8-LTS-217, VM_VENDOR=Oracle Corporation, OS_ARCH=amd64}
Starting process 'Gradle build daemon'. Working directory: C:\Users\Pierre\.gradle\daemon\9.2.1 Command: C:\Program Files\Java\jdk-21.0.10\bin\java.exe --add-opens=java.base/java.lang=ALL-UNNAMED --add-opens=java.base/java.lang.invoke=ALL-UNNAMED --add-opens=java.base/java.util=ALL-UNNAMED --add-opens=java.prefs/java.util.prefs=ALL-UNNAMED --add-exports=jdk.compiler/com.sun.tools.javac.api=ALL-UNNAMED --add-exports=jdk.compiler/com.sun.tools.javac.util=ALL-UNNAMED --add-opens=java.base/java.util=ALL-UNNAMED --add-opens=java.prefs/java.util.prefs=ALL-UNNAMED --add-opens=java.base/java.nio.charset=ALL-UNNAMED --add-opens=java.base/java.net=ALL-UNNAMED --add-opens=java.base/java.util.concurrent=ALL-UNNAMED --add-opens=java.base/java.util.concurrent.atomic=ALL-UNNAMED --add-opens=java.xml/javax.xml.namespace=ALL-UNNAMED --add-opens=java.base/java.time=ALL-UNNAMED -Xmx2048m -Dfile.encoding=UTF-8 -Duser.country=FR -Duser.language=fr -Duser.variant -cp C:\Users\Pierre\.gradle\wrapper\dists\gradle-9.2.1-bin\2t0n5ozlw9xmuyvbp7dnzaxug\gradle-9.2.1\lib\gradle-daemon-main-9.2.1.jar -javaagent:C:\Users\Pierre\.gradle\wrapper\dists\gradle-9.2.1-bin\2t0n5ozlw9xmuyvbp7dnzaxug\gradle-9.2.1\lib\agents\gradle-instrumentation-agent-9.2.1.jar org.gradle.launcher.daemon.bootstrap.GradleDaemon 9.2.1
Successfully started process 'Gradle build daemon'
An attempt to start the daemon took 3.589 secs.
The client will now receive all logging from the daemon (pid: 4908). The daemon log file: C:\Users\Pierre\.gradle\daemon\9.2.1\daemon-4908.out.log
Starting build in new daemon [memory: 2 GiB]
Using 16 worker leases.
Operational build model parameters: {requiresToolingModels=false, parallelProjectExecution=false, configureOnDemand=false, configurationCache=false, configurationCacheParallelStore=false, configurationCacheParallelLoad=true, isolatedProjects=false, parallelProjectConfiguration=false, intermediateModelCache=false, parallelToolingApiActions=false, invalidateCoupledProjects=false, modelAsProjectDependency=false, resilientModelBuilding=false}
Received JVM installation metadata from 'C:\Program Files\Java\jdk-21.0.10': {JAVA_HOME=C:\Program Files\Java\jdk-21.0.10, JAVA_VERSION=21.0.10, JAVA_VENDOR=Oracle Corporation, RUNTIME_NAME=Java(TM) SE Runtime Environment, RUNTIME_VERSION=21.0.10+8-LTS-217, VM_NAME=Java HotSpot(TM) 64-Bit Server VM, VM_VERSION=21.0.10+8-LTS-217, VM_VENDOR=Oracle Corporation, OS_ARCH=amd64}
Watching the file system is configured to be enabled if available
Now considering [C:\Users\Pierre\AndroidStudioProjects\Projectfood\food-project] as hierarchies to watch
File system watching is active
Starting Build
Invalidating in-memory cache of C:\Users\Pierre\.gradle\caches\9.2.1\fileHashes\fileHashes.bin
Invalidating in-memory cache of C:\Users\Pierre\.gradle\caches\9.2.1\fileHashes\resourceHashesCache.bin
Resolved plugin [id: 'org.gradle.toolchains.foojay-resolver-convention', version: '1.0.0']
Settings evaluated using settings file 'C:\Users\Pierre\AndroidStudioProjects\Projectfood\food-project\settings.gradle.kts'.
Projects loaded. Root project using build file 'C:\Users\Pierre\AndroidStudioProjects\Projectfood\food-project\build.gradle.kts'.
Included projects: [root project 'food-project', project ':app']

> Configure project :
Evaluating root project 'food-project' using build file 'C:\Users\Pierre\AndroidStudioProjects\Projectfood\food-project\build.gradle.kts'.
Resolved plugin [id: 'com.android.application', version: '9.0.1', apply: false]
Resolved plugin [id: 'org.jetbrains.kotlin.plugin.compose', version: '2.0.21', apply: false]

> Configure project :app
Evaluating project ':app' using build file 'C:\Users\Pierre\AndroidStudioProjects\Projectfood\food-project\app\build.gradle.kts'.
Resolved plugin [id: 'com.android.application', version: '9.0.1']
Resolved plugin [id: 'org.jetbrains.kotlin.plugin.compose', version: '2.0.21']
Resolved plugin [id: 'org.jetbrains.kotlin.plugin.serialization', version: '2.3.10']
Build 4dc2aeb8-8e24-4fc3-9c9f-24a53bd03209 is started
Using default execution profile
Detected Android Gradle Plugin compose compiler configuration
Detected Android Gradle Plugin compose compiler configuration
Detected Android Gradle Plugin compose compiler configuration
Detected Android Gradle Plugin compose compiler configuration
All projects evaluated.
Task name matched 'build'
Selected primary task 'build' from project :
Adding -Xuse-inline-scopes-numbers Kotlin compiler flag for task :app:compileDebugKotlin
Tasks to be executed: [task ':app:preBuild', task ':app:preDebugBuild', task ':app:mergeDebugNativeDebugMetadata', task ':app:generateDebugResources', task ':app:packageDebugResources', task ':app:processDebugNavigationResources', task ':app:parseDebugLocalResources', task ':app:generateDebugRFile', task ':app:compileDebugKotlin', task ':app:javaPreCompileDebug', task ':app:compileDebugJavaWithJavac', task ':app:generateDebugAssets', task ':app:mergeDebugAssets', task ':app:compressDebugAssets', task ':app:processDebugJavaRes', task ':app:mergeDebugJavaResource', task ':app:checkDebugDuplicateClasses', task ':app:desugarDebugFileDependencies', task ':app:mergeExtDexDebug', task ':app:mergeLibDexDebug', task ':app:checkDebugAarMetadata', task ':app:compileDebugNavigationResources', task ':app:mapDebugSourceSetPaths', task ':app:mergeDebugResources', task ':app:createDebugCompatibleScreenManifests', task ':app:extractDeepLinksDebug', task ':app:processDebugMainManifest', task ':app:processDebugManifest', task ':app:processDebugManifestForPackage', task ':app:processDebugResources', task ':app:dexBuilderDebug', task ':app:mergeProjectDexDebug', task ':app:mergeDebugJniLibFolders', task ':app:mergeDebugNativeLibs', task ':app:stripDebugDebugSymbols', task ':app:validateSigningDebug', task ':app:writeDebugAppMetadata', task ':app:writeDebugSigningConfigVersions', task ':app:packageDebug', task ':app:createDebugApkListingFileRedirect', task ':app:assembleDebug', task ':app:preReleaseBuild', task ':app:mergeReleaseJniLibFolders', task ':app:mergeReleaseNativeLibs', task ':app:stripReleaseDebugSymbols', task ':app:extractReleaseNativeSymbolTables', task ':app:mergeReleaseNativeDebugMetadata', task ':app:checkReleaseDuplicateClasses', task ':app:generateReleaseResources', task ':app:packageReleaseResources', task ':app:processReleaseNavigationResources', task ':app:parseReleaseLocalResources', task ':app:generateReleaseRFile', task ':app:compileReleaseKotlin', task ':app:javaPreCompileRelease', task ':app:compileReleaseJavaWithJavac', task ':app:checkReleaseAarMetadata', task ':app:compileReleaseNavigationResources', task ':app:mapReleaseSourceSetPaths', task ':app:mergeReleaseResources', task ':app:createReleaseCompatibleScreenManifests', task ':app:extractDeepLinksRelease', task ':app:processReleaseMainManifest', task ':app:processReleaseManifest', task ':app:processReleaseManifestForPackage', task ':app:processReleaseResources', task ':app:dexBuilderRelease', task ':app:desugarReleaseFileDependencies', task ':app:mergeReleaseStartupProfile', task ':app:mergeExtDexRelease', task ':app:mergeDexRelease', task ':app:mergeReleaseArtProfile', task ':app:mergeReleaseGlobalSynthetics', task ':app:compileReleaseArtProfile', task ':app:generateReleaseAssets', task ':app:mergeReleaseAssets', task ':app:compressReleaseAssets', task ':app:extractReleaseVersionControlInfo', task ':app:extractProguardFiles', task ':app:generateReleaseLintVitalReportModel', task ':app:lintVitalAnalyzeRelease', task ':app:lintVitalReportRelease', task ':app:lintVitalRelease', task ':app:processReleaseJavaRes', task ':app:mergeReleaseJavaResource', task ':app:optimizeReleaseResources', task ':app:collectReleaseDependencies', task ':app:sdkReleaseDependencyData', task ':app:writeReleaseAppMetadata', task ':app:writeReleaseSigningConfigVersions', task ':app:packageRelease', task ':app:createReleaseApkListingFileRedirect', task ':app:assembleRelease', task ':app:assemble', task ':app:bundleDebugClassesToCompileJar', task ':app:preDebugAndroidTestBuild', task ':app:generateDebugAndroidTestLintModel', task ':app:generateDebugLintReportModel', task ':app:preDebugUnitTestBuild', task ':app:generateDebugUnitTestLintModel', task ':app:lintAnalyzeDebug', task ':app:lintAnalyzeDebugAndroidTest', task ':app:lintAnalyzeDebugUnitTest', task ':app:lintReportDebug', task ':app:lintDebug', task ':app:lint', task ':app:bundleDebugClassesToRuntimeJar', task ':app:compileDebugUnitTestKotlin', task ':app:javaPreCompileDebugUnitTest', task ':app:compileDebugUnitTestJavaWithJavac', task ':app:processDebugUnitTestJavaRes', task ':app:testDebugUnitTest', task ':app:test', task ':app:check', task ':app:build']
Tasks that were excluded: []
Resolve mutations for :app:preBuild (Thread[#140,Execution worker,5,main]) started.
:app:preBuild (Thread[#139,included builds,5,main]) started.

> Task :app:preBuild UP-TO-DATE
Skipping task ':app:preBuild' as it has no actions.
Resolve mutations for :app:preDebugBuild (Thread[#140,Execution worker,5,main]) started.
:app:preDebugBuild (Thread[#140,Execution worker,5,main]) started.

> Task :app:preDebugBuild UP-TO-DATE
Skipping task ':app:preDebugBuild' as it has no actions.
Resolve mutations for :app:mergeDebugNativeDebugMetadata (Thread[#139,included builds,5,main]) started.
:app:mergeDebugNativeDebugMetadata (Thread[#140,Execution worker,5,main]) started.

> Task :app:mergeDebugNativeDebugMetadata NO-SOURCE
Skipping task ':app:mergeDebugNativeDebugMetadata' as it has no source files and no previous output files.
Resolve mutations for :app:generateDebugResources (Thread[#140,Execution worker,5,main]) started.
:app:generateDebugResources (Thread[#139,included builds,5,main]) started.

> Task :app:generateDebugResources UP-TO-DATE
Caching disabled for task ':app:generateDebugResources' because:
  Build cache is disabled
Skipping task ':app:generateDebugResources' as it is up-to-date.
Resolve mutations for :app:packageDebugResources (Thread[#139,included builds,5,main]) started.
:app:packageDebugResources (Thread[#139,included builds,5,main]) started.

> Task :app:packageDebugResources UP-TO-DATE
Caching disabled for task ':app:packageDebugResources' because:
  Build cache is disabled
Skipping task ':app:packageDebugResources' as it is up-to-date.
Resolve mutations for :app:processDebugNavigationResources (Thread[#139,included builds,5,main]) started.
:app:processDebugNavigationResources (Thread[#139,included builds,5,main]) started.

> Task :app:processDebugNavigationResources UP-TO-DATE
Invalidating in-memory cache of C:\Users\Pierre\.gradle\caches\journal-1\file-access.bin
Invalidating in-memory cache of C:\Users\Pierre\.gradle\caches\9.2.1\fileHashes\kotlinDslCompileAvoidanceClasspathHashCache.bin
Invalidating in-memory cache of C:\Users\Pierre\.gradle\caches\9.2.1\fileHashes\fileHashes.bin
Invalidating in-memory cache of C:\Users\Pierre\.gradle\caches\9.2.1\fileHashes\resourceHashesCache.bin
Caching disabled for task ':app:processDebugNavigationResources' because:
  Build cache is disabled
Skipping task ':app:processDebugNavigationResources' as it is up-to-date.
Resolve mutations for :app:parseDebugLocalResources (Thread[#139,included builds,5,main]) started.
:app:parseDebugLocalResources (Thread[#139,included builds,5,main]) started.

> Task :app:parseDebugLocalResources UP-TO-DATE
Caching disabled for task ':app:parseDebugLocalResources' because:
  Build cache is disabled
Skipping task ':app:parseDebugLocalResources' as it is up-to-date.
Resolve mutations for :app:generateDebugRFile (Thread[#139,included builds,5,main]) started.
:app:generateDebugRFile (Thread[#139,included builds,5,main]) started.

> Task :app:generateDebugRFile UP-TO-DATE
Caching disabled for task ':app:generateDebugRFile' because:
  Build cache is disabled
Skipping task ':app:generateDebugRFile' as it is up-to-date.
Resolve mutations for :app:compileDebugKotlin (Thread[#139,included builds,5,main]) started.
:app:compileDebugKotlin (Thread[#139,included builds,5,main]) started.

> Task :app:compileDebugKotlin UP-TO-DATE
file or directory 'C:\Users\Pierre\AndroidStudioProjects\Projectfood\food-project\app\src\main\kotlin', not found
file or directory 'C:\Users\Pierre\AndroidStudioProjects\Projectfood\food-project\app\src\debug\java', not found
file or directory 'C:\Users\Pierre\AndroidStudioProjects\Projectfood\food-project\app\src\debug\kotlin', not found
file or directory 'C:\Users\Pierre\AndroidStudioProjects\Projectfood\food-project\app\src\debug\java', not found
file or directory 'C:\Users\Pierre\AndroidStudioProjects\Projectfood\food-project\app\src\main\kotlin', not found
file or directory 'C:\Users\Pierre\AndroidStudioProjects\Projectfood\food-project\app\src\debug\java', not found
file or directory 'C:\Users\Pierre\AndroidStudioProjects\Projectfood\food-project\app\src\debug\kotlin', not found
file or directory 'C:\Users\Pierre\AndroidStudioProjects\Projectfood\food-project\app\src\debug\java', not found
file or directory 'C:\Users\Pierre\AndroidStudioProjects\Projectfood\food-project\app\src\main\kotlin', not found
file or directory 'C:\Users\Pierre\AndroidStudioProjects\Projectfood\food-project\app\src\debug\java', not found
file or directory 'C:\Users\Pierre\AndroidStudioProjects\Projectfood\food-project\app\src\debug\kotlin', not found
file or directory 'C:\Users\Pierre\AndroidStudioProjects\Projectfood\food-project\app\src\debug\java', not found
Custom actions are attached to task ':app:compileDebugKotlin'.
Caching disabled for task ':app:compileDebugKotlin' because:
  Build cache is disabled
Skipping task ':app:compileDebugKotlin' as it is up-to-date.
Resolve mutations for :app:javaPreCompileDebug (Thread[#139,included builds,5,main]) started.
:app:javaPreCompileDebug (Thread[#139,included builds,5,main]) started.

> Task :app:javaPreCompileDebug UP-TO-DATE
Caching disabled for task ':app:javaPreCompileDebug' because:
  Build cache is disabled
Skipping task ':app:javaPreCompileDebug' as it is up-to-date.
Resolve mutations for :app:compileDebugJavaWithJavac (Thread[#139,included builds,5,main]) started.
:app:compileDebugJavaWithJavac (Thread[#139,included builds,5,main]) started.

> Task :app:compileDebugJavaWithJavac NO-SOURCE
Skipping task ':app:compileDebugJavaWithJavac' as it has no source files and no previous output files.
Resolve mutations for :app:generateDebugAssets (Thread[#139,included builds,5,main]) started.
:app:generateDebugAssets (Thread[#139,included builds,5,main]) started.

> Task :app:generateDebugAssets UP-TO-DATE
Skipping task ':app:generateDebugAssets' as it has no actions.
Resolve mutations for :app:mergeDebugAssets (Thread[#139,included builds,5,main]) started.
:app:mergeDebugAssets (Thread[#139,included builds,5,main]) started.

> Task :app:mergeDebugAssets UP-TO-DATE
Caching disabled for task ':app:mergeDebugAssets' because:
  Build cache is disabled
  Simple merging task
Skipping task ':app:mergeDebugAssets' as it is up-to-date.
Resolve mutations for :app:compressDebugAssets (Thread[#139,included builds,5,main]) started.
:app:compressDebugAssets (Thread[#139,included builds,5,main]) started.

> Task :app:compressDebugAssets UP-TO-DATE
Caching disabled for task ':app:compressDebugAssets' because:
  Build cache is disabled
Skipping task ':app:compressDebugAssets' as it is up-to-date.
Resolve mutations for :app:processDebugJavaRes (Thread[#139,included builds,5,main]) started.
:app:processDebugJavaRes (Thread[#139,included builds,5,main]) started.

> Task :app:processDebugJavaRes UP-TO-DATE
file or directory 'C:\Users\Pierre\AndroidStudioProjects\Projectfood\food-project\app\src\main\resources', not found
file or directory 'C:\Users\Pierre\AndroidStudioProjects\Projectfood\food-project\app\src\debug\resources', not found
Caching disabled for task ':app:processDebugJavaRes' because:
  Build cache is disabled
  Caching has been disabled for the task
Skipping task ':app:processDebugJavaRes' as it is up-to-date.
work action resolve out (project :app) (Thread[#139,included builds,5,main]) started.
Resolve mutations for :app:mergeDebugJavaResource (Thread[#139,included builds,5,main]) started.
:app:mergeDebugJavaResource (Thread[#139,included builds,5,main]) started.
Resolve mutations for :app:checkDebugDuplicateClasses (Thread[#142,Execution worker Thread 3,5,main]) started.
:app:checkDebugDuplicateClasses (Thread[#144,Execution worker Thread 5,5,main]) started.

> Task :app:checkDebugDuplicateClasses UP-TO-DATE
Caching disabled for task ':app:checkDebugDuplicateClasses' because:
  Build cache is disabled
  Caching has been disabled for the task
Skipping task ':app:checkDebugDuplicateClasses' as it is up-to-date.
Resolve mutations for :app:desugarDebugFileDependencies (Thread[#144,Execution worker Thread 5,5,main]) started.
:app:desugarDebugFileDependencies (Thread[#144,Execution worker Thread 5,5,main]) started.

> Task :app:desugarDebugFileDependencies UP-TO-DATE
Caching disabled for task ':app:desugarDebugFileDependencies' because:
  Build cache is disabled
Skipping task ':app:desugarDebugFileDependencies' as it is up-to-date.
Resolve mutations for :app:mergeExtDexDebug (Thread[#148,Execution worker Thread 9,5,main]) started.
:app:mergeExtDexDebug (Thread[#144,Execution worker Thread 5,5,main]) started.

> Task :app:mergeDebugJavaResource
Caching disabled for task ':app:mergeDebugJavaResource' because:
  Build cache is disabled
  Caching has been disabled for the task
Task ':app:mergeDebugJavaResource' is not up-to-date because:
  Task has failed previously.
The input changes require a full rebuild for incremental task ':app:mergeDebugJavaResource'.

> Task :app:mergeDebugJavaResource FAILED

> Task :app:mergeExtDexDebug
Caching disabled for DexingNoClasspathTransform: C:\Users\Pierre\.gradle\caches\modules-2\files-2.1\org.jetbrains.kotlin\kotlin-annotation-processing-embeddable\2.2.0\944a8b045adf3b81f32c5843229a90d3792dc7d8\kotlin-annotation-processing-embeddable-2.2.0.jar because:
  Build cache is disabled
Running dexing transform non-incrementally for 'C:\Users\Pierre\.gradle\caches\modules-2\files-2.1\org.jetbrains.kotlin\kotlin-annotation-processing-embeddable\2.2.0\944a8b045adf3b81f32c5843229a90d3792dc7d8\kotlin-annotation-processing-embeddable-2.2.0.jar'
.\gradlew.bat : ERROR: 
C:\Users\Pierre\.gradle\caches\modules-2\files-2.1\org.jetbrains.kotlin\kotlin-annotation-processing-embeddable\2.2.0\944a8b045adf3b81f32c5843229a90d3792dc7d8\kotlin-annotation-processing-embeddable-2.2.0.jar: D8: 
MethodHandle.invoke and MethodHandle.invokeExact are only supported starting with Android O (--min-api 26): Lorg/jetbrains/kotlin/kapt/base/util/ModuleManipulationUtilsKt;->openPackages(Ljava/util/Collection;)V
Au caractère Ligne:1 : 70
+ ... d-project"; .\gradlew.bat build --info 2>&1 > build_output.log; Get-C ...
+                 ~~~~~~~~~~~~~~~~~~~~~~~~~~~~~~~~~~~~~~~~~~~~~~~~~~
    + CategoryInfo          : NotSpecified: (ERROR: C:\Users...l/Collection;)V:String) [], RemoteException
    + FullyQualifiedErrorId : NativeCommandError
 
Invalidating in-memory cache of C:\Users\Pierre\.gradle\caches\9.2.1\fileHashes\kotlinDslCompileAvoidanceClasspathHashCache.bin
Invalidating in-memory cache of C:\Users\Pierre\.gradle\caches\9.2.1\fileHashes\fileHashes.bin
Invalidating in-memory cache of C:\Users\Pierre\.gradle\caches\9.2.1\fileHashes\resourceHashesCache.bin
Invalidating in-memory cache of C:\Users\Pierre\.gradle\caches\journal-1\file-access.bin
Invalidating in-memory cache of C:\Users\Pierre\.gradle\caches\9.2.1\fileHashes\kotlinDslCompileAvoidanceClasspathHashCache.bin
Invalidating in-memory cache of C:\Users\Pierre\.gradle\caches\9.2.1\fileHashes\fileHashes.bin
Invalidating in-memory cache of C:\Users\Pierre\.gradle\caches\9.2.1\fileHashes\resourceHashesCache.bin
Caching disabled for DexingNoClasspathTransform: C:\Users\Pierre\.gradle\caches\modules-2\files-2.1\org.jetbrains.kotlin\kotlin-compiler-embeddable\2.2.0\8cfa2b049a4006d94474296df4abd9b50f288821\kotlin-compiler-embeddable-2.2.0.jar because:
  Build cache is disabled
Caching disabled for DexingNoClasspathTransform: C:\Users\Pierre\.gradle\caches\modules-2\files-2.1\com.google.devtools.ksp\symbol-processing-aa-embeddable\2.2.0-RC-2.0.1\3795ce8b8f92b6e998e8ea11fb518a50f31364dd\symbol-processing-aa-embeddable-2.2.0-RC-2.0.1.jar because:
  Build cache is disabled
Running dexing transform non-incrementally for 'C:\Users\Pierre\.gradle\caches\modules-2\files-2.1\org.jetbrains.kotlin\kotlin-compiler-embeddable\2.2.0\8cfa2b049a4006d94474296df4abd9b50f288821\kotlin-compiler-embeddable-2.2.0.jar'
Running dexing transform non-incrementally for 'C:\Users\Pierre\.gradle\caches\modules-2\files-2.1\com.google.devtools.ksp\symbol-processing-aa-embeddable\2.2.0-RC-2.0.1\3795ce8b8f92b6e998e8ea11fb518a50f31364dd\symbol-processing-aa-embeddable-2.2.0-RC-2.0.1.jar'
ERROR: C:\Users\Pierre\.gradle\caches\modules-2\files-2.1\com.google.devtools.ksp\symbol-processing-aa-embeddable\2.2.0-RC-2.0.1\3795ce8b8f92b6e998e8ea11fb518a50f31364dd\symbol-processing-aa-embeddable-2.2.0-RC-2.0.1.jar: D8: 
MethodHandle.invoke and MethodHandle.invokeExact are only supported starting with Android O (--min-api 26): Lksp/com/intellij/util/io/ByteBufferUtil;->cleanBuffer(Ljava/nio/ByteBuffer;)Z
ERROR: C:\Users\Pierre\.gradle\caches\modules-2\files-2.1\com.google.devtools.ksp\symbol-processing-aa-embeddable\2.2.0-RC-2.0.1\3795ce8b8f92b6e998e8ea11fb518a50f31364dd\symbol-processing-aa-embeddable-2.2.0-RC-2.0.1.jar: D8: 
MethodHandle.invoke and MethodHandle.invokeExact are only supported starting with Android O (--min-api 26): Lksp/com/intellij/util/io/ByteBufferUtil;->copyMemory(Ljava/nio/ByteBuffer;I[BII)V
ERROR: C:\Users\Pierre\.gradle\caches\modules-2\files-2.1\com.google.devtools.ksp\symbol-processing-aa-embeddable\2.2.0-RC-2.0.1\3795ce8b8f92b6e998e8ea11fb518a50f31364dd\symbol-processing-aa-embeddable-2.2.0-RC-2.0.1.jar: D8: 
MethodHandle.invoke and MethodHandle.invokeExact are only supported starting with Android O (--min-api 26): Lksp/com/intellij/util/io/ByteBufferUtil;->getAddress(Ljava/nio/ByteBuffer;)J
ERROR: C:\Users\Pierre\.gradle\caches\modules-2\files-2.1\org.jetbrains.kotlin\kotlin-compiler-embeddable\2.2.0\8cfa2b049a4006d94474296df4abd9b50f288821\kotlin-compiler-embeddable-2.2.0.jar: D8: MethodHandle.invoke and 
MethodHandle.invokeExact are only supported starting with Android O (--min-api 26): Lorg/jetbrains/kotlin/com/intellij/openapi/application/PathManager;->vendorName()Ljava/lang/String;
ERROR: C:\Users\Pierre\.gradle\caches\modules-2\files-2.1\org.jetbrains.kotlin\kotlin-compiler-embeddable\2.2.0\8cfa2b049a4006d94474296df4abd9b50f288821\kotlin-compiler-embeddable-2.2.0.jar: D8: MethodHandle.invoke and 
MethodHandle.invokeExact are only supported starting with Android O (--min-api 26): 
Lorg/jetbrains/kotlin/com/intellij/util/messages/impl/MessageBusImplKt;->invokeMethod(Ljava/lang/Object;[Ljava/lang/Object;Ljava/lang/invoke/MethodHandle;)V
ERROR: C:\Users\Pierre\.gradle\caches\modules-2\files-2.1\com.google.devtools.ksp\symbol-processing-aa-embeddable\2.2.0-RC-2.0.1\3795ce8b8f92b6e998e8ea11fb518a50f31364dd\symbol-processing-aa-embeddable-2.2.0-RC-2.0.1.jar: D8: 
MethodHandle.invoke and MethodHandle.invokeExact are only supported starting with Android O (--min-api 26): 
Lksp/com/intellij/ide/plugins/ClassLoaderConfiguratorKt;->configureUsingIdeaClassloader(Ljava/util/List;Lksp/com/intellij/ide/plugins/IdeaPluginDescriptorImpl;)Ljava/lang/ClassLoader;
ERROR: C:\Users\Pierre\.gradle\caches\modules-2\files-2.1\com.google.devtools.ksp\symbol-processing-aa-embeddable\2.2.0-RC-2.0.1\3795ce8b8f92b6e998e8ea11fb518a50f31364dd\symbol-processing-aa-embeddable-2.2.0-RC-2.0.1.jar: D8: 
MethodHandle.invoke and MethodHandle.invokeExact are only supported starting with Android O (--min-api 26): Lksp/com/intellij/util/lang/UrlClassLoader;->logError(Ljava/lang/String;Ljava/lang/Throwable;)V
ERROR: C:\Users\Pierre\.gradle\caches\modules-2\files-2.1\org.jetbrains.kotlin\kotlin-compiler-embeddable\2.2.0\8cfa2b049a4006d94474296df4abd9b50f288821\kotlin-compiler-embeddable-2.2.0.jar: D8: MethodHandle.invoke and 
MethodHandle.invokeExact are only supported starting with Android O (--min-api 26): Lorg/jetbrains/kotlin/com/intellij/util/containers/Unsafe;->compareAndSwapInt(Ljava/lang/Object;JII)Z
ERROR: C:\Users\Pierre\.gradle\caches\modules-2\files-2.1\org.jetbrains.kotlin\kotlin-compiler-embeddable\2.2.0\8cfa2b049a4006d94474296df4abd9b50f288821\kotlin-compiler-embeddable-2.2.0.jar: D8: MethodHandle.invoke and 
MethodHandle.invokeExact are only supported starting with Android O (--min-api 26): Lorg/jetbrains/kotlin/com/intellij/util/containers/Unsafe;->compareAndSwapLong(Ljava/lang/Object;JJJ)Z
ERROR: C:\Users\Pierre\.gradle\caches\modules-2\files-2.1\org.jetbrains.kotlin\kotlin-compiler-embeddable\2.2.0\8cfa2b049a4006d94474296df4abd9b50f288821\kotlin-compiler-embeddable-2.2.0.jar: D8: MethodHandle.invoke and 
MethodHandle.invokeExact are only supported starting with Android O (--min-api 26): Lorg/jetbrains/kotlin/com/intellij/util/containers/Unsafe;->getAndAddInt(Ljava/lang/Object;JI)I
ERROR: C:\Users\Pierre\.gradle\caches\modules-2\files-2.1\org.jetbrains.kotlin\kotlin-compiler-embeddable\2.2.0\8cfa2b049a4006d94474296df4abd9b50f288821\kotlin-compiler-embeddable-2.2.0.jar: D8: MethodHandle.invoke and 
MethodHandle.invokeExact are only supported starting with Android O (--min-api 26): Lorg/jetbrains/kotlin/com/intellij/util/containers/Unsafe;->getObjectVolatile(Ljava/lang/Object;J)Ljava/lang/Object;
ERROR: C:\Users\Pierre\.gradle\caches\modules-2\files-2.1\org.jetbrains.kotlin\kotlin-compiler-embeddable\2.2.0\8cfa2b049a4006d94474296df4abd9b50f288821\kotlin-compiler-embeddable-2.2.0.jar: D8: MethodHandle.invoke and 
MethodHandle.invokeExact are only supported starting with Android O (--min-api 26): Lorg/jetbrains/kotlin/com/intellij/util/containers/Unsafe;->compareAndSwapObject(Ljava/lang/Object;JLjava/lang/Object;Ljava/lang/Object;)Z
ERROR: C:\Users\Pierre\.gradle\caches\modules-2\files-2.1\org.jetbrains.kotlin\kotlin-compiler-embeddable\2.2.0\8cfa2b049a4006d94474296df4abd9b50f288821\kotlin-compiler-embeddable-2.2.0.jar: D8: MethodHandle.invoke and 
MethodHandle.invokeExact are only supported starting with Android O (--min-api 26): Lorg/jetbrains/kotlin/com/intellij/util/containers/Unsafe;->putObjectVolatile(Ljava/lang/Object;JLjava/lang/Object;)V
ERROR: C:\Users\Pierre\.gradle\caches\modules-2\files-2.1\org.jetbrains.kotlin\kotlin-compiler-embeddable\2.2.0\8cfa2b049a4006d94474296df4abd9b50f288821\kotlin-compiler-embeddable-2.2.0.jar: D8: MethodHandle.invoke and 
MethodHandle.invokeExact are only supported starting with Android O (--min-api 26): Lorg/jetbrains/kotlin/com/intellij/util/containers/Unsafe;->objectFieldOffset(Ljava/lang/reflect/Field;)J
ERROR: C:\Users\Pierre\.gradle\caches\modules-2\files-2.1\org.jetbrains.kotlin\kotlin-compiler-embeddable\2.2.0\8cfa2b049a4006d94474296df4abd9b50f288821\kotlin-compiler-embeddable-2.2.0.jar: D8: MethodHandle.invoke and 
MethodHandle.invokeExact are only supported starting with Android O (--min-api 26): Lorg/jetbrains/kotlin/com/intellij/util/containers/Unsafe;->arrayIndexScale(Ljava/lang/Class;)I
ERROR: C:\Users\Pierre\.gradle\caches\modules-2\files-2.1\org.jetbrains.kotlin\kotlin-compiler-embeddable\2.2.0\8cfa2b049a4006d94474296df4abd9b50f288821\kotlin-compiler-embeddable-2.2.0.jar: D8: MethodHandle.invoke and 
MethodHandle.invokeExact are only supported starting with Android O (--min-api 26): Lorg/jetbrains/kotlin/com/intellij/util/containers/Unsafe;->arrayBaseOffset(Ljava/lang/Class;)I
ERROR: C:\Users\Pierre\.gradle\caches\modules-2\files-2.1\org.jetbrains.kotlin\kotlin-compiler-embeddable\2.2.0\8cfa2b049a4006d94474296df4abd9b50f288821\kotlin-compiler-embeddable-2.2.0.jar: D8: MethodHandle.invoke and 
MethodHandle.invokeExact are only supported starting with Android O (--min-api 26): Lorg/jetbrains/kotlin/com/intellij/util/containers/Unsafe;->copyMemory(Ljava/lang/Object;JLjava/lang/Object;JJ)V
ERROR: C:\Users\Pierre\.gradle\caches\modules-2\files-2.1\com.google.devtools.ksp\symbol-processing-aa-embeddable\2.2.0-RC-2.0.1\3795ce8b8f92b6e998e8ea11fb518a50f31364dd\symbol-processing-aa-embeddable-2.2.0-RC-2.0.1.jar: D8: 
MethodHandle.invoke and MethodHandle.invokeExact are only supported starting with Android O (--min-api 26): Lksp/com/intellij/DynamicBundle;->reorderParents(Ljava/util/Map;)V
ERROR: C:\Users\Pierre\.gradle\caches\modules-2\files-2.1\com.google.devtools.ksp\symbol-processing-aa-embeddable\2.2.0-RC-2.0.1\3795ce8b8f92b6e998e8ea11fb518a50f31364dd\symbol-processing-aa-embeddable-2.2.0-RC-2.0.1.jar: D8: 
MethodHandle.invoke and MethodHandle.invokeExact are only supported starting with Android O (--min-api 26): Lksp/com/intellij/ui/IconManager$Companion;->activate(Lksp/com/intellij/ui/IconManager;)V
ERROR: C:\Users\Pierre\.gradle\caches\modules-2\files-2.1\com.google.devtools.ksp\symbol-processing-aa-embeddable\2.2.0-RC-2.0.1\3795ce8b8f92b6e998e8ea11fb518a50f31364dd\symbol-processing-aa-embeddable-2.2.0-RC-2.0.1.jar: D8: 
MethodHandle.invoke and MethodHandle.invokeExact are only supported starting with Android O (--min-api 26): Lksp/com/intellij/openapi/application/PathManager;->vendorName()Ljava/lang/String;
ERROR: C:\Users\Pierre\.gradle\caches\modules-2\files-2.1\com.google.devtools.ksp\symbol-processing-aa-embeddable\2.2.0-RC-2.0.1\3795ce8b8f92b6e998e8ea11fb518a50f31364dd\symbol-processing-aa-embeddable-2.2.0-RC-2.0.1.jar: D8: 
MethodHandle.invoke and MethodHandle.invokeExact are only supported starting with Android O (--min-api 26): Lksp/com/intellij/util/containers/Unsafe;->compareAndSwapInt(Ljava/lang/Object;JII)Z
ERROR: C:\Users\Pierre\.gradle\caches\modules-2\files-2.1\com.google.devtools.ksp\symbol-processing-aa-embeddable\2.2.0-RC-2.0.1\3795ce8b8f92b6e998e8ea11fb518a50f31364dd\symbol-processing-aa-embeddable-2.2.0-RC-2.0.1.jar: D8: 
MethodHandle.invoke and MethodHandle.invokeExact are only supported starting with Android O (--min-api 26): Lksp/com/intellij/util/containers/Unsafe;->compareAndSwapLong(Ljava/lang/Object;JJJ)Z
ERROR: C:\Users\Pierre\.gradle\caches\modules-2\files-2.1\com.google.devtools.ksp\symbol-processing-aa-embeddable\2.2.0-RC-2.0.1\3795ce8b8f92b6e998e8ea11fb518a50f31364dd\symbol-processing-aa-embeddable-2.2.0-RC-2.0.1.jar: D8: 
MethodHandle.invoke and MethodHandle.invokeExact are only supported starting with Android O (--min-api 26): Lksp/com/intellij/util/containers/Unsafe;->getAndAddInt(Ljava/lang/Object;JI)I
ERROR: C:\Users\Pierre\.gradle\caches\modules-2\files-2.1\com.google.devtools.ksp\symbol-processing-aa-embeddable\2.2.0-RC-2.0.1\3795ce8b8f92b6e998e8ea11fb518a50f31364dd\symbol-processing-aa-embeddable-2.2.0-RC-2.0.1.jar: D8: 
MethodHandle.invoke and MethodHandle.invokeExact are only supported starting with Android O (--min-api 26): Lksp/com/intellij/util/containers/Unsafe;->getObjectVolatile(Ljava/lang/Object;J)Ljava/lang/Object;
ERROR: C:\Users\Pierre\.gradle\caches\modules-2\files-2.1\com.google.devtools.ksp\symbol-processing-aa-embeddable\2.2.0-RC-2.0.1\3795ce8b8f92b6e998e8ea11fb518a50f31364dd\symbol-processing-aa-embeddable-2.2.0-RC-2.0.1.jar: D8: 
MethodHandle.invoke and MethodHandle.invokeExact are only supported starting with Android O (--min-api 26): 
Lksp/com/intellij/util/containers/Unsafe;->compareAndSwapObject(Ljava/lang/Object;JLjava/lang/Object;Ljava/lang/Object;)Z
ERROR: C:\Users\Pierre\.gradle\caches\modules-2\files-2.1\com.google.devtools.ksp\symbol-processing-aa-embeddable\2.2.0-RC-2.0.1\3795ce8b8f92b6e998e8ea11fb518a50f31364dd\symbol-processing-aa-embeddable-2.2.0-RC-2.0.1.jar: D8: 
MethodHandle.invoke and MethodHandle.invokeExact are only supported starting with Android O (--min-api 26): Lksp/com/intellij/util/containers/Unsafe;->putObjectVolatile(Ljava/lang/Object;JLjava/lang/Object;)V
ERROR: C:\Users\Pierre\.gradle\caches\modules-2\files-2.1\com.google.devtools.ksp\symbol-processing-aa-embeddable\2.2.0-RC-2.0.1\3795ce8b8f92b6e998e8ea11fb518a50f31364dd\symbol-processing-aa-embeddable-2.2.0-RC-2.0.1.jar: D8: 
MethodHandle.invoke and MethodHandle.invokeExact are only supported starting with Android O (--min-api 26): Lksp/com/intellij/util/containers/Unsafe;->objectFieldOffset(Ljava/lang/reflect/Field;)J
ERROR: C:\Users\Pierre\.gradle\caches\modules-2\files-2.1\com.google.devtools.ksp\symbol-processing-aa-embeddable\2.2.0-RC-2.0.1\3795ce8b8f92b6e998e8ea11fb518a50f31364dd\symbol-processing-aa-embeddable-2.2.0-RC-2.0.1.jar: D8: 
MethodHandle.invoke and MethodHandle.invokeExact are only supported starting with Android O (--min-api 26): Lksp/com/intellij/util/containers/Unsafe;->arrayIndexScale(Ljava/lang/Class;)I
ERROR: C:\Users\Pierre\.gradle\caches\modules-2\files-2.1\com.google.devtools.ksp\symbol-processing-aa-embeddable\2.2.0-RC-2.0.1\3795ce8b8f92b6e998e8ea11fb518a50f31364dd\symbol-processing-aa-embeddable-2.2.0-RC-2.0.1.jar: D8: 
MethodHandle.invoke and MethodHandle.invokeExact are only supported starting with Android O (--min-api 26): Lksp/com/intellij/util/containers/Unsafe;->arrayBaseOffset(Ljava/lang/Class;)I
ERROR: C:\Users\Pierre\.gradle\caches\modules-2\files-2.1\com.google.devtools.ksp\symbol-processing-aa-embeddable\2.2.0-RC-2.0.1\3795ce8b8f92b6e998e8ea11fb518a50f31364dd\symbol-processing-aa-embeddable-2.2.0-RC-2.0.1.jar: D8: 
MethodHandle.invoke and MethodHandle.invokeExact are only supported starting with Android O (--min-api 26): Lksp/com/intellij/util/containers/Unsafe;->copyMemory(Ljava/lang/Object;JLjava/lang/Object;JJ)V
ERROR: C:\Users\Pierre\.gradle\caches\modules-2\files-2.1\com.google.devtools.ksp\symbol-processing-aa-embeddable\2.2.0-RC-2.0.1\3795ce8b8f92b6e998e8ea11fb518a50f31364dd\symbol-processing-aa-embeddable-2.2.0-RC-2.0.1.jar: D8: 
MethodHandle.invoke and MethodHandle.invokeExact are only supported starting with Android O (--min-api 26): Lksp/com/intellij/util/ui/EDT;->dispatchAllInvocationEvents()V
ERROR: C:\Users\Pierre\.gradle\caches\modules-2\files-2.1\org.jetbrains.kotlin\kotlin-compiler-embeddable\2.2.0\8cfa2b049a4006d94474296df4abd9b50f288821\kotlin-compiler-embeddable-2.2.0.jar: D8: MethodHandle.invoke and 
MethodHandle.invokeExact are only supported starting with Android O (--min-api 26): Lorg/jetbrains/kotlin/com/intellij/util/lang/UrlClassLoader;->logError(Ljava/lang/String;Ljava/lang/Throwable;)V
ERROR: C:\Users\Pierre\.gradle\caches\modules-2\files-2.1\com.google.devtools.ksp\symbol-processing-aa-embeddable\2.2.0-RC-2.0.1\3795ce8b8f92b6e998e8ea11fb518a50f31364dd\symbol-processing-aa-embeddable-2.2.0-RC-2.0.1.jar: D8: 
MethodHandle.invoke and MethodHandle.invokeExact are only supported starting with Android O (--min-api 26): Lksp/com/intellij/execution/process/UnixProcessManager;->getSignalNumber(Ljava/lang/String;)I
ERROR: C:\Users\Pierre\.gradle\caches\modules-2\files-2.1\org.jetbrains.kotlin\kotlin-compiler-embeddable\2.2.0\8cfa2b049a4006d94474296df4abd9b50f288821\kotlin-compiler-embeddable-2.2.0.jar: D8: MethodHandle.invoke and 
MethodHandle.invokeExact are only supported starting with Android O (--min-api 26): Lorg/jetbrains/kotlin/com/intellij/util/CompressionUtil;-><clinit>()V
ERROR: C:\Users\Pierre\.gradle\caches\modules-2\files-2.1\com.google.devtools.ksp\symbol-processing-aa-embeddable\2.2.0-RC-2.0.1\3795ce8b8f92b6e998e8ea11fb518a50f31364dd\symbol-processing-aa-embeddable-2.2.0-RC-2.0.1.jar: D8: 
MethodHandle.invoke and MethodHandle.invokeExact are only supported starting with Android O (--min-api 26): 
Lksp/com/intellij/util/messages/impl/MessageBusImplKt;->invokeMethod(Ljava/lang/Object;[Ljava/lang/Object;Ljava/lang/invoke/MethodHandle;)V
ERROR: C:\Users\Pierre\.gradle\caches\modules-2\files-2.1\com.google.devtools.ksp\symbol-processing-aa-embeddable\2.2.0-RC-2.0.1\3795ce8b8f92b6e998e8ea11fb518a50f31364dd\symbol-processing-aa-embeddable-2.2.0-RC-2.0.1.jar: D8: 
MethodHandle.invoke and MethodHandle.invokeExact are only supported starting with Android O (--min-api 26): 
Lksp/com/intellij/ide/plugins/ClassLoaderConfigurator;-><init>(Lksp/com/intellij/ide/plugins/PluginSet;Ljava/lang/ClassLoader;)V
ERROR: C:\Users\Pierre\.gradle\caches\modules-2\files-2.1\org.jetbrains.kotlin\kotlin-compiler-embeddable\2.2.0\8cfa2b049a4006d94474296df4abd9b50f288821\kotlin-compiler-embeddable-2.2.0.jar: D8: MethodHandle.invoke and 
MethodHandle.invokeExact are only supported starting with Android O (--min-api 26): Lorg/jetbrains/kotlin/com/intellij/DynamicBundle;->reorderParents(Ljava/util/Map;)V
ERROR: C:\Users\Pierre\.gradle\caches\modules-2\files-2.1\org.jetbrains.kotlin\kotlin-compiler-embeddable\2.2.0\8cfa2b049a4006d94474296df4abd9b50f288821\kotlin-compiler-embeddable-2.2.0.jar: D8: MethodHandle.invoke and 
MethodHandle.invokeExact are only supported starting with Android O (--min-api 26): Lorg/jetbrains/kotlin/com/intellij/util/io/ByteBufferUtil;->cleanBuffer(Ljava/nio/ByteBuffer;)Z
ERROR: C:\Users\Pierre\.gradle\caches\modules-2\files-2.1\org.jetbrains.kotlin\kotlin-compiler-embeddable\2.2.0\8cfa2b049a4006d94474296df4abd9b50f288821\kotlin-compiler-embeddable-2.2.0.jar: D8: MethodHandle.invoke and 
MethodHandle.invokeExact are only supported starting with Android O (--min-api 26): Lorg/jetbrains/kotlin/com/intellij/util/io/ByteBufferUtil;->copyMemory(Ljava/nio/ByteBuffer;I[BII)V
ERROR: C:\Users\Pierre\.gradle\caches\modules-2\files-2.1\com.google.devtools.ksp\symbol-processing-aa-embeddable\2.2.0-RC-2.0.1\3795ce8b8f92b6e998e8ea11fb518a50f31364dd\symbol-processing-aa-embeddable-2.2.0-RC-2.0.1.jar: D8: 
MethodHandle.invoke and MethodHandle.invokeExact are only supported starting with Android O (--min-api 26): Lksp/com/intellij/util/CompressionUtil;-><clinit>()V
ERROR: C:\Users\Pierre\.gradle\caches\modules-2\files-2.1\org.jetbrains.kotlin\kotlin-compiler-embeddable\2.2.0\8cfa2b049a4006d94474296df4abd9b50f288821\kotlin-compiler-embeddable-2.2.0.jar: D8: MethodHandle.invoke and 
MethodHandle.invokeExact are only supported starting with Android O (--min-api 26): Lorg/jetbrains/kotlin/com/intellij/util/ui/EDT;->dispatchAllInvocationEvents()V
Invalidating in-memory cache of C:\Users\Pierre\.gradle\caches\9.2.1\fileHashes\kotlinDslCompileAvoidanceClasspathHashCache.bin
Invalidating in-memory cache of C:\Users\Pierre\.gradle\caches\9.2.1\fileHashes\fileHashes.bin
Invalidating in-memory cache of C:\Users\Pierre\.gradle\caches\9.2.1\fileHashes\resourceHashesCache.bin
Invalidating in-memory cache of C:\Users\Pierre\.gradle\caches\9.2.1\fileHashes\kotlinDslCompileAvoidanceClasspathHashCache.bin
Invalidating in-memory cache of C:\Users\Pierre\.gradle\caches\9.2.1\fileHashes\fileHashes.bin
Invalidating in-memory cache of C:\Users\Pierre\.gradle\caches\9.2.1\fileHashes\resourceHashesCache.bin
Invalidating in-memory cache of C:\Users\Pierre\.gradle\caches\journal-1\file-access.bin

> Task :app:mergeExtDexDebug FAILED
Build 4dc2aeb8-8e24-4fc3-9c9f-24a53bd03209 is closed

FAILURE: Build completed with 2 failures.

1: Task failed with an exception.
-----------
* What went wrong:
Execution failed for task ':app:mergeDebugJavaResource'.
> A failure occurred while executing com.android.build.gradle.internal.tasks.MergeJavaResWorkAction
   > 2 files found with path 'messages/JavaOptionBundle.properties' from inputs:
      - com.google.devtools.ksp:symbol-processing-aa-embeddable:2.2.0-RC-2.0.1/symbol-processing-aa-embeddable-2.2.0-RC-2.0.1.jar
      - org.jetbrains.kotlin:kotlin-compiler-embeddable:2.2.0/kotlin-compiler-embeddable-2.2.0.jar
     Adding a packaging block may help, please refer to
     https://developer.android.com/reference/tools/gradle-api/com/android/build/api/dsl/Packaging
     for more information

* Try:
> Run with --stacktrace option to get the stack trace.
> Run with --debug option to get more log output.
> Run with --scan to generate a Build Scan (powered by Develocity).
> Get more help at https://help.gradle.org.
==============================================================================

2: Task failed with an exception.
-----------
* What went wrong:
Execution failed for task ':app:mergeExtDexDebug'.
> Could not resolve all files for configuration ':app:debugRuntimeClasspath'.
   > Failed to transform symbol-processing-aa-embeddable-2.2.0-RC-2.0.1.jar (com.google.devtools.ksp:symbol-processing-aa-embeddable:2.2.0-RC-2.0.1) to match attributes {artifactType=android-dex, 
dexing-component-attributes=ComponentSpecificParameters(minSdkVersion=24, debuggable=true, enableCoreLibraryDesugaring=false, enableGlobalSynthetics=false, enableApiModeling=false, dependenciesClassesAreInstrumented=false, 
asmTransformComponent=null, useJacocoTransformInstrumentation=false, enableDesugaring=true, needsClasspath=false, useFullClasspath=false, componentIfUsingFullClasspath=null), org.gradle.category=library, 
org.gradle.libraryelements=jar, org.gradle.status=release, org.gradle.usage=java-runtime}.
      > Execution failed for DexingNoClasspathTransform: 
C:\Users\Pierre\.gradle\caches\modules-2\files-2.1\com.google.devtools.ksp\symbol-processing-aa-embeddable\2.2.0-RC-2.0.1\3795ce8b8f92b6e998e8ea11fb518a50f31364dd\symbol-processing-aa-embeddable-2.2.0-RC-2.0.1.jar.
         > Error while dexing.
           Increase the minSdkVersion to 26 or above.

   > Failed to transform kotlin-compiler-embeddable-2.2.0.jar (org.jetbrains.kotlin:kotlin-compiler-embeddable:2.2.0) to match attributes {artifactType=android-dex, 
dexing-component-attributes=ComponentSpecificParameters(minSdkVersion=24, debuggable=true, enableCoreLibraryDesugaring=false, enableGlobalSynthetics=false, enableApiModeling=false, dependenciesClassesAreInstrumented=false, 
asmTransformComponent=null, useJacocoTransformInstrumentation=false, enableDesugaring=true, needsClasspath=false, useFullClasspath=false, componentIfUsingFullClasspath=null), org.gradle.category=library, 
org.gradle.libraryelements=jar, org.gradle.status=release, org.gradle.usage=java-runtime}.
      > Execution failed for DexingNoClasspathTransform: 
C:\Users\Pierre\.gradle\caches\modules-2\files-2.1\org.jetbrains.kotlin\kotlin-compiler-embeddable\2.2.0\8cfa2b049a4006d94474296df4abd9b50f288821\kotlin-compiler-embeddable-2.2.0.jar.
         > Error while dexing.
           Increase the minSdkVersion to 26 or above.

   > Failed to transform kotlin-annotation-processing-embeddable-2.2.0.jar (org.jetbrains.kotlin:kotlin-annotation-processing-embeddable:2.2.0) to match attributes {artifactType=android-dex, 
dexing-component-attributes=ComponentSpecificParameters(minSdkVersion=24, debuggable=true, enableCoreLibraryDesugaring=false, enableGlobalSynthetics=false, enableApiModeling=false, dependenciesClassesAreInstrumented=false, 
asmTransformComponent=null, useJacocoTransformInstrumentation=false, enableDesugaring=true, needsClasspath=false, useFullClasspath=false, componentIfUsingFullClasspath=null), org.gradle.category=library, 
org.gradle.libraryelements=jar, org.gradle.status=release, org.gradle.usage=java-runtime}.
      > Execution failed for DexingNoClasspathTransform: 
C:\Users\Pierre\.gradle\caches\modules-2\files-2.1\org.jetbrains.kotlin\kotlin-annotation-processing-embeddable\2.2.0\944a8b045adf3b81f32c5843229a90d3792dc7d8\kotlin-annotation-processing-embeddable-2.2.0.jar.
         > Error while dexing.
           Increase the minSdkVersion to 26 or above.


* Try:
> Run with --stacktrace option to get the stack trace.
> Run with --debug option to get more log output.
> Run with --scan to generate a Build Scan (powered by Develocity).
> Get more help at https://help.gradle.org.
==============================================================================

BUILD FAILED in 2m 19s
14 actionable tasks: 2 executed, 12 up-to-date
Watched directory hierarchies: [C:\Users\Pierre\AndroidStudioProjects\Projectfood\food-project]
