> Task :app:preBuild UP-TO-DATE
> Task :app:preDebugBuild UP-TO-DATE
> Task :app:mergeDebugNativeDebugMetadata NO-SOURCE
> Task :app:generateDebugResources
> Task :app:packageDebugResources
> Task :app:processDebugNavigationResources
> Task :app:generateDebugAssets UP-TO-DATE
> Task :app:javaPreCompileDebug
> Task :app:mergeDebugAssets
> Task :app:compressDebugAssets
> Task :app:desugarDebugFileDependencies
> Task :app:parseDebugLocalResources
> Task :app:checkDebugDuplicateClasses
> Task :app:checkDebugAarMetadata
> Task :app:generateDebugRFile

> Task :app:mergeExtDexDebug
.\gradlew.bat : ERROR: 
C:\Users\Pierre\.gradle\caches\modules-2\files-2.1\org.jetbrains.kotlin\kotlin-annotation-processing-embeddable\2.2.0\944a8b045adf3b81f32c5843229a90d3792dc7d8\kotlin-annotation-processing-embeddable-2.2.0.jar: D8: 
MethodHandle.invoke and MethodHandle.invokeExact are only supported starting with Android O (--min-api 26): Lorg/jetbrains/kotlin/kapt/base/util/ModuleManipulationUtilsKt;->openPackages(Ljava/util/Collection;)V
Au caractère Ligne:1 : 70
+ ... \food-project"; .\gradlew.bat assembleDebug --stacktrace 2>&1 | Tee-O ...
+                     ~~~~~~~~~~~~~~~~~~~~~~~~~~~~~~~~~~~~~~~~~~~~~
    + CategoryInfo          : NotSpecified: (ERROR: C:\Users...l/Collection;)V:String) [], RemoteException
    + FullyQualifiedErrorId : NativeCommandError
 
ERROR: C:\Users\Pierre\.gradle\caches\modules-2\files-2.1\com.google.devtools.ksp\symbol-processing-aa-embeddable\2.2.0-RC-2.0.1\3795ce8b8f92b6e998e8ea11fb518a50f31364dd\symbol-processing-aa-embeddable-2.2.0-RC-2.0.1.jar: D8: 
MethodHandle.invoke and MethodHandle.invokeExact are only supported starting with Android O (--min-api 26): Lksp/com/intellij/util/io/ByteBufferUtil;->cleanBuffer(Ljava/nio/ByteBuffer;)Z
ERROR: C:\Users\Pierre\.gradle\caches\modules-2\files-2.1\com.google.devtools.ksp\symbol-processing-aa-embeddable\2.2.0-RC-2.0.1\3795ce8b8f92b6e998e8ea11fb518a50f31364dd\symbol-processing-aa-embeddable-2.2.0-RC-2.0.1.jar: D8: 
MethodHandle.invoke and MethodHandle.invokeExact are only supported starting with Android O (--min-api 26): Lksp/com/intellij/util/io/ByteBufferUtil;->copyMemory(Ljava/nio/ByteBuffer;I[BII)V
ERROR: C:\Users\Pierre\.gradle\caches\modules-2\files-2.1\com.google.devtools.ksp\symbol-processing-aa-embeddable\2.2.0-RC-2.0.1\3795ce8b8f92b6e998e8ea11fb518a50f31364dd\symbol-processing-aa-embeddable-2.2.0-RC-2.0.1.jar: D8: 
MethodHandle.invoke and MethodHandle.invokeExact are only supported starting with Android O (--min-api 26): Lksp/com/intellij/util/io/ByteBufferUtil;->getAddress(Ljava/nio/ByteBuffer;)J
ERROR: C:\Users\Pierre\.gradle\caches\modules-2\files-2.1\org.jetbrains.kotlin\kotlin-compiler-embeddable\2.2.0\8cfa2b049a4006d94474296df4abd9b50f288821\kotlin-compiler-embeddable-2.2.0.jar: D8: MethodHandle.invoke and 
MethodHandle.invokeExact are only supported starting with Android O (--min-api 26): Lorg/jetbrains/kotlin/com/intellij/openapi/application/PathManager;->vendorName()Ljava/lang/String;
ERROR: C:\Users\Pierre\.gradle\caches\modules-2\files-2.1\org.jetbrains.kotlin\kotlin-compiler-embeddable\2.2.0\8cfa2b049a4006d94474296df4abd9b50f288821\kotlin-compiler-embeddable-2.2.0.jar: D8: MethodHandle.invoke and 
MethodHandle.invokeExact are only supported starting with Android O (--min-api 26): 
Lorg/jetbrains/kotlin/com/intellij/util/messages/impl/MessageBusImplKt;->invokeMethod(Ljava/lang/Object;[Ljava/lang/Object;Ljava/lang/invoke/MethodHandle;)V
ERROR: C:\Users\Pierre\.gradle\caches\modules-2\files-2.1\com.google.devtools.ksp\symbol-processing-aa-embeddable\2.2.0-RC-2.0.1\3795ce8b8f92b6e998e8ea11fb518a50f31364dd\symbol-processing-aa-embeddable-2.2.0-RC-2.0.1.jar: D8: 
MethodHandle.invoke and MethodHandle.invokeExact are only supported starting with Android O (--min-api 26): 
Lksp/com/intellij/ide/plugins/ClassLoaderConfiguratorKt;->configureUsingIdeaClassloader(Ljava/util/List;Lksp/com/intellij/ide/plugins/IdeaPluginDescriptorImpl;)Ljava/lang/ClassLoader;
ERROR: C:\Users\Pierre\.gradle\caches\modules-2\files-2.1\com.google.devtools.ksp\symbol-processing-aa-embeddable\2.2.0-RC-2.0.1\3795ce8b8f92b6e998e8ea11fb518a50f31364dd\symbol-processing-aa-embeddable-2.2.0-RC-2.0.1.jar: D8: 
MethodHandle.invoke and MethodHandle.invokeExact are only supported starting with Android O (--min-api 26): Lksp/com/intellij/util/lang/UrlClassLoader;->logError(Ljava/lang/String;Ljava/lang/Throwable;)V
ERROR: C:\Users\Pierre\.gradle\caches\modules-2\files-2.1\org.jetbrains.kotlin\kotlin-compiler-embeddable\2.2.0\8cfa2b049a4006d94474296df4abd9b50f288821\kotlin-compiler-embeddable-2.2.0.jar: D8: MethodHandle.invoke and 
MethodHandle.invokeExact are only supported starting with Android O (--min-api 26): Lorg/jetbrains/kotlin/com/intellij/util/containers/Unsafe;->compareAndSwapInt(Ljava/lang/Object;JII)Z
ERROR: C:\Users\Pierre\.gradle\caches\modules-2\files-2.1\org.jetbrains.kotlin\kotlin-compiler-embeddable\2.2.0\8cfa2b049a4006d94474296df4abd9b50f288821\kotlin-compiler-embeddable-2.2.0.jar: D8: MethodHandle.invoke and 
MethodHandle.invokeExact are only supported starting with Android O (--min-api 26): Lorg/jetbrains/kotlin/com/intellij/util/containers/Unsafe;->compareAndSwapLong(Ljava/lang/Object;JJJ)Z
ERROR: C:\Users\Pierre\.gradle\caches\modules-2\files-2.1\org.jetbrains.kotlin\kotlin-compiler-embeddable\2.2.0\8cfa2b049a4006d94474296df4abd9b50f288821\kotlin-compiler-embeddable-2.2.0.jar: D8: MethodHandle.invoke and 
MethodHandle.invokeExact are only supported starting with Android O (--min-api 26): Lorg/jetbrains/kotlin/com/intellij/util/containers/Unsafe;->getAndAddInt(Ljava/lang/Object;JI)I
ERROR: C:\Users\Pierre\.gradle\caches\modules-2\files-2.1\org.jetbrains.kotlin\kotlin-compiler-embeddable\2.2.0\8cfa2b049a4006d94474296df4abd9b50f288821\kotlin-compiler-embeddable-2.2.0.jar: D8: MethodHandle.invoke and 
MethodHandle.invokeExact are only supported starting with Android O (--min-api 26): Lorg/jetbrains/kotlin/com/intellij/util/containers/Unsafe;->getObjectVolatile(Ljava/lang/Object;J)Ljava/lang/Object;
ERROR: C:\Users\Pierre\.gradle\caches\modules-2\files-2.1\org.jetbrains.kotlin\kotlin-compiler-embeddable\2.2.0\8cfa2b049a4006d94474296df4abd9b50f288821\kotlin-compiler-embeddable-2.2.0.jar: D8: MethodHandle.invoke and 
MethodHandle.invokeExact are only supported starting with Android O (--min-api 26): Lorg/jetbrains/kotlin/com/intellij/util/containers/Unsafe;->compareAndSwapObject(Ljava/lang/Object;JLjava/lang/Object;Ljava/lang/Object;)Z
ERROR: C:\Users\Pierre\.gradle\caches\modules-2\files-2.1\org.jetbrains.kotlin\kotlin-compiler-embeddable\2.2.0\8cfa2b049a4006d94474296df4abd9b50f288821\kotlin-compiler-embeddable-2.2.0.jar: D8: MethodHandle.invoke and 
MethodHandle.invokeExact are only supported starting with Android O (--min-api 26): Lorg/jetbrains/kotlin/com/intellij/util/containers/Unsafe;->putObjectVolatile(Ljava/lang/Object;JLjava/lang/Object;)V
ERROR: C:\Users\Pierre\.gradle\caches\modules-2\files-2.1\org.jetbrains.kotlin\kotlin-compiler-embeddable\2.2.0\8cfa2b049a4006d94474296df4abd9b50f288821\kotlin-compiler-embeddable-2.2.0.jar: D8: MethodHandle.invoke and 
MethodHandle.invokeExact are only supported starting with Android O (--min-api 26): Lorg/jetbrains/kotlin/com/intellij/util/containers/Unsafe;->objectFieldOffset(Ljava/lang/reflect/Field;)J
ERROR: C:\Users\Pierre\.gradle\caches\modules-2\files-2.1\org.jetbrains.kotlin\kotlin-compiler-embeddable\2.2.0\8cfa2b049a4006d94474296df4abd9b50f288821\kotlin-compiler-embeddable-2.2.0.jar: D8: MethodHandle.invoke and 
MethodHandle.invokeExact are only supported starting with Android O (--min-api 26): Lorg/jetbrains/kotlin/com/intellij/util/containers/Unsafe;->arrayIndexScale(Ljava/lang/Class;)I
ERROR: C:\Users\Pierre\.gradle\caches\modules-2\files-2.1\org.jetbrains.kotlin\kotlin-compiler-embeddable\2.2.0\8cfa2b049a4006d94474296df4abd9b50f288821\kotlin-compiler-embeddable-2.2.0.jar: D8: MethodHandle.invoke and 
MethodHandle.invokeExact are only supported starting with Android O (--min-api 26): Lorg/jetbrains/kotlin/com/intellij/util/containers/Unsafe;->arrayBaseOffset(Ljava/lang/Class;)I
ERROR: C:\Users\Pierre\.gradle\caches\modules-2\files-2.1\org.jetbrains.kotlin\kotlin-compiler-embeddable\2.2.0\8cfa2b049a4006d94474296df4abd9b50f288821\kotlin-compiler-embeddable-2.2.0.jar: D8: MethodHandle.invoke and 
MethodHandle.invokeExact are only supported starting with Android O (--min-api 26): Lorg/jetbrains/kotlin/com/intellij/util/containers/Unsafe;->copyMemory(Ljava/lang/Object;JLjava/lang/Object;JJ)V
ERROR: C:\Users\Pierre\.gradle\caches\modules-2\files-2.1\com.google.devtools.ksp\symbol-processing-aa-embeddable\2.2.0-RC-2.0.1\3795ce8b8f92b6e998e8ea11fb518a50f31364dd\symbol-processing-aa-embeddable-2.2.0-RC-2.0.1.jar: D8: 
MethodHandle.invoke and MethodHandle.invokeExact are only supported starting with Android O (--min-api 26): Lksp/com/intellij/DynamicBundle;->reorderParents(Ljava/util/Map;)V
ERROR: C:\Users\Pierre\.gradle\caches\modules-2\files-2.1\com.google.devtools.ksp\symbol-processing-aa-embeddable\2.2.0-RC-2.0.1\3795ce8b8f92b6e998e8ea11fb518a50f31364dd\symbol-processing-aa-embeddable-2.2.0-RC-2.0.1.jar: D8: 
MethodHandle.invoke and MethodHandle.invokeExact are only supported starting with Android O (--min-api 26): Lksp/com/intellij/ui/IconManager$Companion;->activate(Lksp/com/intellij/ui/IconManager;)V
ERROR: C:\Users\Pierre\.gradle\caches\modules-2\files-2.1\com.google.devtools.ksp\symbol-processing-aa-embeddable\2.2.0-RC-2.0.1\3795ce8b8f92b6e998e8ea11fb518a50f31364dd\symbol-processing-aa-embeddable-2.2.0-RC-2.0.1.jar: D8: 
MethodHandle.invoke and MethodHandle.invokeExact are only supported starting with Android O (--min-api 26): Lksp/com/intellij/openapi/application/PathManager;->vendorName()Ljava/lang/String;
ERROR: C:\Users\Pierre\.gradle\caches\modules-2\files-2.1\com.google.devtools.ksp\symbol-processing-aa-embeddable\2.2.0-RC-2.0.1\3795ce8b8f92b6e998e8ea11fb518a50f31364dd\symbol-processing-aa-embeddable-2.2.0-RC-2.0.1.jar: D8: 
MethodHandle.invoke and MethodHandle.invokeExact are only supported starting with Android O (--min-api 26): Lksp/com/intellij/util/containers/Unsafe;->compareAndSwapInt(Ljava/lang/Object;JII)Z
ERROR: C:\Users\Pierre\.gradle\caches\modules-2\files-2.1\com.google.devtools.ksp\symbol-processing-aa-embeddable\2.2.0-RC-2.0.1\3795ce8b8f92b6e998e8ea11fb518a50f31364dd\symbol-processing-aa-embeddable-2.2.0-RC-2.0.1.jar: D8: 
MethodHandle.invoke and MethodHandle.invokeExact are only supported starting with Android O (--min-api 26): Lksp/com/intellij/util/containers/Unsafe;->compareAndSwapLong(Ljava/lang/Object;JJJ)Z
ERROR: C:\Users\Pierre\.gradle\caches\modules-2\files-2.1\com.google.devtools.ksp\symbol-processing-aa-embeddable\2.2.0-RC-2.0.1\3795ce8b8f92b6e998e8ea11fb518a50f31364dd\symbol-processing-aa-embeddable-2.2.0-RC-2.0.1.jar: D8: 
MethodHandle.invoke and MethodHandle.invokeExact are only supported starting with Android O (--min-api 26): Lksp/com/intellij/util/containers/Unsafe;->getAndAddInt(Ljava/lang/Object;JI)I
ERROR: C:\Users\Pierre\.gradle\caches\modules-2\files-2.1\com.google.devtools.ksp\symbol-processing-aa-embeddable\2.2.0-RC-2.0.1\3795ce8b8f92b6e998e8ea11fb518a50f31364dd\symbol-processing-aa-embeddable-2.2.0-RC-2.0.1.jar: D8: 
MethodHandle.invoke and MethodHandle.invokeExact are only supported starting with Android O (--min-api 26): Lksp/com/intellij/util/containers/Unsafe;->getObjectVolatile(Ljava/lang/Object;J)Ljava/lang/Object;
ERROR: C:\Users\Pierre\.gradle\caches\modules-2\files-2.1\com.google.devtools.ksp\symbol-processing-aa-embeddable\2.2.0-RC-2.0.1\3795ce8b8f92b6e998e8ea11fb518a50f31364dd\symbol-processing-aa-embeddable-2.2.0-RC-2.0.1.jar: D8: 
MethodHandle.invoke and MethodHandle.invokeExact are only supported starting with Android O (--min-api 26): 
Lksp/com/intellij/util/containers/Unsafe;->compareAndSwapObject(Ljava/lang/Object;JLjava/lang/Object;Ljava/lang/Object;)Z
ERROR: C:\Users\Pierre\.gradle\caches\modules-2\files-2.1\com.google.devtools.ksp\symbol-processing-aa-embeddable\2.2.0-RC-2.0.1\3795ce8b8f92b6e998e8ea11fb518a50f31364dd\symbol-processing-aa-embeddable-2.2.0-RC-2.0.1.jar: D8: 
MethodHandle.invoke and MethodHandle.invokeExact are only supported starting with Android O (--min-api 26): Lksp/com/intellij/util/containers/Unsafe;->putObjectVolatile(Ljava/lang/Object;JLjava/lang/Object;)V
ERROR: C:\Users\Pierre\.gradle\caches\modules-2\files-2.1\com.google.devtools.ksp\symbol-processing-aa-embeddable\2.2.0-RC-2.0.1\3795ce8b8f92b6e998e8ea11fb518a50f31364dd\symbol-processing-aa-embeddable-2.2.0-RC-2.0.1.jar: D8: 
MethodHandle.invoke and MethodHandle.invokeExact are only supported starting with Android O (--min-api 26): Lksp/com/intellij/util/containers/Unsafe;->objectFieldOffset(Ljava/lang/reflect/Field;)J
ERROR: C:\Users\Pierre\.gradle\caches\modules-2\files-2.1\com.google.devtools.ksp\symbol-processing-aa-embeddable\2.2.0-RC-2.0.1\3795ce8b8f92b6e998e8ea11fb518a50f31364dd\symbol-processing-aa-embeddable-2.2.0-RC-2.0.1.jar: D8: 
MethodHandle.invoke and MethodHandle.invokeExact are only supported starting with Android O (--min-api 26): Lksp/com/intellij/util/containers/Unsafe;->arrayIndexScale(Ljava/lang/Class;)I
ERROR: C:\Users\Pierre\.gradle\caches\modules-2\files-2.1\com.google.devtools.ksp\symbol-processing-aa-embeddable\2.2.0-RC-2.0.1\3795ce8b8f92b6e998e8ea11fb518a50f31364dd\symbol-processing-aa-embeddable-2.2.0-RC-2.0.1.jar: D8: 
MethodHandle.invoke and MethodHandle.invokeExact are only supported starting with Android O (--min-api 26): Lksp/com/intellij/util/containers/Unsafe;->arrayBaseOffset(Ljava/lang/Class;)I
ERROR: C:\Users\Pierre\.gradle\caches\modules-2\files-2.1\com.google.devtools.ksp\symbol-processing-aa-embeddable\2.2.0-RC-2.0.1\3795ce8b8f92b6e998e8ea11fb518a50f31364dd\symbol-processing-aa-embeddable-2.2.0-RC-2.0.1.jar: D8: 
MethodHandle.invoke and MethodHandle.invokeExact are only supported starting with Android O (--min-api 26): Lksp/com/intellij/util/containers/Unsafe;->copyMemory(Ljava/lang/Object;JLjava/lang/Object;JJ)V
ERROR: C:\Users\Pierre\.gradle\caches\modules-2\files-2.1\com.google.devtools.ksp\symbol-processing-aa-embeddable\2.2.0-RC-2.0.1\3795ce8b8f92b6e998e8ea11fb518a50f31364dd\symbol-processing-aa-embeddable-2.2.0-RC-2.0.1.jar: D8: 
MethodHandle.invoke and MethodHandle.invokeExact are only supported starting with Android O (--min-api 26): Lksp/com/intellij/util/ui/EDT;->dispatchAllInvocationEvents()V
ERROR: C:\Users\Pierre\.gradle\caches\modules-2\files-2.1\org.jetbrains.kotlin\kotlin-compiler-embeddable\2.2.0\8cfa2b049a4006d94474296df4abd9b50f288821\kotlin-compiler-embeddable-2.2.0.jar: D8: MethodHandle.invoke and 
MethodHandle.invokeExact are only supported starting with Android O (--min-api 26): Lorg/jetbrains/kotlin/com/intellij/util/lang/UrlClassLoader;->logError(Ljava/lang/String;Ljava/lang/Throwable;)V
ERROR: C:\Users\Pierre\.gradle\caches\modules-2\files-2.1\com.google.devtools.ksp\symbol-processing-aa-embeddable\2.2.0-RC-2.0.1\3795ce8b8f92b6e998e8ea11fb518a50f31364dd\symbol-processing-aa-embeddable-2.2.0-RC-2.0.1.jar: D8: 
MethodHandle.invoke and MethodHandle.invokeExact are only supported starting with Android O (--min-api 26): Lksp/com/intellij/execution/process/UnixProcessManager;->getSignalNumber(Ljava/lang/String;)I
ERROR: C:\Users\Pierre\.gradle\caches\modules-2\files-2.1\org.jetbrains.kotlin\kotlin-compiler-embeddable\2.2.0\8cfa2b049a4006d94474296df4abd9b50f288821\kotlin-compiler-embeddable-2.2.0.jar: D8: MethodHandle.invoke and 
MethodHandle.invokeExact are only supported starting with Android O (--min-api 26): Lorg/jetbrains/kotlin/com/intellij/util/CompressionUtil;-><clinit>()V
ERROR: C:\Users\Pierre\.gradle\caches\modules-2\files-2.1\com.google.devtools.ksp\symbol-processing-aa-embeddable\2.2.0-RC-2.0.1\3795ce8b8f92b6e998e8ea11fb518a50f31364dd\symbol-processing-aa-embeddable-2.2.0-RC-2.0.1.jar: D8: 
MethodHandle.invoke and MethodHandle.invokeExact are only supported starting with Android O (--min-api 26): 
Lksp/com/intellij/util/messages/impl/MessageBusImplKt;->invokeMethod(Ljava/lang/Object;[Ljava/lang/Object;Ljava/lang/invoke/MethodHandle;)V
ERROR: C:\Users\Pierre\.gradle\caches\modules-2\files-2.1\com.google.devtools.ksp\symbol-processing-aa-embeddable\2.2.0-RC-2.0.1\3795ce8b8f92b6e998e8ea11fb518a50f31364dd\symbol-processing-aa-embeddable-2.2.0-RC-2.0.1.jar: D8: 
MethodHandle.invoke and MethodHandle.invokeExact are only supported starting with Android O (--min-api 26): 
Lksp/com/intellij/ide/plugins/ClassLoaderConfigurator;-><init>(Lksp/com/intellij/ide/plugins/PluginSet;Ljava/lang/ClassLoader;)V
ERROR: C:\Users\Pierre\.gradle\caches\modules-2\files-2.1\org.jetbrains.kotlin\kotlin-compiler-embeddable\2.2.0\8cfa2b049a4006d94474296df4abd9b50f288821\kotlin-compiler-embeddable-2.2.0.jar: D8: MethodHandle.invoke and 
MethodHandle.invokeExact are only supported starting with Android O (--min-api 26): Lorg/jetbrains/kotlin/com/intellij/DynamicBundle;->reorderParents(Ljava/util/Map;)V
ERROR: C:\Users\Pierre\.gradle\caches\modules-2\files-2.1\org.jetbrains.kotlin\kotlin-compiler-embeddable\2.2.0\8cfa2b049a4006d94474296df4abd9b50f288821\kotlin-compiler-embeddable-2.2.0.jar: D8: MethodHandle.invoke and 
MethodHandle.invokeExact are only supported starting with Android O (--min-api 26): Lorg/jetbrains/kotlin/com/intellij/util/io/ByteBufferUtil;->cleanBuffer(Ljava/nio/ByteBuffer;)Z
ERROR: C:\Users\Pierre\.gradle\caches\modules-2\files-2.1\org.jetbrains.kotlin\kotlin-compiler-embeddable\2.2.0\8cfa2b049a4006d94474296df4abd9b50f288821\kotlin-compiler-embeddable-2.2.0.jar: D8: MethodHandle.invoke and 
MethodHandle.invokeExact are only supported starting with Android O (--min-api 26): Lorg/jetbrains/kotlin/com/intellij/util/io/ByteBufferUtil;->copyMemory(Ljava/nio/ByteBuffer;I[BII)V
ERROR: C:\Users\Pierre\.gradle\caches\modules-2\files-2.1\com.google.devtools.ksp\symbol-processing-aa-embeddable\2.2.0-RC-2.0.1\3795ce8b8f92b6e998e8ea11fb518a50f31364dd\symbol-processing-aa-embeddable-2.2.0-RC-2.0.1.jar: D8: 
MethodHandle.invoke and MethodHandle.invokeExact are only supported starting with Android O (--min-api 26): Lksp/com/intellij/util/CompressionUtil;-><clinit>()V
ERROR: C:\Users\Pierre\.gradle\caches\modules-2\files-2.1\org.jetbrains.kotlin\kotlin-compiler-embeddable\2.2.0\8cfa2b049a4006d94474296df4abd9b50f288821\kotlin-compiler-embeddable-2.2.0.jar: D8: MethodHandle.invoke and 
MethodHandle.invokeExact are only supported starting with Android O (--min-api 26): Lorg/jetbrains/kotlin/com/intellij/util/ui/EDT;->dispatchAllInvocationEvents()V

> Task :app:mergeExtDexDebug FAILED

FAILURE: Build failed with an exception.

* What went wrong:
Execution failed for task ':app:mergeExtDexDebug'.
> Could not resolve all files for configuration ':app:debugRuntimeClasspath'.
   > Failed to transform symbol-processing-aa-embeddable-2.2.0-RC-2.0.1.jar (com.google.devtools.ksp:symbol-processing-aa-embeddable:2.2.0-RC-2.0.1) to match attributes {artifactType=android-dex, 
dexing-component-attributes=ComponentSpecificParameters(minSdkVersion=24, debuggable=true, enableCoreLibraryDesugaring=false, enableGlobalSynthetics=false, enableApiModeling=false, dependenciesClassesAreInstrumented=false, 
asmTransformComponent=null, useJacocoTransformInstrumentation=false, enableDesugaring=true, needsClasspath=false, useFullClasspath=false, componentIfUsingFullClasspath=null), org.gradle.category=library, 
org.gradle.libraryelements=jar, org.gradle.status=release, org.gradle.usage=java-runtime}.
      > Execution failed for DexingNoClasspathTransform: 
C:\Users\Pierre\.gradle\caches\modules-2\files-2.1\com.google.devtools.ksp\symbol-processing-aa-embeddable\2.2.0-RC-2.0.1\3795ce8b8f92b6e998e8ea11fb518a50f31364dd\symbol-processing-aa-embeddable-2.2.0-RC-2.0.1.jar.
         > Error while dexing.
           Increase the minSdkVersion to 26 or above.

   > Failed to transform kotlin-compiler-embeddable-2.2.0.jar (org.jetbrains.kotlin:kotlin-compiler-embeddable:2.2.0) to match attributes {artifactType=android-dex, 
dexing-component-attributes=ComponentSpecificParameters(minSdkVersion=24, debuggable=true, enableCoreLibraryDesugaring=false, enableGlobalSynthetics=false, enableApiModeling=false, dependenciesClassesAreInstrumented=false, 
asmTransformComponent=null, useJacocoTransformInstrumentation=false, enableDesugaring=true, needsClasspath=false, useFullClasspath=false, componentIfUsingFullClasspath=null), org.gradle.category=library, 
org.gradle.libraryelements=jar, org.gradle.status=release, org.gradle.usage=java-runtime}.
      > Execution failed for DexingNoClasspathTransform: 
C:\Users\Pierre\.gradle\caches\modules-2\files-2.1\org.jetbrains.kotlin\kotlin-compiler-embeddable\2.2.0\8cfa2b049a4006d94474296df4abd9b50f288821\kotlin-compiler-embeddable-2.2.0.jar.
         > Error while dexing.
           Increase the minSdkVersion to 26 or above.

   > Failed to transform kotlin-annotation-processing-embeddable-2.2.0.jar (org.jetbrains.kotlin:kotlin-annotation-processing-embeddable:2.2.0) to match attributes {artifactType=android-dex, 
dexing-component-attributes=ComponentSpecificParameters(minSdkVersion=24, debuggable=true, enableCoreLibraryDesugaring=false, enableGlobalSynthetics=false, enableApiModeling=false, dependenciesClassesAreInstrumented=false, 
asmTransformComponent=null, useJacocoTransformInstrumentation=false, enableDesugaring=true, needsClasspath=false, useFullClasspath=false, componentIfUsingFullClasspath=null), org.gradle.category=library, 
org.gradle.libraryelements=jar, org.gradle.status=release, org.gradle.usage=java-runtime}.
      > Execution failed for DexingNoClasspathTransform: 
C:\Users\Pierre\.gradle\caches\modules-2\files-2.1\org.jetbrains.kotlin\kotlin-annotation-processing-embeddable\2.2.0\944a8b045adf3b81f32c5843229a90d3792dc7d8\kotlin-annotation-processing-embeddable-2.2.0.jar.
         > Error while dexing.
           Increase the minSdkVersion to 26 or above.


* Try:
> Run with --info or --debug option to get more log output.
> Run with --scan to generate a Build Scan (powered by Develocity).
> Get more help at https://help.gradle.org.

* Exception is:
org.gradle.api.tasks.TaskExecutionException: Execution failed for task ':app:mergeExtDexDebug'.
	at org.gradle.api.internal.tasks.execution.CatchExceptionTaskExecuter.execute(CatchExceptionTaskExecuter.java:38)
	at org.gradle.api.internal.tasks.execution.EventFiringTaskExecuter$1.executeTask(EventFiringTaskExecuter.java:77)
	at org.gradle.api.internal.tasks.execution.EventFiringTaskExecuter$1.call(EventFiringTaskExecuter.java:55)
	at org.gradle.api.internal.tasks.execution.EventFiringTaskExecuter$1.call(EventFiringTaskExecuter.java:52)
	at org.gradle.internal.operations.DefaultBuildOperationRunner$CallableBuildOperationWorker.execute(DefaultBuildOperationRunner.java:209)
	at org.gradle.internal.operations.DefaultBuildOperationRunner$CallableBuildOperationWorker.execute(DefaultBuildOperationRunner.java:204)
	at org.gradle.internal.operations.DefaultBuildOperationRunner$2.execute(DefaultBuildOperationRunner.java:66)
	at org.gradle.internal.operations.DefaultBuildOperationRunner$2.execute(DefaultBuildOperationRunner.java:59)
	at org.gradle.internal.operations.DefaultBuildOperationRunner.execute(DefaultBuildOperationRunner.java:166)
	at org.gradle.internal.operations.DefaultBuildOperationRunner.execute(DefaultBuildOperationRunner.java:59)
	at org.gradle.internal.operations.DefaultBuildOperationRunner.call(DefaultBuildOperationRunner.java:53)
	at org.gradle.api.internal.tasks.execution.EventFiringTaskExecuter.execute(EventFiringTaskExecuter.java:52)
	at org.gradle.execution.plan.DefaultNodeExecutor.executeLocalTaskNode(DefaultNodeExecutor.java:55)
	at org.gradle.execution.plan.DefaultNodeExecutor.execute(DefaultNodeExecutor.java:34)
	at org.gradle.execution.taskgraph.DefaultTaskExecutionGraph$InvokeNodeExecutorsAction.execute(DefaultTaskExecutionGraph.java:355)
	at org.gradle.execution.taskgraph.DefaultTaskExecutionGraph$InvokeNodeExecutorsAction.execute(DefaultTaskExecutionGraph.java:343)
	at org.gradle.execution.taskgraph.DefaultTaskExecutionGraph$BuildOperationAwareExecutionAction.lambda$execute$0(DefaultTaskExecutionGraph.java:339)
	at org.gradle.internal.operations.CurrentBuildOperationRef.with(CurrentBuildOperationRef.java:84)
	at org.gradle.execution.taskgraph.DefaultTaskExecutionGraph$BuildOperationAwareExecutionAction.execute(DefaultTaskExecutionGraph.java:339)
	at org.gradle.execution.taskgraph.DefaultTaskExecutionGraph$BuildOperationAwareExecutionAction.execute(DefaultTaskExecutionGraph.java:328)
	at org.gradle.execution.plan.DefaultPlanExecutor$ExecutorWorker.execute(DefaultPlanExecutor.java:459)
	at org.gradle.execution.plan.DefaultPlanExecutor$ExecutorWorker.run(DefaultPlanExecutor.java:376)
	at org.gradle.internal.concurrent.ExecutorPolicy$CatchAndRecordFailures.onExecute(ExecutorPolicy.java:64)
	at org.gradle.internal.concurrent.AbstractManagedExecutor$1.run(AbstractManagedExecutor.java:47)
Caused by: org.gradle.api.internal.artifacts.ivyservice.TypedResolveException: Could not resolve all files for configuration ':app:debugRuntimeClasspath'.
	at org.gradle.api.internal.artifacts.ResolveExceptionMapper.mapFailures(ResolveExceptionMapper.java:61)
	at org.gradle.api.internal.artifacts.configurations.DefaultConfiguration$DefaultResolutionHost.consolidateFailures(DefaultConfiguration.java:1740)
	at org.gradle.api.internal.artifacts.configurations.ResolutionHost.rethrowFailuresAndReportProblems(ResolutionHost.java:75)
	at org.gradle.api.internal.artifacts.configurations.ResolutionBackedFileCollection.maybeThrowResolutionFailures(ResolutionBackedFileCollection.java:86)
	at org.gradle.api.internal.artifacts.configurations.ResolutionBackedFileCollection.visitContents(ResolutionBackedFileCollection.java:76)
	at org.gradle.api.internal.file.AbstractFileCollection.visitStructure(AbstractFileCollection.java:361)
	at org.gradle.api.internal.file.CompositeFileCollection.lambda$visitContents$0(CompositeFileCollection.java:112)
	at org.gradle.api.internal.file.collections.UnpackingVisitor.add(UnpackingVisitor.java:66)
	at org.gradle.api.internal.file.collections.UnpackingVisitor.add(UnpackingVisitor.java:91)
	at org.gradle.api.internal.file.DefaultFileCollectionFactory$ResolvingFileCollection.visitChildren(DefaultFileCollectionFactory.java:311)
	at org.gradle.api.internal.file.CompositeFileCollection.visitContents(CompositeFileCollection.java:112)
	at org.gradle.api.internal.file.AbstractFileCollection.visitStructure(AbstractFileCollection.java:361)
	at org.gradle.api.internal.file.CompositeFileCollection.lambda$visitContents$0(CompositeFileCollection.java:112)
	at org.gradle.api.internal.tasks.PropertyFileCollection.visitChildren(PropertyFileCollection.java:48)
	at org.gradle.api.internal.file.CompositeFileCollection.visitContents(CompositeFileCollection.java:112)
	at org.gradle.api.internal.file.AbstractFileCollection.visitStructure(AbstractFileCollection.java:361)
	at org.gradle.internal.fingerprint.impl.DefaultFileCollectionSnapshotter.snapshot(DefaultFileCollectionSnapshotter.java:48)
	at org.gradle.internal.execution.impl.DefaultInputFingerprinter$InputCollectingVisitor.visitInputFileProperty(DefaultInputFingerprinter.java:153)
	at org.gradle.api.internal.tasks.execution.TaskExecution.visitRegularInputs(TaskExecution.java:332)
	at org.gradle.internal.execution.impl.DefaultInputFingerprinter.fingerprintInputProperties(DefaultInputFingerprinter.java:79)
	at org.gradle.internal.execution.steps.AbstractCaptureStateBeforeExecutionStep.captureExecutionStateWithOutputs(AbstractCaptureStateBeforeExecutionStep.java:121)
	at org.gradle.internal.execution.steps.AbstractCaptureStateBeforeExecutionStep.lambda$captureExecutionState$0(AbstractCaptureStateBeforeExecutionStep.java:86)
	at org.gradle.internal.execution.steps.BuildOperationStep$1.call(BuildOperationStep.java:37)
	at org.gradle.internal.operations.DefaultBuildOperationRunner$CallableBuildOperationWorker.execute(DefaultBuildOperationRunner.java:209)
	at org.gradle.internal.operations.DefaultBuildOperationRunner$CallableBuildOperationWorker.execute(DefaultBuildOperationRunner.java:204)
	at org.gradle.internal.operations.DefaultBuildOperationRunner$2.execute(DefaultBuildOperationRunner.java:66)
	at org.gradle.internal.operations.DefaultBuildOperationRunner$2.execute(DefaultBuildOperationRunner.java:59)
	at org.gradle.internal.operations.DefaultBuildOperationRunner.execute(DefaultBuildOperationRunner.java:166)
	at org.gradle.internal.operations.DefaultBuildOperationRunner.execute(DefaultBuildOperationRunner.java:59)
	at org.gradle.internal.operations.DefaultBuildOperationRunner.call(DefaultBuildOperationRunner.java:53)
	at org.gradle.internal.execution.steps.BuildOperationStep.operation(BuildOperationStep.java:34)
	at org.gradle.internal.execution.steps.AbstractCaptureStateBeforeExecutionStep.captureExecutionState(AbstractCaptureStateBeforeExecutionStep.java:81)
	at org.gradle.internal.execution.steps.AbstractCaptureStateBeforeExecutionStep.execute(AbstractCaptureStateBeforeExecutionStep.java:65)
	at org.gradle.internal.execution.steps.AbstractCaptureStateBeforeExecutionStep.execute(AbstractCaptureStateBeforeExecutionStep.java:45)
	at org.gradle.internal.execution.steps.AbstractSkipEmptyWorkStep.executeWithNonEmptySources(AbstractSkipEmptyWorkStep.java:136)
	at org.gradle.internal.execution.steps.AbstractSkipEmptyWorkStep.execute(AbstractSkipEmptyWorkStep.java:61)
	at org.gradle.internal.execution.steps.AbstractSkipEmptyWorkStep.execute(AbstractSkipEmptyWorkStep.java:38)
	at org.gradle.internal.execution.steps.legacy.MarkSnapshottingInputsStartedStep.execute(MarkSnapshottingInputsStartedStep.java:38)
	at org.gradle.internal.execution.steps.LoadPreviousExecutionStateStep.execute(LoadPreviousExecutionStateStep.java:36)
	at org.gradle.internal.execution.steps.LoadPreviousExecutionStateStep.execute(LoadPreviousExecutionStateStep.java:23)
	at org.gradle.internal.execution.steps.HandleStaleOutputsStep.execute(HandleStaleOutputsStep.java:75)
	at org.gradle.internal.execution.steps.HandleStaleOutputsStep.execute(HandleStaleOutputsStep.java:41)
	at org.gradle.internal.execution.steps.AssignMutableWorkspaceStep.lambda$execute$0(AssignMutableWorkspaceStep.java:35)
	at org.gradle.api.internal.tasks.execution.TaskExecution$4.withWorkspace(TaskExecution.java:297)
	at org.gradle.internal.execution.steps.AssignMutableWorkspaceStep.execute(AssignMutableWorkspaceStep.java:31)
	at org.gradle.internal.execution.steps.AssignMutableWorkspaceStep.execute(AssignMutableWorkspaceStep.java:22)
	at org.gradle.internal.execution.steps.ChoosePipelineStep.execute(ChoosePipelineStep.java:40)
	at org.gradle.internal.execution.steps.ChoosePipelineStep.execute(ChoosePipelineStep.java:23)
	at org.gradle.internal.execution.steps.ExecuteWorkBuildOperationFiringStep.lambda$execute$2(ExecuteWorkBuildOperationFiringStep.java:67)
	at org.gradle.internal.execution.steps.ExecuteWorkBuildOperationFiringStep.execute(ExecuteWorkBuildOperationFiringStep.java:67)
	at org.gradle.internal.execution.steps.ExecuteWorkBuildOperationFiringStep.execute(ExecuteWorkBuildOperationFiringStep.java:39)
	at org.gradle.internal.execution.steps.IdentityCacheStep.execute(IdentityCacheStep.java:46)
	at org.gradle.internal.execution.steps.IdentityCacheStep.execute(IdentityCacheStep.java:34)
	at org.gradle.internal.execution.steps.IdentifyStep.execute(IdentifyStep.java:44)
	at org.gradle.internal.execution.steps.IdentifyStep.execute(IdentifyStep.java:31)
	at org.gradle.internal.execution.impl.DefaultExecutionEngine$1.execute(DefaultExecutionEngine.java:64)
	at org.gradle.api.internal.tasks.execution.ExecuteActionsTaskExecuter.executeIfValid(ExecuteActionsTaskExecuter.java:132)
	at org.gradle.api.internal.tasks.execution.ExecuteActionsTaskExecuter.execute(ExecuteActionsTaskExecuter.java:121)
	at org.gradle.api.internal.tasks.execution.ProblemsTaskPathTrackingTaskExecuter.execute(ProblemsTaskPathTrackingTaskExecuter.java:41)
	at org.gradle.api.internal.tasks.execution.FinalizePropertiesTaskExecuter.execute(FinalizePropertiesTaskExecuter.java:46)
	at org.gradle.api.internal.tasks.execution.ResolveTaskExecutionModeExecuter.execute(ResolveTaskExecutionModeExecuter.java:51)
	at org.gradle.api.internal.tasks.execution.SkipTaskWithNoActionsExecuter.execute(SkipTaskWithNoActionsExecuter.java:57)
	at org.gradle.api.internal.tasks.execution.SkipOnlyIfTaskExecuter.execute(SkipOnlyIfTaskExecuter.java:74)
	at org.gradle.api.internal.tasks.execution.CatchExceptionTaskExecuter.execute(CatchExceptionTaskExecuter.java:36)
	... 23 more
Cause 1: org.gradle.api.internal.artifacts.transform.TransformException: Failed to transform symbol-processing-aa-embeddable-2.2.0-RC-2.0.1.jar (com.google.devtools.ksp:symbol-processing-aa-embeddable:2.2.0-RC-2.0.1) to match 
attributes {artifactType=android-dex, dexing-component-attributes=ComponentSpecificParameters(minSdkVersion=24, debuggable=true, enableCoreLibraryDesugaring=false, enableGlobalSynthetics=false, enableApiModeling=false, 
dependenciesClassesAreInstrumented=false, asmTransformComponent=null, useJacocoTransformInstrumentation=false, enableDesugaring=true, needsClasspath=false, useFullClasspath=false, componentIfUsingFullClasspath=null), 
org.gradle.category=library, org.gradle.libraryelements=jar, org.gradle.status=release, org.gradle.usage=java-runtime}.
	at org.gradle.api.internal.artifacts.transform.TransformingAsyncArtifactListener$TransformedArtifact.lambda$visit$4(TransformingAsyncArtifactListener.java:256)
	at org.gradle.internal.Try$Failure.ifSuccessfulOrElse(Try.java:288)
	at org.gradle.api.internal.artifacts.transform.TransformingAsyncArtifactListener$TransformedArtifact.visit(TransformingAsyncArtifactListener.java:248)
	at org.gradle.api.internal.artifacts.ivyservice.resolveengine.artifact.ParallelResolveArtifactSet$VisitingSet$StartVisitAction.visitResults(ParallelResolveArtifactSet.java:100)
	at org.gradle.api.internal.artifacts.ivyservice.resolveengine.artifact.ParallelResolveArtifactSet$VisitingSet.visit(ParallelResolveArtifactSet.java:69)
	at org.gradle.api.internal.artifacts.ivyservice.resolveengine.artifact.ResolvedArtifactSetResolver$1.run(ResolvedArtifactSetResolver.java:68)
	at org.gradle.internal.operations.DefaultBuildOperationRunner$1.execute(DefaultBuildOperationRunner.java:29)
	at org.gradle.internal.operations.DefaultBuildOperationRunner$1.execute(DefaultBuildOperationRunner.java:26)
	at org.gradle.internal.operations.DefaultBuildOperationRunner$2.execute(DefaultBuildOperationRunner.java:66)
	at org.gradle.internal.operations.DefaultBuildOperationRunner$2.execute(DefaultBuildOperationRunner.java:59)
	at org.gradle.internal.operations.DefaultBuildOperationRunner.execute(DefaultBuildOperationRunner.java:166)
	at org.gradle.internal.operations.DefaultBuildOperationRunner.execute(DefaultBuildOperationRunner.java:59)
	at org.gradle.internal.operations.DefaultBuildOperationRunner.run(DefaultBuildOperationRunner.java:47)
	at org.gradle.api.internal.artifacts.ivyservice.resolveengine.artifact.ResolvedArtifactSetResolver.visitArtifacts(ResolvedArtifactSetResolver.java:65)
	at org.gradle.api.internal.artifacts.ivyservice.resolveengine.artifact.ResolvedArtifactSetResolver.lambda$visitInUnmanagedWorkerThread$0(ResolvedArtifactSetResolver.java:61)
	at org.gradle.internal.work.DefaultWorkerLeaseService.runAsUnmanagedWorkerThread(DefaultWorkerLeaseService.java:139)
	at org.gradle.api.internal.artifacts.ivyservice.resolveengine.artifact.ResolvedArtifactSetResolver.visitInUnmanagedWorkerThread(ResolvedArtifactSetResolver.java:61)
	at org.gradle.api.internal.artifacts.ivyservice.resolveengine.artifact.DefaultSelectedArtifactSet.visitArtifacts(DefaultSelectedArtifactSet.java:59)
	at org.gradle.api.internal.artifacts.configurations.ResolutionResultProviderBackedSelectedArtifactSet.visitArtifacts(ResolutionResultProviderBackedSelectedArtifactSet.java:52)
	at org.gradle.api.internal.artifacts.ivyservice.resolveengine.artifact.SelectedArtifactSet.visitFiles(SelectedArtifactSet.java:34)
	at org.gradle.api.internal.artifacts.configurations.ResolutionBackedFileCollection.visitContents(ResolutionBackedFileCollection.java:75)
	... 82 more
Caused by: org.gradle.api.internal.artifacts.transform.TransformException: Execution failed for DexingNoClasspathTransform: 
C:\Users\Pierre\.gradle\caches\modules-2\files-2.1\com.google.devtools.ksp\symbol-processing-aa-embeddable\2.2.0-RC-2.0.1\3795ce8b8f92b6e998e8ea11fb518a50f31364dd\symbol-processing-aa-embeddable-2.2.0-RC-2.0.1.jar.
	at org.gradle.api.internal.artifacts.transform.DefaultTransformInvocationFactory.lambda$createInvocation$1(DefaultTransformInvocationFactory.java:167)
	at org.gradle.internal.Try$Failure.mapFailure(Try.java:279)
	at org.gradle.api.internal.artifacts.transform.DefaultTransformInvocationFactory.lambda$createInvocation$2(DefaultTransformInvocationFactory.java:167)
	at org.gradle.internal.Deferrable$1.applyAndRequireNonNull(Deferrable.java:63)
	at org.gradle.internal.Deferrable$1.completeAndGet(Deferrable.java:59)
	at org.gradle.internal.Deferrable$1.completeAndGet(Deferrable.java:59)
	at org.gradle.api.internal.artifacts.transform.TransformingAsyncArtifactListener$TransformedArtifact.finalizeValue(TransformingAsyncArtifactListener.java:222)
	at org.gradle.api.internal.artifacts.transform.TransformingAsyncArtifactListener$TransformedArtifact.run(TransformingAsyncArtifactListener.java:160)
	at org.gradle.internal.operations.DefaultBuildOperationRunner$2.execute(DefaultBuildOperationRunner.java:66)
	at org.gradle.internal.operations.DefaultBuildOperationRunner$2.execute(DefaultBuildOperationRunner.java:59)
	at org.gradle.internal.operations.DefaultBuildOperationRunner.execute(DefaultBuildOperationRunner.java:166)
	at org.gradle.internal.operations.DefaultBuildOperationRunner.execute(DefaultBuildOperationRunner.java:59)
	at org.gradle.internal.operations.DefaultBuildOperationExecutor.lambda$executeInParallel$0(DefaultBuildOperationExecutor.java:102)
	at org.gradle.internal.operations.DefaultBuildOperationQueue$WorkerRunnable.runOperation(DefaultBuildOperationQueue.java:292)
	at org.gradle.internal.operations.DefaultBuildOperationQueue$WorkerRunnable.doRunBatch(DefaultBuildOperationQueue.java:273)
	at org.gradle.internal.operations.DefaultBuildOperationQueue$WorkerRunnable.lambda$runBatch$0(DefaultBuildOperationQueue.java:258)
	at org.gradle.internal.resources.AbstractResourceLockRegistry.whileDisallowingLockChanges(AbstractResourceLockRegistry.java:50)
	at org.gradle.internal.work.DefaultWorkerLeaseService.whileDisallowingProjectLockChanges(DefaultWorkerLeaseService.java:233)
	at org.gradle.internal.operations.DefaultBuildOperationQueue$WorkerRunnable.lambda$runBatch$1(DefaultBuildOperationQueue.java:258)
	at org.gradle.internal.work.DefaultWorkerLeaseService.lambda$withLocksAcquired$0(DefaultWorkerLeaseService.java:269)
	at org.gradle.internal.work.ResourceLockStatistics$1.measure(ResourceLockStatistics.java:42)
	at org.gradle.internal.work.DefaultWorkerLeaseService.withLocksAcquired(DefaultWorkerLeaseService.java:267)
	at org.gradle.internal.work.DefaultWorkerLeaseService.withLocks(DefaultWorkerLeaseService.java:259)
	at org.gradle.internal.work.DefaultWorkerLeaseService.runAsWorkerThread(DefaultWorkerLeaseService.java:127)
	at org.gradle.internal.operations.DefaultBuildOperationQueue$WorkerRunnable.runBatch(DefaultBuildOperationQueue.java:244)
	at org.gradle.internal.operations.DefaultBuildOperationQueue$WorkerRunnable.runOperations(DefaultBuildOperationQueue.java:212)
	at org.gradle.internal.operations.CurrentBuildOperationRef.with(CurrentBuildOperationRef.java:84)
	at org.gradle.internal.operations.DefaultBuildOperationQueue$WorkerRunnable.run(DefaultBuildOperationQueue.java:205)
	... 2 more
Caused by: com.android.builder.dexing.DexArchiveBuilderException: Error while dexing.
Increase the minSdkVersion to 26 or above.

	at com.android.builder.dexing.D8DexArchiveBuilder.getExceptionToRethrow(D8DexArchiveBuilder.java:193)
	at com.android.builder.dexing.D8DexArchiveBuilder.convert(D8DexArchiveBuilder.java:132)
	at com.android.build.gradle.internal.dependency.BaseDexingTransform.process(DexingTransform.kt:292)
	at com.android.build.gradle.internal.dependency.BaseDexingTransform.processNonIncrementally(DexingTransform.kt:238)
	at com.android.build.gradle.internal.dependency.BaseDexingTransform.transform(DexingTransform.kt:150)
	at org.gradle.api.internal.artifacts.transform.DefaultTransform.transform(DefaultTransform.java:284)
	at org.gradle.api.internal.artifacts.transform.AbstractTransformExecution$2.call(AbstractTransformExecution.java:154)
	at org.gradle.api.internal.artifacts.transform.AbstractTransformExecution$2.call(AbstractTransformExecution.java:145)
	at org.gradle.internal.operations.DefaultBuildOperationRunner$CallableBuildOperationWorker.execute(DefaultBuildOperationRunner.java:209)
	at org.gradle.internal.operations.DefaultBuildOperationRunner$CallableBuildOperationWorker.execute(DefaultBuildOperationRunner.java:204)
	at org.gradle.internal.operations.DefaultBuildOperationRunner$2.execute(DefaultBuildOperationRunner.java:66)
	at org.gradle.internal.operations.DefaultBuildOperationRunner$2.execute(DefaultBuildOperationRunner.java:59)
	at org.gradle.internal.operations.DefaultBuildOperationRunner.execute(DefaultBuildOperationRunner.java:166)
	at org.gradle.internal.operations.DefaultBuildOperationRunner.execute(DefaultBuildOperationRunner.java:59)
	at org.gradle.internal.operations.DefaultBuildOperationRunner.call(DefaultBuildOperationRunner.java:53)
	at org.gradle.api.internal.artifacts.transform.AbstractTransformExecution.executeWithinTransformerListener(AbstractTransformExecution.java:145)
	at org.gradle.api.internal.artifacts.transform.AbstractTransformExecution.execute(AbstractTransformExecution.java:138)
	at org.gradle.internal.execution.steps.ExecuteStep.executeInternal(ExecuteStep.java:105)
	at org.gradle.internal.execution.steps.ExecuteStep.access$000(ExecuteStep.java:44)
	at org.gradle.internal.execution.steps.ExecuteStep$1.call(ExecuteStep.java:59)
	at org.gradle.internal.execution.steps.ExecuteStep$1.call(ExecuteStep.java:56)
	at org.gradle.internal.operations.DefaultBuildOperationRunner$CallableBuildOperationWorker.execute(DefaultBuildOperationRunner.java:209)
	at org.gradle.internal.operations.DefaultBuildOperationRunner$CallableBuildOperationWorker.execute(DefaultBuildOperationRunner.java:204)
	at org.gradle.internal.operations.DefaultBuildOperationRunner$2.execute(DefaultBuildOperationRunner.java:66)
	at org.gradle.internal.operations.DefaultBuildOperationRunner$2.execute(DefaultBuildOperationRunner.java:59)
	at org.gradle.internal.operations.DefaultBuildOperationRunner.execute(DefaultBuildOperationRunner.java:166)
	at org.gradle.internal.operations.DefaultBuildOperationRunner.execute(DefaultBuildOperationRunner.java:59)
	at org.gradle.internal.operations.DefaultBuildOperationRunner.call(DefaultBuildOperationRunner.java:53)
	at org.gradle.internal.execution.steps.ExecuteStep.execute(ExecuteStep.java:56)
	at org.gradle.internal.execution.steps.ExecuteStep.execute(ExecuteStep.java:44)
	at org.gradle.internal.execution.steps.CancelExecutionStep.execute(CancelExecutionStep.java:42)
	at org.gradle.internal.execution.steps.TimeoutStep.executeWithoutTimeout(TimeoutStep.java:75)
	at org.gradle.internal.execution.steps.TimeoutStep.execute(TimeoutStep.java:55)
	at org.gradle.internal.execution.steps.PreCreateOutputParentsStep.execute(PreCreateOutputParentsStep.java:50)
	at org.gradle.internal.execution.steps.PreCreateOutputParentsStep.execute(PreCreateOutputParentsStep.java:28)
	at org.gradle.internal.execution.steps.BroadcastChangingOutputsStep.execute(BroadcastChangingOutputsStep.java:61)
	at org.gradle.internal.execution.steps.BroadcastChangingOutputsStep.execute(BroadcastChangingOutputsStep.java:26)
	at org.gradle.internal.execution.steps.NoInputChangesStep.execute(NoInputChangesStep.java:30)
	at org.gradle.internal.execution.steps.NoInputChangesStep.execute(NoInputChangesStep.java:21)
	at org.gradle.internal.execution.steps.CaptureOutputsAfterExecutionStep.execute(CaptureOutputsAfterExecutionStep.java:69)
	at org.gradle.internal.execution.steps.CaptureOutputsAfterExecutionStep.execute(CaptureOutputsAfterExecutionStep.java:46)
	at org.gradle.internal.execution.steps.BuildCacheStep.executeWithoutCache(BuildCacheStep.java:189)
	at org.gradle.internal.execution.steps.BuildCacheStep.lambda$execute$1(BuildCacheStep.java:75)
	at org.gradle.internal.Either$Right.fold(Either.java:176)
	at org.gradle.internal.execution.caching.CachingState.fold(CachingState.java:62)
	at org.gradle.internal.execution.steps.BuildCacheStep.execute(BuildCacheStep.java:73)
	at org.gradle.internal.execution.steps.BuildCacheStep.execute(BuildCacheStep.java:48)
	at org.gradle.internal.execution.steps.NeverUpToDateStep.execute(NeverUpToDateStep.java:34)
	at org.gradle.internal.execution.steps.NeverUpToDateStep.execute(NeverUpToDateStep.java:22)
	at org.gradle.internal.execution.steps.legacy.MarkSnapshottingInputsFinishedStep.execute(MarkSnapshottingInputsFinishedStep.java:37)
	at org.gradle.internal.execution.steps.legacy.MarkSnapshottingInputsFinishedStep.execute(MarkSnapshottingInputsFinishedStep.java:27)
	at org.gradle.internal.execution.steps.ResolveNonIncrementalCachingStateStep.executeDelegate(ResolveNonIncrementalCachingStateStep.java:50)
	at org.gradle.internal.execution.steps.AbstractResolveCachingStateStep.execute(AbstractResolveCachingStateStep.java:71)
	at org.gradle.internal.execution.steps.AbstractResolveCachingStateStep.execute(AbstractResolveCachingStateStep.java:39)
	at org.gradle.internal.execution.steps.ValidateStep.execute(ValidateStep.java:62)
	at org.gradle.internal.execution.steps.ValidateStep.execute(ValidateStep.java:40)
	at org.gradle.internal.execution.steps.AbstractCaptureStateBeforeExecutionStep.execute(AbstractCaptureStateBeforeExecutionStep.java:76)
	at org.gradle.internal.execution.steps.AbstractCaptureStateBeforeExecutionStep.execute(AbstractCaptureStateBeforeExecutionStep.java:45)
	at org.gradle.internal.execution.steps.legacy.MarkSnapshottingInputsStartedStep.execute(MarkSnapshottingInputsStartedStep.java:38)
	at org.gradle.internal.execution.steps.AssignImmutableWorkspaceStep.executeInWorkspace(AssignImmutableWorkspaceStep.java:260)
	at org.gradle.internal.execution.steps.AssignImmutableWorkspaceStep.lambda$execute$0(AssignImmutableWorkspaceStep.java:150)
	at org.gradle.internal.execution.steps.AssignImmutableWorkspaceStep.lambda$execute$1(AssignImmutableWorkspaceStep.java:148)
	at org.gradle.internal.execution.workspace.impl.CacheBasedImmutableWorkspaceProvider$CacheContainer.lambda$withFileLock$0(CacheBasedImmutableWorkspaceProvider.java:178)
	at org.gradle.cache.internal.LockOnDemandCrossProcessCacheAccess.withFileLock(LockOnDemandCrossProcessCacheAccess.java:90)
	at org.gradle.cache.internal.DefaultCacheCoordinator.withFileLock(DefaultCacheCoordinator.java:226)
	at org.gradle.cache.internal.DefaultPersistentDirectoryStore.withFileLock(DefaultPersistentDirectoryStore.java:147)
	at org.gradle.cache.internal.DefaultCacheFactory$ReferenceTrackingCache.withFileLock(DefaultCacheFactory.java:203)
	at org.gradle.internal.execution.workspace.impl.CacheBasedImmutableWorkspaceProvider$CacheContainer.withFileLock(CacheBasedImmutableWorkspaceProvider.java:175)
	at org.gradle.internal.execution.workspace.impl.CacheBasedImmutableWorkspaceProvider$2.withWorkspaceLock(CacheBasedImmutableWorkspaceProvider.java:155)
	at org.gradle.internal.execution.steps.AssignImmutableWorkspaceStep.execute(AssignImmutableWorkspaceStep.java:146)
	at org.gradle.internal.execution.steps.AssignImmutableWorkspaceStep.execute(AssignImmutableWorkspaceStep.java:92)
	at org.gradle.internal.execution.steps.ChoosePipelineStep.execute(ChoosePipelineStep.java:38)
	at org.gradle.internal.execution.steps.ChoosePipelineStep.execute(ChoosePipelineStep.java:23)
	at org.gradle.internal.execution.steps.ExecuteWorkBuildOperationFiringStep.lambda$execute$0(ExecuteWorkBuildOperationFiringStep.java:53)
	at org.gradle.internal.execution.steps.BuildOperationStep$1.call(BuildOperationStep.java:37)
	at org.gradle.internal.operations.DefaultBuildOperationRunner$CallableBuildOperationWorker.execute(DefaultBuildOperationRunner.java:209)
	at org.gradle.internal.operations.DefaultBuildOperationRunner$CallableBuildOperationWorker.execute(DefaultBuildOperationRunner.java:204)
	at org.gradle.internal.operations.DefaultBuildOperationRunner$2.execute(DefaultBuildOperationRunner.java:66)
	at org.gradle.internal.operations.DefaultBuildOperationRunner$2.execute(DefaultBuildOperationRunner.java:59)
	at org.gradle.internal.operations.DefaultBuildOperationRunner.execute(DefaultBuildOperationRunner.java:166)
	at org.gradle.internal.operations.DefaultBuildOperationRunner.execute(DefaultBuildOperationRunner.java:59)
	at org.gradle.internal.operations.DefaultBuildOperationRunner.call(DefaultBuildOperationRunner.java:53)
	at org.gradle.internal.execution.steps.BuildOperationStep.operation(BuildOperationStep.java:34)
	at org.gradle.internal.execution.steps.ExecuteWorkBuildOperationFiringStep.lambda$execute$1(ExecuteWorkBuildOperationFiringStep.java:51)
	at org.gradle.internal.execution.steps.ExecuteWorkBuildOperationFiringStep.execute(ExecuteWorkBuildOperationFiringStep.java:51)
	at org.gradle.internal.execution.steps.ExecuteWorkBuildOperationFiringStep.execute(ExecuteWorkBuildOperationFiringStep.java:39)
	at org.gradle.internal.execution.steps.IdentityCacheStep.execute(IdentityCacheStep.java:46)
	at org.gradle.internal.execution.steps.IdentityCacheStep.executeInCache(IdentityCacheStep.java:80)
	at org.gradle.internal.execution.steps.IdentityCacheStep.lambda$executeDeferred$0(IdentityCacheStep.java:60)
	at org.gradle.cache.Cache.lambda$get$0(Cache.java:32)
	at org.gradle.cache.ManualEvictionInMemoryCache.get(ManualEvictionInMemoryCache.java:30)
	at org.gradle.cache.internal.DefaultCrossBuildInMemoryCacheFactory$CrossBuildCacheRetainingDataFromPreviousBuild.get(DefaultCrossBuildInMemoryCacheFactory.java:303)
	at org.gradle.cache.Cache.get(Cache.java:32)
	at org.gradle.internal.execution.steps.IdentityCacheStep.lambda$executeDeferred$1(IdentityCacheStep.java:58)
	at org.gradle.internal.Deferrable$3.completeAndGet(Deferrable.java:117)
	... 26 more
Caused by: java.lang.RuntimeException: Error: UnsupportedFeature(invoke-polymorphic-method-handle)

	at com.android.builder.dexing.D8DexArchiveBuilder.getExceptionToRethrow(D8DexArchiveBuilder.java:185)
	... 120 more
	Suppressed: com.android.tools.r8.CompilationFailedException: Compilation failed to complete, position: Lksp/com/intellij/util/CompressionUtil;-><clinit>()V, origin: C:\Users\Pierre\.gradle\caches\modules-2\files-2.1\com.googl
e.devtools.ksp\symbol-processing-aa-embeddable\2.2.0-RC-2.0.1\3795ce8b8f92b6e998e8ea11fb518a50f31364dd\symbol-processing-aa-embeddable-2.2.0-RC-2.0.1.jar:ksp/com/intellij/util/CompressionUtil.class
		at Version.fakeStackEntry(Version_9.0.32.java:0)
		at com.android.tools.r8.q0.a(R8_9.0.32_0325ff4e5530605303f16bce95067542c9515161eb3404778aa4f682efdc3ff7:1)
		at com.android.tools.r8.internal.du0.a(R8_9.0.32_0325ff4e5530605303f16bce95067542c9515161eb3404778aa4f682efdc3ff7:81)
		at com.android.tools.r8.internal.du0.a(R8_9.0.32_0325ff4e5530605303f16bce95067542c9515161eb3404778aa4f682efdc3ff7:32)
		at com.android.tools.r8.internal.du0.a(R8_9.0.32_0325ff4e5530605303f16bce95067542c9515161eb3404778aa4f682efdc3ff7:31)
		at com.android.tools.r8.internal.du0.b(R8_9.0.32_0325ff4e5530605303f16bce95067542c9515161eb3404778aa4f682efdc3ff7:2)
		at com.android.tools.r8.D8.run(R8_9.0.32_0325ff4e5530605303f16bce95067542c9515161eb3404778aa4f682efdc3ff7:11)
		at com.android.builder.dexing.D8DexArchiveBuilder.convert(D8DexArchiveBuilder.java:130)
		at com.android.build.gradle.internal.dependency.BaseDexingTransform.process(DexingTransform.kt:292)
		at com.android.build.gradle.internal.dependency.BaseDexingTransform.processNonIncrementally(DexingTransform.kt:238)
		at com.android.build.gradle.internal.dependency.BaseDexingTransform.transform(DexingTransform.kt:150)
		at org.gradle.api.internal.artifacts.transform.DefaultTransform.transform(DefaultTransform.java:284)
		at org.gradle.api.internal.artifacts.transform.AbstractTransformExecution$2.call(AbstractTransformExecution.java:154)
		at org.gradle.api.internal.artifacts.transform.AbstractTransformExecution$2.call(AbstractTransformExecution.java:145)
		at org.gradle.internal.operations.DefaultBuildOperationRunner$CallableBuildOperationWorker.execute(DefaultBuildOperationRunner.java:209)
		at org.gradle.internal.operations.DefaultBuildOperationRunner$CallableBuildOperationWorker.execute(DefaultBuildOperationRunner.java:204)
		at org.gradle.internal.operations.DefaultBuildOperationRunner$2.execute(DefaultBuildOperationRunner.java:66)
		at org.gradle.internal.operations.DefaultBuildOperationRunner$2.execute(DefaultBuildOperationRunner.java:59)
		at org.gradle.internal.operations.DefaultBuildOperationRunner.execute(DefaultBuildOperationRunner.java:166)
		at org.gradle.internal.operations.DefaultBuildOperationRunner.execute(DefaultBuildOperationRunner.java:59)
		at org.gradle.internal.operations.DefaultBuildOperationRunner.call(DefaultBuildOperationRunner.java:53)
		at org.gradle.api.internal.artifacts.transform.AbstractTransformExecution.executeWithinTransformerListener(AbstractTransformExecution.java:145)
		at org.gradle.api.internal.artifacts.transform.AbstractTransformExecution.execute(AbstractTransformExecution.java:138)
		at org.gradle.internal.execution.steps.ExecuteStep.executeInternal(ExecuteStep.java:105)
		at org.gradle.internal.execution.steps.ExecuteStep.access$000(ExecuteStep.java:44)
		at org.gradle.internal.execution.steps.ExecuteStep$1.call(ExecuteStep.java:59)
		at org.gradle.internal.execution.steps.ExecuteStep$1.call(ExecuteStep.java:56)
		at org.gradle.internal.operations.DefaultBuildOperationRunner$CallableBuildOperationWorker.execute(DefaultBuildOperationRunner.java:209)
		at org.gradle.internal.operations.DefaultBuildOperationRunner$CallableBuildOperationWorker.execute(DefaultBuildOperationRunner.java:204)
		at org.gradle.internal.operations.DefaultBuildOperationRunner$2.execute(DefaultBuildOperationRunner.java:66)
		at org.gradle.internal.operations.DefaultBuildOperationRunner$2.execute(DefaultBuildOperationRunner.java:59)
		at org.gradle.internal.operations.DefaultBuildOperationRunner.execute(DefaultBuildOperationRunner.java:166)
		at org.gradle.internal.operations.DefaultBuildOperationRunner.execute(DefaultBuildOperationRunner.java:59)
		at org.gradle.internal.operations.DefaultBuildOperationRunner.call(DefaultBuildOperationRunner.java:53)
		at org.gradle.internal.execution.steps.ExecuteStep.execute(ExecuteStep.java:56)
		at org.gradle.internal.execution.steps.ExecuteStep.execute(ExecuteStep.java:44)
		at org.gradle.internal.execution.steps.CancelExecutionStep.execute(CancelExecutionStep.java:42)
		at org.gradle.internal.execution.steps.TimeoutStep.executeWithoutTimeout(TimeoutStep.java:75)
		at org.gradle.internal.execution.steps.TimeoutStep.execute(TimeoutStep.java:55)
		at org.gradle.internal.execution.steps.PreCreateOutputParentsStep.execute(PreCreateOutputParentsStep.java:50)
		at org.gradle.internal.execution.steps.PreCreateOutputParentsStep.execute(PreCreateOutputParentsStep.java:28)
		at org.gradle.internal.execution.steps.BroadcastChangingOutputsStep.execute(BroadcastChangingOutputsStep.java:61)
		at org.gradle.internal.execution.steps.BroadcastChangingOutputsStep.execute(BroadcastChangingOutputsStep.java:26)
		at org.gradle.internal.execution.steps.NoInputChangesStep.execute(NoInputChangesStep.java:30)
		at org.gradle.internal.execution.steps.NoInputChangesStep.execute(NoInputChangesStep.java:21)
		at org.gradle.internal.execution.steps.CaptureOutputsAfterExecutionStep.execute(CaptureOutputsAfterExecutionStep.java:69)
		at org.gradle.internal.execution.steps.CaptureOutputsAfterExecutionStep.execute(CaptureOutputsAfterExecutionStep.java:46)
		at org.gradle.internal.execution.steps.BuildCacheStep.executeWithoutCache(BuildCacheStep.java:189)
		at org.gradle.internal.execution.steps.BuildCacheStep.lambda$execute$1(BuildCacheStep.java:75)
		at org.gradle.internal.Either$Right.fold(Either.java:176)
		at org.gradle.internal.execution.caching.CachingState.fold(CachingState.java:62)
		at org.gradle.internal.execution.steps.BuildCacheStep.execute(BuildCacheStep.java:73)
		at org.gradle.internal.execution.steps.BuildCacheStep.execute(BuildCacheStep.java:48)
		at org.gradle.internal.execution.steps.NeverUpToDateStep.execute(NeverUpToDateStep.java:34)
		at org.gradle.internal.execution.steps.NeverUpToDateStep.execute(NeverUpToDateStep.java:22)
		at org.gradle.internal.execution.steps.legacy.MarkSnapshottingInputsFinishedStep.execute(MarkSnapshottingInputsFinishedStep.java:37)
		at org.gradle.internal.execution.steps.legacy.MarkSnapshottingInputsFinishedStep.execute(MarkSnapshottingInputsFinishedStep.java:27)
		at org.gradle.internal.execution.steps.ResolveNonIncrementalCachingStateStep.executeDelegate(ResolveNonIncrementalCachingStateStep.java:50)
		at org.gradle.internal.execution.steps.AbstractResolveCachingStateStep.execute(AbstractResolveCachingStateStep.java:71)
		at org.gradle.internal.execution.steps.AbstractResolveCachingStateStep.execute(AbstractResolveCachingStateStep.java:39)
		at org.gradle.internal.execution.steps.ValidateStep.execute(ValidateStep.java:62)
		at org.gradle.internal.execution.steps.ValidateStep.execute(ValidateStep.java:40)
		at org.gradle.internal.execution.steps.AbstractCaptureStateBeforeExecutionStep.execute(AbstractCaptureStateBeforeExecutionStep.java:76)
		at org.gradle.internal.execution.steps.AbstractCaptureStateBeforeExecutionStep.execute(AbstractCaptureStateBeforeExecutionStep.java:45)
		at org.gradle.internal.execution.steps.legacy.MarkSnapshottingInputsStartedStep.execute(MarkSnapshottingInputsStartedStep.java:38)
		at org.gradle.internal.execution.steps.AssignImmutableWorkspaceStep.executeInWorkspace(AssignImmutableWorkspaceStep.java:260)
		at org.gradle.internal.execution.steps.AssignImmutableWorkspaceStep.lambda$execute$0(AssignImmutableWorkspaceStep.java:150)
		at java.base/java.util.Optional.orElseGet(Optional.java:364)
		at org.gradle.internal.execution.steps.AssignImmutableWorkspaceStep.lambda$execute$1(AssignImmutableWorkspaceStep.java:148)
		at org.gradle.internal.execution.workspace.impl.CacheBasedImmutableWorkspaceProvider$CacheContainer.lambda$withFileLock$0(CacheBasedImmutableWorkspaceProvider.java:178)
		at org.gradle.cache.internal.LockOnDemandCrossProcessCacheAccess.withFileLock(LockOnDemandCrossProcessCacheAccess.java:90)
		at org.gradle.cache.internal.DefaultCacheCoordinator.withFileLock(DefaultCacheCoordinator.java:226)
		at org.gradle.cache.internal.DefaultPersistentDirectoryStore.withFileLock(DefaultPersistentDirectoryStore.java:147)
		at org.gradle.cache.internal.DefaultCacheFactory$ReferenceTrackingCache.withFileLock(DefaultCacheFactory.java:203)
		at org.gradle.internal.execution.workspace.impl.CacheBasedImmutableWorkspaceProvider$CacheContainer.withFileLock(CacheBasedImmutableWorkspaceProvider.java:175)
		at org.gradle.internal.execution.workspace.impl.CacheBasedImmutableWorkspaceProvider$2.withWorkspaceLock(CacheBasedImmutableWorkspaceProvider.java:155)
		at org.gradle.internal.execution.steps.AssignImmutableWorkspaceStep.execute(AssignImmutableWorkspaceStep.java:146)
		at org.gradle.internal.execution.steps.AssignImmutableWorkspaceStep.execute(AssignImmutableWorkspaceStep.java:92)
		at org.gradle.internal.execution.steps.ChoosePipelineStep.execute(ChoosePipelineStep.java:38)
		at org.gradle.internal.execution.steps.ChoosePipelineStep.execute(ChoosePipelineStep.java:23)
		at org.gradle.internal.execution.steps.ExecuteWorkBuildOperationFiringStep.lambda$execute$0(ExecuteWorkBuildOperationFiringStep.java:53)
		at org.gradle.internal.execution.steps.BuildOperationStep$1.call(BuildOperationStep.java:37)
		at org.gradle.internal.operations.DefaultBuildOperationRunner$CallableBuildOperationWorker.execute(DefaultBuildOperationRunner.java:209)
		at org.gradle.internal.operations.DefaultBuildOperationRunner$CallableBuildOperationWorker.execute(DefaultBuildOperationRunner.java:204)
		at org.gradle.internal.operations.DefaultBuildOperationRunner$2.execute(DefaultBuildOperationRunner.java:66)
		at org.gradle.internal.operations.DefaultBuildOperationRunner$2.execute(DefaultBuildOperationRunner.java:59)
		at org.gradle.internal.operations.DefaultBuildOperationRunner.execute(DefaultBuildOperationRunner.java:166)
		at org.gradle.internal.operations.DefaultBuildOperationRunner.execute(DefaultBuildOperationRunner.java:59)
		at org.gradle.internal.operations.DefaultBuildOperationRunner.call(DefaultBuildOperationRunner.java:53)
		at org.gradle.internal.execution.steps.BuildOperationStep.operation(BuildOperationStep.java:34)
		at org.gradle.internal.execution.steps.ExecuteWorkBuildOperationFiringStep.lambda$execute$1(ExecuteWorkBuildOperationFiringStep.java:51)
		at java.base/java.util.Optional.map(Optional.java:260)
		at org.gradle.internal.execution.steps.ExecuteWorkBuildOperationFiringStep.execute(ExecuteWorkBuildOperationFiringStep.java:51)
		at org.gradle.internal.execution.steps.ExecuteWorkBuildOperationFiringStep.execute(ExecuteWorkBuildOperationFiringStep.java:39)
		at org.gradle.internal.execution.steps.IdentityCacheStep.execute(IdentityCacheStep.java:46)
		at org.gradle.internal.execution.steps.IdentityCacheStep.executeInCache(IdentityCacheStep.java:80)
		at org.gradle.internal.execution.steps.IdentityCacheStep.lambda$executeDeferred$0(IdentityCacheStep.java:60)
		at org.gradle.cache.Cache.lambda$get$0(Cache.java:32)
		at java.base/java.util.concurrent.ConcurrentHashMap.computeIfAbsent(ConcurrentHashMap.java:1740)
		at org.gradle.cache.ManualEvictionInMemoryCache.get(ManualEvictionInMemoryCache.java:30)
		at org.gradle.cache.internal.DefaultCrossBuildInMemoryCacheFactory$CrossBuildCacheRetainingDataFromPreviousBuild.get(DefaultCrossBuildInMemoryCacheFactory.java:303)
		at org.gradle.cache.Cache.get(Cache.java:32)
		at org.gradle.internal.execution.steps.IdentityCacheStep.lambda$executeDeferred$1(IdentityCacheStep.java:58)
		at org.gradle.internal.Deferrable$3.completeAndGet(Deferrable.java:117)
		at org.gradle.internal.Deferrable$1.completeAndGet(Deferrable.java:59)
		at org.gradle.internal.Deferrable$1.completeAndGet(Deferrable.java:59)
		at org.gradle.api.internal.artifacts.transform.TransformingAsyncArtifactListener$TransformedArtifact.finalizeValue(TransformingAsyncArtifactListener.java:222)
		at org.gradle.api.internal.artifacts.transform.TransformingAsyncArtifactListener$TransformedArtifact.run(TransformingAsyncArtifactListener.java:160)
		at org.gradle.internal.operations.DefaultBuildOperationRunner$2.execute(DefaultBuildOperationRunner.java:66)
		at org.gradle.internal.operations.DefaultBuildOperationRunner$2.execute(DefaultBuildOperationRunner.java:59)
		at org.gradle.internal.operations.DefaultBuildOperationRunner.execute(DefaultBuildOperationRunner.java:166)
		at org.gradle.internal.operations.DefaultBuildOperationRunner.execute(DefaultBuildOperationRunner.java:59)
		at org.gradle.internal.operations.DefaultBuildOperationExecutor.lambda$executeInParallel$0(DefaultBuildOperationExecutor.java:102)
		at org.gradle.internal.operations.DefaultBuildOperationQueue$WorkerRunnable.runOperation(DefaultBuildOperationQueue.java:292)
		at org.gradle.internal.operations.DefaultBuildOperationQueue$WorkerRunnable.doRunBatch(DefaultBuildOperationQueue.java:273)
		at org.gradle.internal.operations.DefaultBuildOperationQueue$WorkerRunnable.lambda$runBatch$0(DefaultBuildOperationQueue.java:258)
		at org.gradle.internal.resources.AbstractResourceLockRegistry.whileDisallowingLockChanges(AbstractResourceLockRegistry.java:50)
		at org.gradle.internal.work.DefaultWorkerLeaseService.whileDisallowingProjectLockChanges(DefaultWorkerLeaseService.java:233)
		at org.gradle.internal.operations.DefaultBuildOperationQueue$WorkerRunnable.lambda$runBatch$1(DefaultBuildOperationQueue.java:258)
		at org.gradle.internal.work.DefaultWorkerLeaseService.lambda$withLocksAcquired$0(DefaultWorkerLeaseService.java:269)
		at org.gradle.internal.work.ResourceLockStatistics$1.measure(ResourceLockStatistics.java:42)
		at org.gradle.internal.work.DefaultWorkerLeaseService.withLocksAcquired(DefaultWorkerLeaseService.java:267)
		at org.gradle.internal.work.DefaultWorkerLeaseService.withLocks(DefaultWorkerLeaseService.java:259)
		at org.gradle.internal.work.DefaultWorkerLeaseService.runAsWorkerThread(DefaultWorkerLeaseService.java:127)
		at org.gradle.internal.operations.DefaultBuildOperationQueue$WorkerRunnable.runBatch(DefaultBuildOperationQueue.java:244)
		at org.gradle.internal.operations.DefaultBuildOperationQueue$WorkerRunnable.runOperations(DefaultBuildOperationQueue.java:212)
		at org.gradle.internal.operations.CurrentBuildOperationRef.with(CurrentBuildOperationRef.java:84)
		at org.gradle.internal.operations.DefaultBuildOperationQueue$WorkerRunnable.run(DefaultBuildOperationQueue.java:205)
		at org.gradle.internal.concurrent.ExecutorPolicy$CatchAndRecordFailures.onExecute(ExecutorPolicy.java:64)
		at org.gradle.internal.concurrent.AbstractManagedExecutor$1.run(AbstractManagedExecutor.java:47)
		at java.base/java.util.concurrent.ThreadPoolExecutor.runWorker(ThreadPoolExecutor.java:1144)
		at java.base/java.util.concurrent.ThreadPoolExecutor$Worker.run(ThreadPoolExecutor.java:642)
		at java.base/java.lang.Thread.run(Thread.java:1583)
	Caused by: com.android.tools.r8.internal.j: MethodHandle.invoke and MethodHandle.invokeExact are only supported starting with Android O (--min-api 26): Lksp/com/intellij/util/CompressionUtil;-><clinit>()V
		at com.android.tools.r8.internal.wi3.a(R8_9.0.32_0325ff4e5530605303f16bce95067542c9515161eb3404778aa4f682efdc3ff7:21)
		at com.android.tools.r8.internal.wi3.warning(R8_9.0.32_0325ff4e5530605303f16bce95067542c9515161eb3404778aa4f682efdc3ff7:1)
		at com.android.tools.r8.internal.rg4.a(R8_9.0.32_0325ff4e5530605303f16bce95067542c9515161eb3404778aa4f682efdc3ff7:11)
		at com.android.tools.r8.internal.tg4.a(R8_9.0.32_0325ff4e5530605303f16bce95067542c9515161eb3404778aa4f682efdc3ff7:7)
		at com.android.tools.r8.internal.cb0.a(R8_9.0.32_0325ff4e5530605303f16bce95067542c9515161eb3404778aa4f682efdc3ff7:4)
		at com.android.tools.r8.internal.pn2.a(R8_9.0.32_0325ff4e5530605303f16bce95067542c9515161eb3404778aa4f682efdc3ff7:268)
		at com.android.tools.r8.internal.pn2.a(R8_9.0.32_0325ff4e5530605303f16bce95067542c9515161eb3404778aa4f682efdc3ff7:168)
		at com.android.tools.r8.internal.n82.b(R8_9.0.32_0325ff4e5530605303f16bce95067542c9515161eb3404778aa4f682efdc3ff7:3)
		at com.android.tools.r8.internal.pn2.a(R8_9.0.32_0325ff4e5530605303f16bce95067542c9515161eb3404778aa4f682efdc3ff7:100)
		at com.android.tools.r8.internal.z03.a(R8_9.0.32_0325ff4e5530605303f16bce95067542c9515161eb3404778aa4f682efdc3ff7:307)
		at com.android.tools.r8.internal.du0.a(R8_9.0.32_0325ff4e5530605303f16bce95067542c9515161eb3404778aa4f682efdc3ff7:133)
		at com.android.tools.r8.internal.z03.a(R8_9.0.32_0325ff4e5530605303f16bce95067542c9515161eb3404778aa4f682efdc3ff7:218)
		at com.android.tools.r8.internal.r40.a(R8_9.0.32_0325ff4e5530605303f16bce95067542c9515161eb3404778aa4f682efdc3ff7:142)
		at com.android.tools.r8.internal.z03.a(R8_9.0.32_0325ff4e5530605303f16bce95067542c9515161eb3404778aa4f682efdc3ff7:253)
		at com.android.tools.r8.internal.ir.b(R8_9.0.32_0325ff4e5530605303f16bce95067542c9515161eb3404778aa4f682efdc3ff7:27)
		at com.android.tools.r8.internal.gr.a(R8_9.0.32_0325ff4e5530605303f16bce95067542c9515161eb3404778aa4f682efdc3ff7:1)
		at com.android.tools.r8.internal.ir.c(R8_9.0.32_0325ff4e5530605303f16bce95067542c9515161eb3404778aa4f682efdc3ff7:1)
		at com.android.tools.r8.internal.w74.a(R8_9.0.32_0325ff4e5530605303f16bce95067542c9515161eb3404778aa4f682efdc3ff7:40)
		at com.google.common.util.concurrent.TrustedListenableFutureTask$TrustedFutureInterruptibleTask.runInterruptibly(TrustedListenableFutureTask.java:131)
		at com.google.common.util.concurrent.InterruptibleTask.run(InterruptibleTask.java:76)
		at com.google.common.util.concurrent.TrustedListenableFutureTask.run(TrustedListenableFutureTask.java:82)
		at com.google.common.util.concurrent.DirectExecutorService.execute(DirectExecutorService.java:51)
		at java.base/java.util.concurrent.AbstractExecutorService.submit(AbstractExecutorService.java:145)
		at com.google.common.util.concurrent.AbstractListeningExecutorService.submit(AbstractListeningExecutorService.java:79)
		at com.google.common.util.concurrent.AbstractListeningExecutorService.submit(AbstractListeningExecutorService.java:37)
		at com.android.tools.r8.internal.x74.submit(R8_9.0.32_0325ff4e5530605303f16bce95067542c9515161eb3404778aa4f682efdc3ff7:1)
		at com.android.tools.r8.internal.c74.a(R8_9.0.32_0325ff4e5530605303f16bce95067542c9515161eb3404778aa4f682efdc3ff7:15)
		at com.android.tools.r8.internal.c74.b(R8_9.0.32_0325ff4e5530605303f16bce95067542c9515161eb3404778aa4f682efdc3ff7:3)
		at com.android.tools.r8.internal.w74.a(R8_9.0.32_0325ff4e5530605303f16bce95067542c9515161eb3404778aa4f682efdc3ff7:27)
		at com.android.tools.r8.internal.ir.a(R8_9.0.32_0325ff4e5530605303f16bce95067542c9515161eb3404778aa4f682efdc3ff7:92)
		at com.android.tools.r8.internal.ir.a(R8_9.0.32_0325ff4e5530605303f16bce95067542c9515161eb3404778aa4f682efdc3ff7:3)
		at com.android.tools.r8.internal.z03.a(R8_9.0.32_0325ff4e5530605303f16bce95067542c9515161eb3404778aa4f682efdc3ff7:225)
		at com.android.tools.r8.internal.z03.a(R8_9.0.32_0325ff4e5530605303f16bce95067542c9515161eb3404778aa4f682efdc3ff7:24)
		at com.android.tools.r8.D8.d(R8_9.0.32_0325ff4e5530605303f16bce95067542c9515161eb3404778aa4f682efdc3ff7:73)
		at com.android.tools.r8.D8.b(R8_9.0.32_0325ff4e5530605303f16bce95067542c9515161eb3404778aa4f682efdc3ff7:1)
		at com.android.tools.r8.internal.du0.a(R8_9.0.32_0325ff4e5530605303f16bce95067542c9515161eb3404778aa4f682efdc3ff7:28)
		... 128 more
		Suppressed: java.lang.RuntimeException: com.android.tools.r8.internal.j: MethodHandle.invoke and MethodHandle.invokeExact are only supported starting with Android O (--min-api 26): 
Lksp/com/intellij/util/CompressionUtil;-><clinit>()V
			at com.android.tools.r8.internal.wi3.a(R8_9.0.32_0325ff4e5530605303f16bce95067542c9515161eb3404778aa4f682efdc3ff7:27)
			at com.android.tools.r8.dex.k.a(R8_9.0.32_0325ff4e5530605303f16bce95067542c9515161eb3404778aa4f682efdc3ff7:247)
			at com.android.tools.r8.D8.a(R8_9.0.32_0325ff4e5530605303f16bce95067542c9515161eb3404778aa4f682efdc3ff7:116)
			at com.android.tools.r8.D8.d(R8_9.0.32_0325ff4e5530605303f16bce95067542c9515161eb3404778aa4f682efdc3ff7:151)
			... 130 more
		Caused by: java.lang.Throwable: [CIRCULAR REFERENCE: com.android.tools.r8.internal.j: MethodHandle.invoke and MethodHandle.invokeExact are only supported starting with Android O (--min-api 26): 
Lksp/com/intellij/util/CompressionUtil;-><clinit>()V]
			at com.android.tools.r8.internal.wi3.a(R8_9.0.32_0325ff4e5530605303f16bce95067542c9515161eb3404778aa4f682efdc3ff7:21)
			at com.android.tools.r8.internal.wi3.warning(R8_9.0.32_0325ff4e5530605303f16bce95067542c9515161eb3404778aa4f682efdc3ff7:1)
			at com.android.tools.r8.internal.rg4.a(R8_9.0.32_0325ff4e5530605303f16bce95067542c9515161eb3404778aa4f682efdc3ff7:11)
			at com.android.tools.r8.internal.tg4.a(R8_9.0.32_0325ff4e5530605303f16bce95067542c9515161eb3404778aa4f682efdc3ff7:7)
			at com.android.tools.r8.internal.cb0.a(R8_9.0.32_0325ff4e5530605303f16bce95067542c9515161eb3404778aa4f682efdc3ff7:4)
			at com.android.tools.r8.internal.pn2.a(R8_9.0.32_0325ff4e5530605303f16bce95067542c9515161eb3404778aa4f682efdc3ff7:268)
			at com.android.tools.r8.internal.pn2.a(R8_9.0.32_0325ff4e5530605303f16bce95067542c9515161eb3404778aa4f682efdc3ff7:168)
			at com.android.tools.r8.internal.n82.b(R8_9.0.32_0325ff4e5530605303f16bce95067542c9515161eb3404778aa4f682efdc3ff7:3)
			at com.android.tools.r8.internal.pn2.a(R8_9.0.32_0325ff4e5530605303f16bce95067542c9515161eb3404778aa4f682efdc3ff7:100)
			at com.android.tools.r8.internal.z03.a(R8_9.0.32_0325ff4e5530605303f16bce95067542c9515161eb3404778aa4f682efdc3ff7:307)
			at com.android.tools.r8.internal.du0.a(R8_9.0.32_0325ff4e5530605303f16bce95067542c9515161eb3404778aa4f682efdc3ff7:133)
			at com.android.tools.r8.internal.z03.a(R8_9.0.32_0325ff4e5530605303f16bce95067542c9515161eb3404778aa4f682efdc3ff7:218)
			at com.android.tools.r8.internal.r40.a(R8_9.0.32_0325ff4e5530605303f16bce95067542c9515161eb3404778aa4f682efdc3ff7:142)
			at com.android.tools.r8.internal.z03.a(R8_9.0.32_0325ff4e5530605303f16bce95067542c9515161eb3404778aa4f682efdc3ff7:253)
			at com.android.tools.r8.internal.ir.b(R8_9.0.32_0325ff4e5530605303f16bce95067542c9515161eb3404778aa4f682efdc3ff7:27)
			at com.android.tools.r8.internal.gr.a(R8_9.0.32_0325ff4e5530605303f16bce95067542c9515161eb3404778aa4f682efdc3ff7:1)
			at com.android.tools.r8.internal.ir.c(R8_9.0.32_0325ff4e5530605303f16bce95067542c9515161eb3404778aa4f682efdc3ff7:1)
			at com.android.tools.r8.internal.w74.a(R8_9.0.32_0325ff4e5530605303f16bce95067542c9515161eb3404778aa4f682efdc3ff7:40)
			at com.google.common.util.concurrent.TrustedListenableFutureTask$TrustedFutureInterruptibleTask.runInterruptibly(TrustedListenableFutureTask.java:131)
			at com.google.common.util.concurrent.InterruptibleTask.run(InterruptibleTask.java:76)
			at com.google.common.util.concurrent.TrustedListenableFutureTask.run(TrustedListenableFutureTask.java:82)
			at com.google.common.util.concurrent.DirectExecutorService.execute(DirectExecutorService.java:51)
			at java.base/java.util.concurrent.AbstractExecutorService.submit(AbstractExecutorService.java:145)
			at com.google.common.util.concurrent.AbstractListeningExecutorService.submit(AbstractListeningExecutorService.java:79)
			at com.google.common.util.concurrent.AbstractListeningExecutorService.submit(AbstractListeningExecutorService.java:37)
			at com.android.tools.r8.internal.x74.submit(R8_9.0.32_0325ff4e5530605303f16bce95067542c9515161eb3404778aa4f682efdc3ff7:1)
			at com.android.tools.r8.internal.c74.a(R8_9.0.32_0325ff4e5530605303f16bce95067542c9515161eb3404778aa4f682efdc3ff7:15)
			at com.android.tools.r8.internal.c74.b(R8_9.0.32_0325ff4e5530605303f16bce95067542c9515161eb3404778aa4f682efdc3ff7:3)
			at com.android.tools.r8.internal.w74.a(R8_9.0.32_0325ff4e5530605303f16bce95067542c9515161eb3404778aa4f682efdc3ff7:27)
			at com.android.tools.r8.internal.ir.a(R8_9.0.32_0325ff4e5530605303f16bce95067542c9515161eb3404778aa4f682efdc3ff7:92)
			at com.android.tools.r8.internal.ir.a(R8_9.0.32_0325ff4e5530605303f16bce95067542c9515161eb3404778aa4f682efdc3ff7:3)
			at com.android.tools.r8.internal.z03.a(R8_9.0.32_0325ff4e5530605303f16bce95067542c9515161eb3404778aa4f682efdc3ff7:225)
			at com.android.tools.r8.internal.z03.a(R8_9.0.32_0325ff4e5530605303f16bce95067542c9515161eb3404778aa4f682efdc3ff7:24)
			at com.android.tools.r8.D8.d(R8_9.0.32_0325ff4e5530605303f16bce95067542c9515161eb3404778aa4f682efdc3ff7:73)
			... 130 more
Cause 2: org.gradle.api.internal.artifacts.transform.TransformException: Failed to transform kotlin-compiler-embeddable-2.2.0.jar (org.jetbrains.kotlin:kotlin-compiler-embeddable:2.2.0) to match attributes 
{artifactType=android-dex, dexing-component-attributes=ComponentSpecificParameters(minSdkVersion=24, debuggable=true, enableCoreLibraryDesugaring=false, enableGlobalSynthetics=false, enableApiModeling=false, 
dependenciesClassesAreInstrumented=false, asmTransformComponent=null, useJacocoTransformInstrumentation=false, enableDesugaring=true, needsClasspath=false, useFullClasspath=false, componentIfUsingFullClasspath=null), 
org.gradle.category=library, org.gradle.libraryelements=jar, org.gradle.status=release, org.gradle.usage=java-runtime}.
	at org.gradle.api.internal.artifacts.transform.TransformingAsyncArtifactListener$TransformedArtifact.lambda$visit$4(TransformingAsyncArtifactListener.java:256)
	at org.gradle.internal.Try$Failure.ifSuccessfulOrElse(Try.java:288)
	at org.gradle.api.internal.artifacts.transform.TransformingAsyncArtifactListener$TransformedArtifact.visit(TransformingAsyncArtifactListener.java:248)
	at org.gradle.api.internal.artifacts.ivyservice.resolveengine.artifact.ParallelResolveArtifactSet$VisitingSet$StartVisitAction.visitResults(ParallelResolveArtifactSet.java:100)
	at org.gradle.api.internal.artifacts.ivyservice.resolveengine.artifact.ParallelResolveArtifactSet$VisitingSet.visit(ParallelResolveArtifactSet.java:69)
	at org.gradle.api.internal.artifacts.ivyservice.resolveengine.artifact.ResolvedArtifactSetResolver$1.run(ResolvedArtifactSetResolver.java:68)
	at org.gradle.internal.operations.DefaultBuildOperationRunner$1.execute(DefaultBuildOperationRunner.java:29)
	at org.gradle.internal.operations.DefaultBuildOperationRunner$1.execute(DefaultBuildOperationRunner.java:26)
	at org.gradle.internal.operations.DefaultBuildOperationRunner$2.execute(DefaultBuildOperationRunner.java:66)
	at org.gradle.internal.operations.DefaultBuildOperationRunner$2.execute(DefaultBuildOperationRunner.java:59)
	at org.gradle.internal.operations.DefaultBuildOperationRunner.execute(DefaultBuildOperationRunner.java:166)
	at org.gradle.internal.operations.DefaultBuildOperationRunner.execute(DefaultBuildOperationRunner.java:59)
	at org.gradle.internal.operations.DefaultBuildOperationRunner.run(DefaultBuildOperationRunner.java:47)
	at org.gradle.api.internal.artifacts.ivyservice.resolveengine.artifact.ResolvedArtifactSetResolver.visitArtifacts(ResolvedArtifactSetResolver.java:65)
	at org.gradle.api.internal.artifacts.ivyservice.resolveengine.artifact.ResolvedArtifactSetResolver.lambda$visitInUnmanagedWorkerThread$0(ResolvedArtifactSetResolver.java:61)
	at org.gradle.internal.work.DefaultWorkerLeaseService.runAsUnmanagedWorkerThread(DefaultWorkerLeaseService.java:139)
	at org.gradle.api.internal.artifacts.ivyservice.resolveengine.artifact.ResolvedArtifactSetResolver.visitInUnmanagedWorkerThread(ResolvedArtifactSetResolver.java:61)
	at org.gradle.api.internal.artifacts.ivyservice.resolveengine.artifact.DefaultSelectedArtifactSet.visitArtifacts(DefaultSelectedArtifactSet.java:59)
	at org.gradle.api.internal.artifacts.configurations.ResolutionResultProviderBackedSelectedArtifactSet.visitArtifacts(ResolutionResultProviderBackedSelectedArtifactSet.java:52)
	at org.gradle.api.internal.artifacts.ivyservice.resolveengine.artifact.SelectedArtifactSet.visitFiles(SelectedArtifactSet.java:34)
	at org.gradle.api.internal.artifacts.configurations.ResolutionBackedFileCollection.visitContents(ResolutionBackedFileCollection.java:75)
	at org.gradle.api.internal.file.AbstractFileCollection.visitStructure(AbstractFileCollection.java:361)
	at org.gradle.api.internal.file.CompositeFileCollection.lambda$visitContents$0(CompositeFileCollection.java:112)
	at org.gradle.api.internal.file.collections.UnpackingVisitor.add(UnpackingVisitor.java:66)
	at org.gradle.api.internal.file.collections.UnpackingVisitor.add(UnpackingVisitor.java:91)
	at org.gradle.api.internal.file.DefaultFileCollectionFactory$ResolvingFileCollection.visitChildren(DefaultFileCollectionFactory.java:311)
	at org.gradle.api.internal.file.CompositeFileCollection.visitContents(CompositeFileCollection.java:112)
	at org.gradle.api.internal.file.AbstractFileCollection.visitStructure(AbstractFileCollection.java:361)
	at org.gradle.api.internal.file.CompositeFileCollection.lambda$visitContents$0(CompositeFileCollection.java:112)
	at org.gradle.api.internal.tasks.PropertyFileCollection.visitChildren(PropertyFileCollection.java:48)
	at org.gradle.api.internal.file.CompositeFileCollection.visitContents(CompositeFileCollection.java:112)
	at org.gradle.api.internal.file.AbstractFileCollection.visitStructure(AbstractFileCollection.java:361)
	at org.gradle.internal.fingerprint.impl.DefaultFileCollectionSnapshotter.snapshot(DefaultFileCollectionSnapshotter.java:48)
	at org.gradle.internal.execution.impl.DefaultInputFingerprinter$InputCollectingVisitor.visitInputFileProperty(DefaultInputFingerprinter.java:153)
	at org.gradle.api.internal.tasks.execution.TaskExecution.visitRegularInputs(TaskExecution.java:332)
	at org.gradle.internal.execution.impl.DefaultInputFingerprinter.fingerprintInputProperties(DefaultInputFingerprinter.java:79)
	at org.gradle.internal.execution.steps.AbstractCaptureStateBeforeExecutionStep.captureExecutionStateWithOutputs(AbstractCaptureStateBeforeExecutionStep.java:121)
	at org.gradle.internal.execution.steps.AbstractCaptureStateBeforeExecutionStep.lambda$captureExecutionState$0(AbstractCaptureStateBeforeExecutionStep.java:86)
	at org.gradle.internal.execution.steps.BuildOperationStep$1.call(BuildOperationStep.java:37)
	at org.gradle.internal.operations.DefaultBuildOperationRunner$CallableBuildOperationWorker.execute(DefaultBuildOperationRunner.java:209)
	at org.gradle.internal.operations.DefaultBuildOperationRunner$CallableBuildOperationWorker.execute(DefaultBuildOperationRunner.java:204)
	at org.gradle.internal.operations.DefaultBuildOperationRunner$2.execute(DefaultBuildOperationRunner.java:66)
	at org.gradle.internal.operations.DefaultBuildOperationRunner$2.execute(DefaultBuildOperationRunner.java:59)
	at org.gradle.internal.operations.DefaultBuildOperationRunner.execute(DefaultBuildOperationRunner.java:166)
	at org.gradle.internal.operations.DefaultBuildOperationRunner.execute(DefaultBuildOperationRunner.java:59)
	at org.gradle.internal.operations.DefaultBuildOperationRunner.call(DefaultBuildOperationRunner.java:53)
	at org.gradle.internal.execution.steps.BuildOperationStep.operation(BuildOperationStep.java:34)
	at org.gradle.internal.execution.steps.AbstractCaptureStateBeforeExecutionStep.captureExecutionState(AbstractCaptureStateBeforeExecutionStep.java:81)
	at org.gradle.internal.execution.steps.AbstractCaptureStateBeforeExecutionStep.execute(AbstractCaptureStateBeforeExecutionStep.java:65)
	at org.gradle.internal.execution.steps.AbstractCaptureStateBeforeExecutionStep.execute(AbstractCaptureStateBeforeExecutionStep.java:45)
	at org.gradle.internal.execution.steps.AbstractSkipEmptyWorkStep.executeWithNonEmptySources(AbstractSkipEmptyWorkStep.java:136)
	at org.gradle.internal.execution.steps.AbstractSkipEmptyWorkStep.execute(AbstractSkipEmptyWorkStep.java:61)
	at org.gradle.internal.execution.steps.AbstractSkipEmptyWorkStep.execute(AbstractSkipEmptyWorkStep.java:38)
	at org.gradle.internal.execution.steps.legacy.MarkSnapshottingInputsStartedStep.execute(MarkSnapshottingInputsStartedStep.java:38)
	at org.gradle.internal.execution.steps.LoadPreviousExecutionStateStep.execute(LoadPreviousExecutionStateStep.java:36)
	at org.gradle.internal.execution.steps.LoadPreviousExecutionStateStep.execute(LoadPreviousExecutionStateStep.java:23)
	at org.gradle.internal.execution.steps.HandleStaleOutputsStep.execute(HandleStaleOutputsStep.java:75)
	at org.gradle.internal.execution.steps.HandleStaleOutputsStep.execute(HandleStaleOutputsStep.java:41)
	at org.gradle.internal.execution.steps.AssignMutableWorkspaceStep.lambda$execute$0(AssignMutableWorkspaceStep.java:35)
	at org.gradle.api.internal.tasks.execution.TaskExecution$4.withWorkspace(TaskExecution.java:297)
	at org.gradle.internal.execution.steps.AssignMutableWorkspaceStep.execute(AssignMutableWorkspaceStep.java:31)
	at org.gradle.internal.execution.steps.AssignMutableWorkspaceStep.execute(AssignMutableWorkspaceStep.java:22)
	at org.gradle.internal.execution.steps.ChoosePipelineStep.execute(ChoosePipelineStep.java:40)
	at org.gradle.internal.execution.steps.ChoosePipelineStep.execute(ChoosePipelineStep.java:23)
	at org.gradle.internal.execution.steps.ExecuteWorkBuildOperationFiringStep.lambda$execute$2(ExecuteWorkBuildOperationFiringStep.java:67)
	at java.base/java.util.Optional.orElseGet(Optional.java:364)
	at org.gradle.internal.execution.steps.ExecuteWorkBuildOperationFiringStep.execute(ExecuteWorkBuildOperationFiringStep.java:67)
	at org.gradle.internal.execution.steps.ExecuteWorkBuildOperationFiringStep.execute(ExecuteWorkBuildOperationFiringStep.java:39)
	at org.gradle.internal.execution.steps.IdentityCacheStep.execute(IdentityCacheStep.java:46)
	at org.gradle.internal.execution.steps.IdentityCacheStep.execute(IdentityCacheStep.java:34)
	at org.gradle.internal.execution.steps.IdentifyStep.execute(IdentifyStep.java:44)
	at org.gradle.internal.execution.steps.IdentifyStep.execute(IdentifyStep.java:31)
	at org.gradle.internal.execution.impl.DefaultExecutionEngine$1.execute(DefaultExecutionEngine.java:64)
	at org.gradle.api.internal.tasks.execution.ExecuteActionsTaskExecuter.executeIfValid(ExecuteActionsTaskExecuter.java:132)
	at org.gradle.api.internal.tasks.execution.ExecuteActionsTaskExecuter.execute(ExecuteActionsTaskExecuter.java:121)
	at org.gradle.api.internal.tasks.execution.ProblemsTaskPathTrackingTaskExecuter.execute(ProblemsTaskPathTrackingTaskExecuter.java:41)
	at org.gradle.api.internal.tasks.execution.FinalizePropertiesTaskExecuter.execute(FinalizePropertiesTaskExecuter.java:46)
	at org.gradle.api.internal.tasks.execution.ResolveTaskExecutionModeExecuter.execute(ResolveTaskExecutionModeExecuter.java:51)
	at org.gradle.api.internal.tasks.execution.SkipTaskWithNoActionsExecuter.execute(SkipTaskWithNoActionsExecuter.java:57)
	at org.gradle.api.internal.tasks.execution.SkipOnlyIfTaskExecuter.execute(SkipOnlyIfTaskExecuter.java:74)
	at org.gradle.api.internal.tasks.execution.CatchExceptionTaskExecuter.execute(CatchExceptionTaskExecuter.java:36)
	at org.gradle.api.internal.tasks.execution.EventFiringTaskExecuter$1.executeTask(EventFiringTaskExecuter.java:77)
	at org.gradle.api.internal.tasks.execution.EventFiringTaskExecuter$1.call(EventFiringTaskExecuter.java:55)
	at org.gradle.api.internal.tasks.execution.EventFiringTaskExecuter$1.call(EventFiringTaskExecuter.java:52)
	at org.gradle.internal.operations.DefaultBuildOperationRunner$CallableBuildOperationWorker.execute(DefaultBuildOperationRunner.java:209)
	at org.gradle.internal.operations.DefaultBuildOperationRunner$CallableBuildOperationWorker.execute(DefaultBuildOperationRunner.java:204)
	at org.gradle.internal.operations.DefaultBuildOperationRunner$2.execute(DefaultBuildOperationRunner.java:66)
	at org.gradle.internal.operations.DefaultBuildOperationRunner$2.execute(DefaultBuildOperationRunner.java:59)
	at org.gradle.internal.operations.DefaultBuildOperationRunner.execute(DefaultBuildOperationRunner.java:166)
	at org.gradle.internal.operations.DefaultBuildOperationRunner.execute(DefaultBuildOperationRunner.java:59)
	at org.gradle.internal.operations.DefaultBuildOperationRunner.call(DefaultBuildOperationRunner.java:53)
	at org.gradle.api.internal.tasks.execution.EventFiringTaskExecuter.execute(EventFiringTaskExecuter.java:52)
	at org.gradle.execution.plan.DefaultNodeExecutor.executeLocalTaskNode(DefaultNodeExecutor.java:55)
	at org.gradle.execution.plan.DefaultNodeExecutor.execute(DefaultNodeExecutor.java:34)
	at org.gradle.execution.taskgraph.DefaultTaskExecutionGraph$InvokeNodeExecutorsAction.execute(DefaultTaskExecutionGraph.java:355)
	at org.gradle.execution.taskgraph.DefaultTaskExecutionGraph$InvokeNodeExecutorsAction.execute(DefaultTaskExecutionGraph.java:343)
	at org.gradle.execution.taskgraph.DefaultTaskExecutionGraph$BuildOperationAwareExecutionAction.lambda$execute$0(DefaultTaskExecutionGraph.java:339)
	at org.gradle.internal.operations.CurrentBuildOperationRef.with(CurrentBuildOperationRef.java:84)
	at org.gradle.execution.taskgraph.DefaultTaskExecutionGraph$BuildOperationAwareExecutionAction.execute(DefaultTaskExecutionGraph.java:339)
	at org.gradle.execution.taskgraph.DefaultTaskExecutionGraph$BuildOperationAwareExecutionAction.execute(DefaultTaskExecutionGraph.java:328)
	at org.gradle.execution.plan.DefaultPlanExecutor$ExecutorWorker.execute(DefaultPlanExecutor.java:459)
	at org.gradle.execution.plan.DefaultPlanExecutor$ExecutorWorker.run(DefaultPlanExecutor.java:376)
	at org.gradle.internal.concurrent.ExecutorPolicy$CatchAndRecordFailures.onExecute(ExecutorPolicy.java:64)
	at org.gradle.internal.concurrent.AbstractManagedExecutor$1.run(AbstractManagedExecutor.java:47)
	at java.base/java.util.concurrent.ThreadPoolExecutor.runWorker(ThreadPoolExecutor.java:1144)
	at java.base/java.util.concurrent.ThreadPoolExecutor$Worker.run(ThreadPoolExecutor.java:642)
	at java.base/java.lang.Thread.run(Thread.java:1583)
Caused by: org.gradle.api.internal.artifacts.transform.TransformException: Execution failed for DexingNoClasspathTransform: 
C:\Users\Pierre\.gradle\caches\modules-2\files-2.1\org.jetbrains.kotlin\kotlin-compiler-embeddable\2.2.0\8cfa2b049a4006d94474296df4abd9b50f288821\kotlin-compiler-embeddable-2.2.0.jar.
	at org.gradle.api.internal.artifacts.transform.DefaultTransformInvocationFactory.lambda$createInvocation$1(DefaultTransformInvocationFactory.java:167)
	at org.gradle.internal.Try$Failure.mapFailure(Try.java:279)
	at org.gradle.api.internal.artifacts.transform.DefaultTransformInvocationFactory.lambda$createInvocation$2(DefaultTransformInvocationFactory.java:167)
	at org.gradle.internal.Deferrable$1.applyAndRequireNonNull(Deferrable.java:63)
	at org.gradle.internal.Deferrable$1.completeAndGet(Deferrable.java:59)
	at org.gradle.internal.Deferrable$1.completeAndGet(Deferrable.java:59)
	at org.gradle.api.internal.artifacts.transform.TransformingAsyncArtifactListener$TransformedArtifact.finalizeValue(TransformingAsyncArtifactListener.java:222)
	at org.gradle.api.internal.artifacts.transform.TransformingAsyncArtifactListener$TransformedArtifact.run(TransformingAsyncArtifactListener.java:160)
	at org.gradle.internal.operations.DefaultBuildOperationRunner$2.execute(DefaultBuildOperationRunner.java:66)
	at org.gradle.internal.operations.DefaultBuildOperationRunner$2.execute(DefaultBuildOperationRunner.java:59)
	at org.gradle.internal.operations.DefaultBuildOperationRunner.execute(DefaultBuildOperationRunner.java:166)
	at org.gradle.internal.operations.DefaultBuildOperationRunner.execute(DefaultBuildOperationRunner.java:59)
	at org.gradle.internal.operations.DefaultBuildOperationExecutor.lambda$executeInParallel$0(DefaultBuildOperationExecutor.java:102)
	at org.gradle.internal.operations.DefaultBuildOperationQueue$WorkerRunnable.runOperation(DefaultBuildOperationQueue.java:292)
	at org.gradle.internal.operations.DefaultBuildOperationQueue$WorkerRunnable.doRunBatch(DefaultBuildOperationQueue.java:273)
	at org.gradle.internal.operations.DefaultBuildOperationQueue$WorkerRunnable.lambda$runBatch$0(DefaultBuildOperationQueue.java:258)
	at org.gradle.internal.resources.AbstractResourceLockRegistry.whileDisallowingLockChanges(AbstractResourceLockRegistry.java:50)
	at org.gradle.internal.work.DefaultWorkerLeaseService.whileDisallowingProjectLockChanges(DefaultWorkerLeaseService.java:233)
	at org.gradle.internal.operations.DefaultBuildOperationQueue$WorkerRunnable.lambda$runBatch$1(DefaultBuildOperationQueue.java:258)
	at org.gradle.internal.work.DefaultWorkerLeaseService.lambda$withLocksAcquired$0(DefaultWorkerLeaseService.java:269)
	at org.gradle.internal.work.ResourceLockStatistics$1.measure(ResourceLockStatistics.java:42)
	at org.gradle.internal.work.DefaultWorkerLeaseService.withLocksAcquired(DefaultWorkerLeaseService.java:267)
	at org.gradle.internal.work.DefaultWorkerLeaseService.withLocks(DefaultWorkerLeaseService.java:259)
	at org.gradle.internal.work.DefaultWorkerLeaseService.runAsWorkerThread(DefaultWorkerLeaseService.java:127)
	at org.gradle.internal.operations.DefaultBuildOperationQueue$WorkerRunnable.runBatch(DefaultBuildOperationQueue.java:244)
	at org.gradle.internal.operations.DefaultBuildOperationQueue$WorkerRunnable.runOperations(DefaultBuildOperationQueue.java:212)
	at org.gradle.internal.operations.CurrentBuildOperationRef.with(CurrentBuildOperationRef.java:84)
	at org.gradle.internal.operations.DefaultBuildOperationQueue$WorkerRunnable.run(DefaultBuildOperationQueue.java:205)
	... 5 more
Caused by: com.android.builder.dexing.DexArchiveBuilderException: Error while dexing.
Increase the minSdkVersion to 26 or above.

	at com.android.builder.dexing.D8DexArchiveBuilder.getExceptionToRethrow(D8DexArchiveBuilder.java:193)
	at com.android.builder.dexing.D8DexArchiveBuilder.convert(D8DexArchiveBuilder.java:132)
	at com.android.build.gradle.internal.dependency.BaseDexingTransform.process(DexingTransform.kt:292)
	at com.android.build.gradle.internal.dependency.BaseDexingTransform.processNonIncrementally(DexingTransform.kt:238)
	at com.android.build.gradle.internal.dependency.BaseDexingTransform.transform(DexingTransform.kt:150)
	at org.gradle.api.internal.artifacts.transform.DefaultTransform.transform(DefaultTransform.java:284)
	at org.gradle.api.internal.artifacts.transform.AbstractTransformExecution$2.call(AbstractTransformExecution.java:154)
	at org.gradle.api.internal.artifacts.transform.AbstractTransformExecution$2.call(AbstractTransformExecution.java:145)
	at org.gradle.internal.operations.DefaultBuildOperationRunner$CallableBuildOperationWorker.execute(DefaultBuildOperationRunner.java:209)
	at org.gradle.internal.operations.DefaultBuildOperationRunner$CallableBuildOperationWorker.execute(DefaultBuildOperationRunner.java:204)
	at org.gradle.internal.operations.DefaultBuildOperationRunner$2.execute(DefaultBuildOperationRunner.java:66)
	at org.gradle.internal.operations.DefaultBuildOperationRunner$2.execute(DefaultBuildOperationRunner.java:59)
	at org.gradle.internal.operations.DefaultBuildOperationRunner.execute(DefaultBuildOperationRunner.java:166)
	at org.gradle.internal.operations.DefaultBuildOperationRunner.execute(DefaultBuildOperationRunner.java:59)
	at org.gradle.internal.operations.DefaultBuildOperationRunner.call(DefaultBuildOperationRunner.java:53)
	at org.gradle.api.internal.artifacts.transform.AbstractTransformExecution.executeWithinTransformerListener(AbstractTransformExecution.java:145)
	at org.gradle.api.internal.artifacts.transform.AbstractTransformExecution.execute(AbstractTransformExecution.java:138)
	at org.gradle.internal.execution.steps.ExecuteStep.executeInternal(ExecuteStep.java:105)
	at org.gradle.internal.execution.steps.ExecuteStep.access$000(ExecuteStep.java:44)
	at org.gradle.internal.execution.steps.ExecuteStep$1.call(ExecuteStep.java:59)
	at org.gradle.internal.execution.steps.ExecuteStep$1.call(ExecuteStep.java:56)
	at org.gradle.internal.operations.DefaultBuildOperationRunner$CallableBuildOperationWorker.execute(DefaultBuildOperationRunner.java:209)
	at org.gradle.internal.operations.DefaultBuildOperationRunner$CallableBuildOperationWorker.execute(DefaultBuildOperationRunner.java:204)
	at org.gradle.internal.operations.DefaultBuildOperationRunner$2.execute(DefaultBuildOperationRunner.java:66)
	at org.gradle.internal.operations.DefaultBuildOperationRunner$2.execute(DefaultBuildOperationRunner.java:59)
	at org.gradle.internal.operations.DefaultBuildOperationRunner.execute(DefaultBuildOperationRunner.java:166)
	at org.gradle.internal.operations.DefaultBuildOperationRunner.execute(DefaultBuildOperationRunner.java:59)
	at org.gradle.internal.operations.DefaultBuildOperationRunner.call(DefaultBuildOperationRunner.java:53)
	at org.gradle.internal.execution.steps.ExecuteStep.execute(ExecuteStep.java:56)
	at org.gradle.internal.execution.steps.ExecuteStep.execute(ExecuteStep.java:44)
	at org.gradle.internal.execution.steps.CancelExecutionStep.execute(CancelExecutionStep.java:42)
	at org.gradle.internal.execution.steps.TimeoutStep.executeWithoutTimeout(TimeoutStep.java:75)
	at org.gradle.internal.execution.steps.TimeoutStep.execute(TimeoutStep.java:55)
	at org.gradle.internal.execution.steps.PreCreateOutputParentsStep.execute(PreCreateOutputParentsStep.java:50)
	at org.gradle.internal.execution.steps.PreCreateOutputParentsStep.execute(PreCreateOutputParentsStep.java:28)
	at org.gradle.internal.execution.steps.BroadcastChangingOutputsStep.execute(BroadcastChangingOutputsStep.java:61)
	at org.gradle.internal.execution.steps.BroadcastChangingOutputsStep.execute(BroadcastChangingOutputsStep.java:26)
	at org.gradle.internal.execution.steps.NoInputChangesStep.execute(NoInputChangesStep.java:30)
	at org.gradle.internal.execution.steps.NoInputChangesStep.execute(NoInputChangesStep.java:21)
	at org.gradle.internal.execution.steps.CaptureOutputsAfterExecutionStep.execute(CaptureOutputsAfterExecutionStep.java:69)
	at org.gradle.internal.execution.steps.CaptureOutputsAfterExecutionStep.execute(CaptureOutputsAfterExecutionStep.java:46)
	at org.gradle.internal.execution.steps.BuildCacheStep.executeWithoutCache(BuildCacheStep.java:189)
	at org.gradle.internal.execution.steps.BuildCacheStep.lambda$execute$1(BuildCacheStep.java:75)
	at org.gradle.internal.Either$Right.fold(Either.java:176)
	at org.gradle.internal.execution.caching.CachingState.fold(CachingState.java:62)
	at org.gradle.internal.execution.steps.BuildCacheStep.execute(BuildCacheStep.java:73)
	at org.gradle.internal.execution.steps.BuildCacheStep.execute(BuildCacheStep.java:48)
	at org.gradle.internal.execution.steps.NeverUpToDateStep.execute(NeverUpToDateStep.java:34)
	at org.gradle.internal.execution.steps.NeverUpToDateStep.execute(NeverUpToDateStep.java:22)
	at org.gradle.internal.execution.steps.legacy.MarkSnapshottingInputsFinishedStep.execute(MarkSnapshottingInputsFinishedStep.java:37)
	at org.gradle.internal.execution.steps.legacy.MarkSnapshottingInputsFinishedStep.execute(MarkSnapshottingInputsFinishedStep.java:27)
	at org.gradle.internal.execution.steps.ResolveNonIncrementalCachingStateStep.executeDelegate(ResolveNonIncrementalCachingStateStep.java:50)
	at org.gradle.internal.execution.steps.AbstractResolveCachingStateStep.execute(AbstractResolveCachingStateStep.java:71)
	at org.gradle.internal.execution.steps.AbstractResolveCachingStateStep.execute(AbstractResolveCachingStateStep.java:39)
	at org.gradle.internal.execution.steps.ValidateStep.execute(ValidateStep.java:62)
	at org.gradle.internal.execution.steps.ValidateStep.execute(ValidateStep.java:40)
	at org.gradle.internal.execution.steps.AbstractCaptureStateBeforeExecutionStep.execute(AbstractCaptureStateBeforeExecutionStep.java:76)
	at org.gradle.internal.execution.steps.AbstractCaptureStateBeforeExecutionStep.execute(AbstractCaptureStateBeforeExecutionStep.java:45)
	at org.gradle.internal.execution.steps.legacy.MarkSnapshottingInputsStartedStep.execute(MarkSnapshottingInputsStartedStep.java:38)
	at org.gradle.internal.execution.steps.AssignImmutableWorkspaceStep.executeInWorkspace(AssignImmutableWorkspaceStep.java:260)
	at org.gradle.internal.execution.steps.AssignImmutableWorkspaceStep.lambda$execute$0(AssignImmutableWorkspaceStep.java:150)
	at java.base/java.util.Optional.orElseGet(Optional.java:364)
	at org.gradle.internal.execution.steps.AssignImmutableWorkspaceStep.lambda$execute$1(AssignImmutableWorkspaceStep.java:148)
	at org.gradle.internal.execution.workspace.impl.CacheBasedImmutableWorkspaceProvider$CacheContainer.lambda$withFileLock$0(CacheBasedImmutableWorkspaceProvider.java:178)
	at org.gradle.cache.internal.LockOnDemandCrossProcessCacheAccess.withFileLock(LockOnDemandCrossProcessCacheAccess.java:90)
	at org.gradle.cache.internal.DefaultCacheCoordinator.withFileLock(DefaultCacheCoordinator.java:226)
	at org.gradle.cache.internal.DefaultPersistentDirectoryStore.withFileLock(DefaultPersistentDirectoryStore.java:147)
	at org.gradle.cache.internal.DefaultCacheFactory$ReferenceTrackingCache.withFileLock(DefaultCacheFactory.java:203)
	at org.gradle.internal.execution.workspace.impl.CacheBasedImmutableWorkspaceProvider$CacheContainer.withFileLock(CacheBasedImmutableWorkspaceProvider.java:175)
	at org.gradle.internal.execution.workspace.impl.CacheBasedImmutableWorkspaceProvider$2.withWorkspaceLock(CacheBasedImmutableWorkspaceProvider.java:155)
	at org.gradle.internal.execution.steps.AssignImmutableWorkspaceStep.execute(AssignImmutableWorkspaceStep.java:146)
	at org.gradle.internal.execution.steps.AssignImmutableWorkspaceStep.execute(AssignImmutableWorkspaceStep.java:92)
	at org.gradle.internal.execution.steps.ChoosePipelineStep.execute(ChoosePipelineStep.java:38)
	at org.gradle.internal.execution.steps.ChoosePipelineStep.execute(ChoosePipelineStep.java:23)
	at org.gradle.internal.execution.steps.ExecuteWorkBuildOperationFiringStep.lambda$execute$0(ExecuteWorkBuildOperationFiringStep.java:53)
	at org.gradle.internal.execution.steps.BuildOperationStep$1.call(BuildOperationStep.java:37)
	at org.gradle.internal.operations.DefaultBuildOperationRunner$CallableBuildOperationWorker.execute(DefaultBuildOperationRunner.java:209)
	at org.gradle.internal.operations.DefaultBuildOperationRunner$CallableBuildOperationWorker.execute(DefaultBuildOperationRunner.java:204)
	at org.gradle.internal.operations.DefaultBuildOperationRunner$2.execute(DefaultBuildOperationRunner.java:66)
	at org.gradle.internal.operations.DefaultBuildOperationRunner$2.execute(DefaultBuildOperationRunner.java:59)
	at org.gradle.internal.operations.DefaultBuildOperationRunner.execute(DefaultBuildOperationRunner.java:166)
	at org.gradle.internal.operations.DefaultBuildOperationRunner.execute(DefaultBuildOperationRunner.java:59)
	at org.gradle.internal.operations.DefaultBuildOperationRunner.call(DefaultBuildOperationRunner.java:53)
	at org.gradle.internal.execution.steps.BuildOperationStep.operation(BuildOperationStep.java:34)
	at org.gradle.internal.execution.steps.ExecuteWorkBuildOperationFiringStep.lambda$execute$1(ExecuteWorkBuildOperationFiringStep.java:51)
	at java.base/java.util.Optional.map(Optional.java:260)
	at org.gradle.internal.execution.steps.ExecuteWorkBuildOperationFiringStep.execute(ExecuteWorkBuildOperationFiringStep.java:51)
	at org.gradle.internal.execution.steps.ExecuteWorkBuildOperationFiringStep.execute(ExecuteWorkBuildOperationFiringStep.java:39)
	at org.gradle.internal.execution.steps.IdentityCacheStep.execute(IdentityCacheStep.java:46)
	at org.gradle.internal.execution.steps.IdentityCacheStep.executeInCache(IdentityCacheStep.java:80)
	at org.gradle.internal.execution.steps.IdentityCacheStep.lambda$executeDeferred$0(IdentityCacheStep.java:60)
	at org.gradle.cache.Cache.lambda$get$0(Cache.java:32)
	at java.base/java.util.concurrent.ConcurrentHashMap.computeIfAbsent(ConcurrentHashMap.java:1708)
	at org.gradle.cache.ManualEvictionInMemoryCache.get(ManualEvictionInMemoryCache.java:30)
	at org.gradle.cache.internal.DefaultCrossBuildInMemoryCacheFactory$CrossBuildCacheRetainingDataFromPreviousBuild.get(DefaultCrossBuildInMemoryCacheFactory.java:303)
	at org.gradle.cache.Cache.get(Cache.java:32)
	at org.gradle.internal.execution.steps.IdentityCacheStep.lambda$executeDeferred$1(IdentityCacheStep.java:58)
	at org.gradle.internal.Deferrable$3.completeAndGet(Deferrable.java:117)
	... 29 more
Caused by: java.lang.RuntimeException: Error: UnsupportedFeature(invoke-polymorphic-method-handle)

	at com.android.builder.dexing.D8DexArchiveBuilder.getExceptionToRethrow(D8DexArchiveBuilder.java:185)
	... 126 more
	Suppressed: com.android.tools.r8.CompilationFailedException: Compilation failed to complete, position: Lorg/jetbrains/kotlin/com/intellij/util/ui/EDT;->dispatchAllInvocationEvents()V, origin: C:\Users\Pierre\.gradle\caches\mo
dules-2\files-2.1\org.jetbrains.kotlin\kotlin-compiler-embeddable\2.2.0\8cfa2b049a4006d94474296df4abd9b50f288821\kotlin-compiler-embeddable-2.2.0.jar:org/jetbrains/kotlin/com/intellij/util/ui/EDT.class
		at Version.fakeStackEntry(Version_9.0.32.java:0)
		at com.android.tools.r8.q0.a(R8_9.0.32_0325ff4e5530605303f16bce95067542c9515161eb3404778aa4f682efdc3ff7:1)
		at com.android.tools.r8.internal.du0.a(R8_9.0.32_0325ff4e5530605303f16bce95067542c9515161eb3404778aa4f682efdc3ff7:81)
		at com.android.tools.r8.internal.du0.a(R8_9.0.32_0325ff4e5530605303f16bce95067542c9515161eb3404778aa4f682efdc3ff7:32)
		at com.android.tools.r8.internal.du0.a(R8_9.0.32_0325ff4e5530605303f16bce95067542c9515161eb3404778aa4f682efdc3ff7:31)
		at com.android.tools.r8.internal.du0.b(R8_9.0.32_0325ff4e5530605303f16bce95067542c9515161eb3404778aa4f682efdc3ff7:2)
		at com.android.tools.r8.D8.run(R8_9.0.32_0325ff4e5530605303f16bce95067542c9515161eb3404778aa4f682efdc3ff7:11)
		at com.android.builder.dexing.D8DexArchiveBuilder.convert(D8DexArchiveBuilder.java:130)
		... 125 more
	Caused by: com.android.tools.r8.internal.j: MethodHandle.invoke and MethodHandle.invokeExact are only supported starting with Android O (--min-api 26): 
Lorg/jetbrains/kotlin/com/intellij/util/ui/EDT;->dispatchAllInvocationEvents()V
		at com.android.tools.r8.internal.wi3.a(R8_9.0.32_0325ff4e5530605303f16bce95067542c9515161eb3404778aa4f682efdc3ff7:21)
		at com.android.tools.r8.internal.wi3.warning(R8_9.0.32_0325ff4e5530605303f16bce95067542c9515161eb3404778aa4f682efdc3ff7:1)
		at com.android.tools.r8.internal.rg4.a(R8_9.0.32_0325ff4e5530605303f16bce95067542c9515161eb3404778aa4f682efdc3ff7:11)
		at com.android.tools.r8.internal.tg4.a(R8_9.0.32_0325ff4e5530605303f16bce95067542c9515161eb3404778aa4f682efdc3ff7:7)
		at com.android.tools.r8.internal.cb0.a(R8_9.0.32_0325ff4e5530605303f16bce95067542c9515161eb3404778aa4f682efdc3ff7:4)
		at com.android.tools.r8.internal.pn2.a(R8_9.0.32_0325ff4e5530605303f16bce95067542c9515161eb3404778aa4f682efdc3ff7:268)
		at com.android.tools.r8.internal.pn2.a(R8_9.0.32_0325ff4e5530605303f16bce95067542c9515161eb3404778aa4f682efdc3ff7:168)
		at com.android.tools.r8.internal.n82.b(R8_9.0.32_0325ff4e5530605303f16bce95067542c9515161eb3404778aa4f682efdc3ff7:3)
		at com.android.tools.r8.internal.pn2.a(R8_9.0.32_0325ff4e5530605303f16bce95067542c9515161eb3404778aa4f682efdc3ff7:100)
		at com.android.tools.r8.internal.z03.a(R8_9.0.32_0325ff4e5530605303f16bce95067542c9515161eb3404778aa4f682efdc3ff7:307)
		at com.android.tools.r8.internal.du0.a(R8_9.0.32_0325ff4e5530605303f16bce95067542c9515161eb3404778aa4f682efdc3ff7:133)
		at com.android.tools.r8.internal.z03.a(R8_9.0.32_0325ff4e5530605303f16bce95067542c9515161eb3404778aa4f682efdc3ff7:218)
		at com.android.tools.r8.internal.r40.a(R8_9.0.32_0325ff4e5530605303f16bce95067542c9515161eb3404778aa4f682efdc3ff7:142)
		at com.android.tools.r8.internal.z03.a(R8_9.0.32_0325ff4e5530605303f16bce95067542c9515161eb3404778aa4f682efdc3ff7:258)
		at com.android.tools.r8.internal.ir.b(R8_9.0.32_0325ff4e5530605303f16bce95067542c9515161eb3404778aa4f682efdc3ff7:27)
		at com.android.tools.r8.internal.gr.a(R8_9.0.32_0325ff4e5530605303f16bce95067542c9515161eb3404778aa4f682efdc3ff7:1)
		at com.android.tools.r8.internal.ir.c(R8_9.0.32_0325ff4e5530605303f16bce95067542c9515161eb3404778aa4f682efdc3ff7:1)
		at com.android.tools.r8.internal.w74.a(R8_9.0.32_0325ff4e5530605303f16bce95067542c9515161eb3404778aa4f682efdc3ff7:40)
		at com.google.common.util.concurrent.TrustedListenableFutureTask$TrustedFutureInterruptibleTask.runInterruptibly(TrustedListenableFutureTask.java:131)
		at com.google.common.util.concurrent.InterruptibleTask.run(InterruptibleTask.java:76)
		at com.google.common.util.concurrent.TrustedListenableFutureTask.run(TrustedListenableFutureTask.java:82)
		at com.google.common.util.concurrent.DirectExecutorService.execute(DirectExecutorService.java:51)
		at java.base/java.util.concurrent.AbstractExecutorService.submit(AbstractExecutorService.java:145)
		at com.google.common.util.concurrent.AbstractListeningExecutorService.submit(AbstractListeningExecutorService.java:79)
		at com.google.common.util.concurrent.AbstractListeningExecutorService.submit(AbstractListeningExecutorService.java:37)
		at com.android.tools.r8.internal.x74.submit(R8_9.0.32_0325ff4e5530605303f16bce95067542c9515161eb3404778aa4f682efdc3ff7:1)
		at com.android.tools.r8.internal.c74.a(R8_9.0.32_0325ff4e5530605303f16bce95067542c9515161eb3404778aa4f682efdc3ff7:15)
		at com.android.tools.r8.internal.c74.b(R8_9.0.32_0325ff4e5530605303f16bce95067542c9515161eb3404778aa4f682efdc3ff7:3)
		at com.android.tools.r8.internal.w74.a(R8_9.0.32_0325ff4e5530605303f16bce95067542c9515161eb3404778aa4f682efdc3ff7:27)
		at com.android.tools.r8.internal.ir.a(R8_9.0.32_0325ff4e5530605303f16bce95067542c9515161eb3404778aa4f682efdc3ff7:92)
		at com.android.tools.r8.internal.ir.a(R8_9.0.32_0325ff4e5530605303f16bce95067542c9515161eb3404778aa4f682efdc3ff7:3)
		at com.android.tools.r8.internal.z03.a(R8_9.0.32_0325ff4e5530605303f16bce95067542c9515161eb3404778aa4f682efdc3ff7:225)
		at com.android.tools.r8.internal.z03.a(R8_9.0.32_0325ff4e5530605303f16bce95067542c9515161eb3404778aa4f682efdc3ff7:24)
		at com.android.tools.r8.D8.d(R8_9.0.32_0325ff4e5530605303f16bce95067542c9515161eb3404778aa4f682efdc3ff7:73)
		at com.android.tools.r8.D8.b(R8_9.0.32_0325ff4e5530605303f16bce95067542c9515161eb3404778aa4f682efdc3ff7:1)
		at com.android.tools.r8.internal.du0.a(R8_9.0.32_0325ff4e5530605303f16bce95067542c9515161eb3404778aa4f682efdc3ff7:28)
		... 128 more
		Suppressed: java.lang.RuntimeException: com.android.tools.r8.internal.j: MethodHandle.invoke and MethodHandle.invokeExact are only supported starting with Android O (--min-api 26): 
Lorg/jetbrains/kotlin/com/intellij/util/ui/EDT;->dispatchAllInvocationEvents()V
			at com.android.tools.r8.internal.wi3.a(R8_9.0.32_0325ff4e5530605303f16bce95067542c9515161eb3404778aa4f682efdc3ff7:27)
			at com.android.tools.r8.dex.k.a(R8_9.0.32_0325ff4e5530605303f16bce95067542c9515161eb3404778aa4f682efdc3ff7:247)
			at com.android.tools.r8.D8.a(R8_9.0.32_0325ff4e5530605303f16bce95067542c9515161eb3404778aa4f682efdc3ff7:116)
			at com.android.tools.r8.D8.d(R8_9.0.32_0325ff4e5530605303f16bce95067542c9515161eb3404778aa4f682efdc3ff7:151)
			... 130 more
		Caused by: java.lang.Throwable: [CIRCULAR REFERENCE: com.android.tools.r8.internal.j: MethodHandle.invoke and MethodHandle.invokeExact are only supported starting with Android O (--min-api 26): 
Lorg/jetbrains/kotlin/com/intellij/util/ui/EDT;->dispatchAllInvocationEvents()V]
			at com.android.tools.r8.internal.wi3.a(R8_9.0.32_0325ff4e5530605303f16bce95067542c9515161eb3404778aa4f682efdc3ff7:21)
			at com.android.tools.r8.internal.wi3.warning(R8_9.0.32_0325ff4e5530605303f16bce95067542c9515161eb3404778aa4f682efdc3ff7:1)
			at com.android.tools.r8.internal.rg4.a(R8_9.0.32_0325ff4e5530605303f16bce95067542c9515161eb3404778aa4f682efdc3ff7:11)
			at com.android.tools.r8.internal.tg4.a(R8_9.0.32_0325ff4e5530605303f16bce95067542c9515161eb3404778aa4f682efdc3ff7:7)
			at com.android.tools.r8.internal.cb0.a(R8_9.0.32_0325ff4e5530605303f16bce95067542c9515161eb3404778aa4f682efdc3ff7:4)
			at com.android.tools.r8.internal.pn2.a(R8_9.0.32_0325ff4e5530605303f16bce95067542c9515161eb3404778aa4f682efdc3ff7:268)
			at com.android.tools.r8.internal.pn2.a(R8_9.0.32_0325ff4e5530605303f16bce95067542c9515161eb3404778aa4f682efdc3ff7:168)
			at com.android.tools.r8.internal.n82.b(R8_9.0.32_0325ff4e5530605303f16bce95067542c9515161eb3404778aa4f682efdc3ff7:3)
			at com.android.tools.r8.internal.pn2.a(R8_9.0.32_0325ff4e5530605303f16bce95067542c9515161eb3404778aa4f682efdc3ff7:100)
			at com.android.tools.r8.internal.z03.a(R8_9.0.32_0325ff4e5530605303f16bce95067542c9515161eb3404778aa4f682efdc3ff7:307)
			at com.android.tools.r8.internal.du0.a(R8_9.0.32_0325ff4e5530605303f16bce95067542c9515161eb3404778aa4f682efdc3ff7:133)
			at com.android.tools.r8.internal.z03.a(R8_9.0.32_0325ff4e5530605303f16bce95067542c9515161eb3404778aa4f682efdc3ff7:218)
			at com.android.tools.r8.internal.r40.a(R8_9.0.32_0325ff4e5530605303f16bce95067542c9515161eb3404778aa4f682efdc3ff7:142)
			at com.android.tools.r8.internal.z03.a(R8_9.0.32_0325ff4e5530605303f16bce95067542c9515161eb3404778aa4f682efdc3ff7:258)
			at com.android.tools.r8.internal.ir.b(R8_9.0.32_0325ff4e5530605303f16bce95067542c9515161eb3404778aa4f682efdc3ff7:27)
			at com.android.tools.r8.internal.gr.a(R8_9.0.32_0325ff4e5530605303f16bce95067542c9515161eb3404778aa4f682efdc3ff7:1)
			at com.android.tools.r8.internal.ir.c(R8_9.0.32_0325ff4e5530605303f16bce95067542c9515161eb3404778aa4f682efdc3ff7:1)
			at com.android.tools.r8.internal.w74.a(R8_9.0.32_0325ff4e5530605303f16bce95067542c9515161eb3404778aa4f682efdc3ff7:40)
			at com.google.common.util.concurrent.TrustedListenableFutureTask$TrustedFutureInterruptibleTask.runInterruptibly(TrustedListenableFutureTask.java:131)
			at com.google.common.util.concurrent.InterruptibleTask.run(InterruptibleTask.java:76)
			at com.google.common.util.concurrent.TrustedListenableFutureTask.run(TrustedListenableFutureTask.java:82)
			at com.google.common.util.concurrent.DirectExecutorService.execute(DirectExecutorService.java:51)
			at java.base/java.util.concurrent.AbstractExecutorService.submit(AbstractExecutorService.java:145)
			at com.google.common.util.concurrent.AbstractListeningExecutorService.submit(AbstractListeningExecutorService.java:79)
			at com.google.common.util.concurrent.AbstractListeningExecutorService.submit(AbstractListeningExecutorService.java:37)
			at com.android.tools.r8.internal.x74.submit(R8_9.0.32_0325ff4e5530605303f16bce95067542c9515161eb3404778aa4f682efdc3ff7:1)
			at com.android.tools.r8.internal.c74.a(R8_9.0.32_0325ff4e5530605303f16bce95067542c9515161eb3404778aa4f682efdc3ff7:15)
			at com.android.tools.r8.internal.c74.b(R8_9.0.32_0325ff4e5530605303f16bce95067542c9515161eb3404778aa4f682efdc3ff7:3)
			at com.android.tools.r8.internal.w74.a(R8_9.0.32_0325ff4e5530605303f16bce95067542c9515161eb3404778aa4f682efdc3ff7:27)
			at com.android.tools.r8.internal.ir.a(R8_9.0.32_0325ff4e5530605303f16bce95067542c9515161eb3404778aa4f682efdc3ff7:92)
			at com.android.tools.r8.internal.ir.a(R8_9.0.32_0325ff4e5530605303f16bce95067542c9515161eb3404778aa4f682efdc3ff7:3)
			at com.android.tools.r8.internal.z03.a(R8_9.0.32_0325ff4e5530605303f16bce95067542c9515161eb3404778aa4f682efdc3ff7:225)
			at com.android.tools.r8.internal.z03.a(R8_9.0.32_0325ff4e5530605303f16bce95067542c9515161eb3404778aa4f682efdc3ff7:24)
			at com.android.tools.r8.D8.d(R8_9.0.32_0325ff4e5530605303f16bce95067542c9515161eb3404778aa4f682efdc3ff7:73)
			... 130 more
Cause 3: org.gradle.api.internal.artifacts.transform.TransformException: Failed to transform kotlin-annotation-processing-embeddable-2.2.0.jar (org.jetbrains.kotlin:kotlin-annotation-processing-embeddable:2.2.0) to match 
attributes {artifactType=android-dex, dexing-component-attributes=ComponentSpecificParameters(minSdkVersion=24, debuggable=true, enableCoreLibraryDesugaring=false, enableGlobalSynthetics=false, enableApiModeling=false, 
dependenciesClassesAreInstrumented=false, asmTransformComponent=null, useJacocoTransformInstrumentation=false, enableDesugaring=true, needsClasspath=false, useFullClasspath=false, componentIfUsingFullClasspath=null), 
org.gradle.category=library, org.gradle.libraryelements=jar, org.gradle.status=release, org.gradle.usage=java-runtime}.
	at org.gradle.api.internal.artifacts.transform.TransformingAsyncArtifactListener$TransformedArtifact.lambda$visit$4(TransformingAsyncArtifactListener.java:256)
	at org.gradle.internal.Try$Failure.ifSuccessfulOrElse(Try.java:288)
	at org.gradle.api.internal.artifacts.transform.TransformingAsyncArtifactListener$TransformedArtifact.visit(TransformingAsyncArtifactListener.java:248)
	at org.gradle.api.internal.artifacts.ivyservice.resolveengine.artifact.ParallelResolveArtifactSet$VisitingSet$StartVisitAction.visitResults(ParallelResolveArtifactSet.java:100)
	at org.gradle.api.internal.artifacts.ivyservice.resolveengine.artifact.ParallelResolveArtifactSet$VisitingSet.visit(ParallelResolveArtifactSet.java:69)
	at org.gradle.api.internal.artifacts.ivyservice.resolveengine.artifact.ResolvedArtifactSetResolver$1.run(ResolvedArtifactSetResolver.java:68)
	at org.gradle.internal.operations.DefaultBuildOperationRunner$1.execute(DefaultBuildOperationRunner.java:29)
	at org.gradle.internal.operations.DefaultBuildOperationRunner$1.execute(DefaultBuildOperationRunner.java:26)
	at org.gradle.internal.operations.DefaultBuildOperationRunner$2.execute(DefaultBuildOperationRunner.java:66)
	at org.gradle.internal.operations.DefaultBuildOperationRunner$2.execute(DefaultBuildOperationRunner.java:59)
	at org.gradle.internal.operations.DefaultBuildOperationRunner.execute(DefaultBuildOperationRunner.java:166)
	at org.gradle.internal.operations.DefaultBuildOperationRunner.execute(DefaultBuildOperationRunner.java:59)
	at org.gradle.internal.operations.DefaultBuildOperationRunner.run(DefaultBuildOperationRunner.java:47)
	at org.gradle.api.internal.artifacts.ivyservice.resolveengine.artifact.ResolvedArtifactSetResolver.visitArtifacts(ResolvedArtifactSetResolver.java:65)
	at org.gradle.api.internal.artifacts.ivyservice.resolveengine.artifact.ResolvedArtifactSetResolver.lambda$visitInUnmanagedWorkerThread$0(ResolvedArtifactSetResolver.java:61)
	at org.gradle.internal.work.DefaultWorkerLeaseService.runAsUnmanagedWorkerThread(DefaultWorkerLeaseService.java:139)
	at org.gradle.api.internal.artifacts.ivyservice.resolveengine.artifact.ResolvedArtifactSetResolver.visitInUnmanagedWorkerThread(ResolvedArtifactSetResolver.java:61)
	at org.gradle.api.internal.artifacts.ivyservice.resolveengine.artifact.DefaultSelectedArtifactSet.visitArtifacts(DefaultSelectedArtifactSet.java:59)
	at org.gradle.api.internal.artifacts.configurations.ResolutionResultProviderBackedSelectedArtifactSet.visitArtifacts(ResolutionResultProviderBackedSelectedArtifactSet.java:52)
	at org.gradle.api.internal.artifacts.ivyservice.resolveengine.artifact.SelectedArtifactSet.visitFiles(SelectedArtifactSet.java:34)
	at org.gradle.api.internal.artifacts.configurations.ResolutionBackedFileCollection.visitContents(ResolutionBackedFileCollection.java:75)
	at org.gradle.api.internal.file.AbstractFileCollection.visitStructure(AbstractFileCollection.java:361)
	at org.gradle.api.internal.file.CompositeFileCollection.lambda$visitContents$0(CompositeFileCollection.java:112)
	at org.gradle.api.internal.file.collections.UnpackingVisitor.add(UnpackingVisitor.java:66)
	at org.gradle.api.internal.file.collections.UnpackingVisitor.add(UnpackingVisitor.java:91)
	at org.gradle.api.internal.file.DefaultFileCollectionFactory$ResolvingFileCollection.visitChildren(DefaultFileCollectionFactory.java:311)
	at org.gradle.api.internal.file.CompositeFileCollection.visitContents(CompositeFileCollection.java:112)
	at org.gradle.api.internal.file.AbstractFileCollection.visitStructure(AbstractFileCollection.java:361)
	at org.gradle.api.internal.file.CompositeFileCollection.lambda$visitContents$0(CompositeFileCollection.java:112)
	at org.gradle.api.internal.tasks.PropertyFileCollection.visitChildren(PropertyFileCollection.java:48)
	at org.gradle.api.internal.file.CompositeFileCollection.visitContents(CompositeFileCollection.java:112)
	at org.gradle.api.internal.file.AbstractFileCollection.visitStructure(AbstractFileCollection.java:361)
	at org.gradle.internal.fingerprint.impl.DefaultFileCollectionSnapshotter.snapshot(DefaultFileCollectionSnapshotter.java:48)
	at org.gradle.internal.execution.impl.DefaultInputFingerprinter$InputCollectingVisitor.visitInputFileProperty(DefaultInputFingerprinter.java:153)
	at org.gradle.api.internal.tasks.execution.TaskExecution.visitRegularInputs(TaskExecution.java:332)
	at org.gradle.internal.execution.impl.DefaultInputFingerprinter.fingerprintInputProperties(DefaultInputFingerprinter.java:79)
	at org.gradle.internal.execution.steps.AbstractCaptureStateBeforeExecutionStep.captureExecutionStateWithOutputs(AbstractCaptureStateBeforeExecutionStep.java:121)
	at org.gradle.internal.execution.steps.AbstractCaptureStateBeforeExecutionStep.lambda$captureExecutionState$0(AbstractCaptureStateBeforeExecutionStep.java:86)
	at org.gradle.internal.execution.steps.BuildOperationStep$1.call(BuildOperationStep.java:37)
	at org.gradle.internal.operations.DefaultBuildOperationRunner$CallableBuildOperationWorker.execute(DefaultBuildOperationRunner.java:209)
	at org.gradle.internal.operations.DefaultBuildOperationRunner$CallableBuildOperationWorker.execute(DefaultBuildOperationRunner.java:204)
	at org.gradle.internal.operations.DefaultBuildOperationRunner$2.execute(DefaultBuildOperationRunner.java:66)
	at org.gradle.internal.operations.DefaultBuildOperationRunner$2.execute(DefaultBuildOperationRunner.java:59)
	at org.gradle.internal.operations.DefaultBuildOperationRunner.execute(DefaultBuildOperationRunner.java:166)
	at org.gradle.internal.operations.DefaultBuildOperationRunner.execute(DefaultBuildOperationRunner.java:59)
	at org.gradle.internal.operations.DefaultBuildOperationRunner.call(DefaultBuildOperationRunner.java:53)
	at org.gradle.internal.execution.steps.BuildOperationStep.operation(BuildOperationStep.java:34)
	at org.gradle.internal.execution.steps.AbstractCaptureStateBeforeExecutionStep.captureExecutionState(AbstractCaptureStateBeforeExecutionStep.java:81)
	at org.gradle.internal.execution.steps.AbstractCaptureStateBeforeExecutionStep.execute(AbstractCaptureStateBeforeExecutionStep.java:65)
	at org.gradle.internal.execution.steps.AbstractCaptureStateBeforeExecutionStep.execute(AbstractCaptureStateBeforeExecutionStep.java:45)
	at org.gradle.internal.execution.steps.AbstractSkipEmptyWorkStep.executeWithNonEmptySources(AbstractSkipEmptyWorkStep.java:136)
	at org.gradle.internal.execution.steps.AbstractSkipEmptyWorkStep.execute(AbstractSkipEmptyWorkStep.java:61)
	at org.gradle.internal.execution.steps.AbstractSkipEmptyWorkStep.execute(AbstractSkipEmptyWorkStep.java:38)
	at org.gradle.internal.execution.steps.legacy.MarkSnapshottingInputsStartedStep.execute(MarkSnapshottingInputsStartedStep.java:38)
	at org.gradle.internal.execution.steps.LoadPreviousExecutionStateStep.execute(LoadPreviousExecutionStateStep.java:36)
	at org.gradle.internal.execution.steps.LoadPreviousExecutionStateStep.execute(LoadPreviousExecutionStateStep.java:23)
	at org.gradle.internal.execution.steps.HandleStaleOutputsStep.execute(HandleStaleOutputsStep.java:75)
	at org.gradle.internal.execution.steps.HandleStaleOutputsStep.execute(HandleStaleOutputsStep.java:41)
	at org.gradle.internal.execution.steps.AssignMutableWorkspaceStep.lambda$execute$0(AssignMutableWorkspaceStep.java:35)
	at org.gradle.api.internal.tasks.execution.TaskExecution$4.withWorkspace(TaskExecution.java:297)
	at org.gradle.internal.execution.steps.AssignMutableWorkspaceStep.execute(AssignMutableWorkspaceStep.java:31)
	at org.gradle.internal.execution.steps.AssignMutableWorkspaceStep.execute(AssignMutableWorkspaceStep.java:22)
	at org.gradle.internal.execution.steps.ChoosePipelineStep.execute(ChoosePipelineStep.java:40)
	at org.gradle.internal.execution.steps.ChoosePipelineStep.execute(ChoosePipelineStep.java:23)
	at org.gradle.internal.execution.steps.ExecuteWorkBuildOperationFiringStep.lambda$execute$2(ExecuteWorkBuildOperationFiringStep.java:67)
	at java.base/java.util.Optional.orElseGet(Optional.java:364)
	at org.gradle.internal.execution.steps.ExecuteWorkBuildOperationFiringStep.execute(ExecuteWorkBuildOperationFiringStep.java:67)
	at org.gradle.internal.execution.steps.ExecuteWorkBuildOperationFiringStep.execute(ExecuteWorkBuildOperationFiringStep.java:39)
	at org.gradle.internal.execution.steps.IdentityCacheStep.execute(IdentityCacheStep.java:46)
	at org.gradle.internal.execution.steps.IdentityCacheStep.execute(IdentityCacheStep.java:34)
	at org.gradle.internal.execution.steps.IdentifyStep.execute(IdentifyStep.java:44)
	at org.gradle.internal.execution.steps.IdentifyStep.execute(IdentifyStep.java:31)
	at org.gradle.internal.execution.impl.DefaultExecutionEngine$1.execute(DefaultExecutionEngine.java:64)
	at org.gradle.api.internal.tasks.execution.ExecuteActionsTaskExecuter.executeIfValid(ExecuteActionsTaskExecuter.java:132)
	at org.gradle.api.internal.tasks.execution.ExecuteActionsTaskExecuter.execute(ExecuteActionsTaskExecuter.java:121)
	at org.gradle.api.internal.tasks.execution.ProblemsTaskPathTrackingTaskExecuter.execute(ProblemsTaskPathTrackingTaskExecuter.java:41)
	at org.gradle.api.internal.tasks.execution.FinalizePropertiesTaskExecuter.execute(FinalizePropertiesTaskExecuter.java:46)
	at org.gradle.api.internal.tasks.execution.ResolveTaskExecutionModeExecuter.execute(ResolveTaskExecutionModeExecuter.java:51)
	at org.gradle.api.internal.tasks.execution.SkipTaskWithNoActionsExecuter.execute(SkipTaskWithNoActionsExecuter.java:57)
	at org.gradle.api.internal.tasks.execution.SkipOnlyIfTaskExecuter.execute(SkipOnlyIfTaskExecuter.java:74)
	at org.gradle.api.internal.tasks.execution.CatchExceptionTaskExecuter.execute(CatchExceptionTaskExecuter.java:36)
	at org.gradle.api.internal.tasks.execution.EventFiringTaskExecuter$1.executeTask(EventFiringTaskExecuter.java:77)
	at org.gradle.api.internal.tasks.execution.EventFiringTaskExecuter$1.call(EventFiringTaskExecuter.java:55)
	at org.gradle.api.internal.tasks.execution.EventFiringTaskExecuter$1.call(EventFiringTaskExecuter.java:52)
	at org.gradle.internal.operations.DefaultBuildOperationRunner$CallableBuildOperationWorker.execute(DefaultBuildOperationRunner.java:209)
	at org.gradle.internal.operations.DefaultBuildOperationRunner$CallableBuildOperationWorker.execute(DefaultBuildOperationRunner.java:204)
	at org.gradle.internal.operations.DefaultBuildOperationRunner$2.execute(DefaultBuildOperationRunner.java:66)
	at org.gradle.internal.operations.DefaultBuildOperationRunner$2.execute(DefaultBuildOperationRunner.java:59)
	at org.gradle.internal.operations.DefaultBuildOperationRunner.execute(DefaultBuildOperationRunner.java:166)
	at org.gradle.internal.operations.DefaultBuildOperationRunner.execute(DefaultBuildOperationRunner.java:59)
	at org.gradle.internal.operations.DefaultBuildOperationRunner.call(DefaultBuildOperationRunner.java:53)
	at org.gradle.api.internal.tasks.execution.EventFiringTaskExecuter.execute(EventFiringTaskExecuter.java:52)
	at org.gradle.execution.plan.DefaultNodeExecutor.executeLocalTaskNode(DefaultNodeExecutor.java:55)
	at org.gradle.execution.plan.DefaultNodeExecutor.execute(DefaultNodeExecutor.java:34)
	at org.gradle.execution.taskgraph.DefaultTaskExecutionGraph$InvokeNodeExecutorsAction.execute(DefaultTaskExecutionGraph.java:355)
	at org.gradle.execution.taskgraph.DefaultTaskExecutionGraph$InvokeNodeExecutorsAction.execute(DefaultTaskExecutionGraph.java:343)
	at org.gradle.execution.taskgraph.DefaultTaskExecutionGraph$BuildOperationAwareExecutionAction.lambda$execute$0(DefaultTaskExecutionGraph.java:339)
	at org.gradle.internal.operations.CurrentBuildOperationRef.with(CurrentBuildOperationRef.java:84)
	at org.gradle.execution.taskgraph.DefaultTaskExecutionGraph$BuildOperationAwareExecutionAction.execute(DefaultTaskExecutionGraph.java:339)
	at org.gradle.execution.taskgraph.DefaultTaskExecutionGraph$BuildOperationAwareExecutionAction.execute(DefaultTaskExecutionGraph.java:328)
	at org.gradle.execution.plan.DefaultPlanExecutor$ExecutorWorker.execute(DefaultPlanExecutor.java:459)
	at org.gradle.execution.plan.DefaultPlanExecutor$ExecutorWorker.run(DefaultPlanExecutor.java:376)
	at org.gradle.internal.concurrent.ExecutorPolicy$CatchAndRecordFailures.onExecute(ExecutorPolicy.java:64)
	at org.gradle.internal.concurrent.AbstractManagedExecutor$1.run(AbstractManagedExecutor.java:47)
	at java.base/java.util.concurrent.ThreadPoolExecutor.runWorker(ThreadPoolExecutor.java:1144)
	at java.base/java.util.concurrent.ThreadPoolExecutor$Worker.run(ThreadPoolExecutor.java:642)
	at java.base/java.lang.Thread.run(Thread.java:1583)
Caused by: org.gradle.api.internal.artifacts.transform.TransformException: Execution failed for DexingNoClasspathTransform: 
C:\Users\Pierre\.gradle\caches\modules-2\files-2.1\org.jetbrains.kotlin\kotlin-annotation-processing-embeddable\2.2.0\944a8b045adf3b81f32c5843229a90d3792dc7d8\kotlin-annotation-processing-embeddable-2.2.0.jar.
	at org.gradle.api.internal.artifacts.transform.DefaultTransformInvocationFactory.lambda$createInvocation$1(DefaultTransformInvocationFactory.java:167)
	at org.gradle.internal.Try$Failure.mapFailure(Try.java:279)
	at org.gradle.api.internal.artifacts.transform.DefaultTransformInvocationFactory.lambda$createInvocation$2(DefaultTransformInvocationFactory.java:167)
	at org.gradle.internal.Deferrable$1.applyAndRequireNonNull(Deferrable.java:63)
	at org.gradle.internal.Deferrable$1.completeAndGet(Deferrable.java:59)
	at org.gradle.internal.Deferrable$1.completeAndGet(Deferrable.java:59)
	at org.gradle.api.internal.artifacts.transform.TransformingAsyncArtifactListener$TransformedArtifact.finalizeValue(TransformingAsyncArtifactListener.java:222)
	at org.gradle.api.internal.artifacts.transform.TransformingAsyncArtifactListener$TransformedArtifact.run(TransformingAsyncArtifactListener.java:160)
	at org.gradle.internal.operations.DefaultBuildOperationRunner$2.execute(DefaultBuildOperationRunner.java:66)
	at org.gradle.internal.operations.DefaultBuildOperationRunner$2.execute(DefaultBuildOperationRunner.java:59)
	at org.gradle.internal.operations.DefaultBuildOperationRunner.execute(DefaultBuildOperationRunner.java:166)
	at org.gradle.internal.operations.DefaultBuildOperationRunner.execute(DefaultBuildOperationRunner.java:59)
	at org.gradle.internal.operations.DefaultBuildOperationExecutor.lambda$executeInParallel$0(DefaultBuildOperationExecutor.java:102)
	at org.gradle.internal.operations.DefaultBuildOperationQueue$WorkerRunnable.runOperation(DefaultBuildOperationQueue.java:292)
	at org.gradle.internal.operations.DefaultBuildOperationQueue$WorkerRunnable.doRunBatch(DefaultBuildOperationQueue.java:273)
	at org.gradle.internal.operations.DefaultBuildOperationQueue$WorkerRunnable.lambda$runBatch$0(DefaultBuildOperationQueue.java:258)
	at org.gradle.internal.resources.AbstractResourceLockRegistry.whileDisallowingLockChanges(AbstractResourceLockRegistry.java:50)
	at org.gradle.internal.work.DefaultWorkerLeaseService.whileDisallowingProjectLockChanges(DefaultWorkerLeaseService.java:233)
	at org.gradle.internal.operations.DefaultBuildOperationQueue$WorkerRunnable.lambda$runBatch$1(DefaultBuildOperationQueue.java:258)
	at org.gradle.internal.work.DefaultWorkerLeaseService.lambda$withLocksAcquired$0(DefaultWorkerLeaseService.java:269)
	at org.gradle.internal.work.ResourceLockStatistics$1.measure(ResourceLockStatistics.java:42)
	at org.gradle.internal.work.DefaultWorkerLeaseService.withLocksAcquired(DefaultWorkerLeaseService.java:267)
	at org.gradle.internal.work.DefaultWorkerLeaseService.withLocks(DefaultWorkerLeaseService.java:259)
	at org.gradle.internal.work.DefaultWorkerLeaseService.runAsWorkerThread(DefaultWorkerLeaseService.java:127)
	at org.gradle.internal.operations.DefaultBuildOperationQueue$WorkerRunnable.runBatch(DefaultBuildOperationQueue.java:244)
	at org.gradle.internal.operations.DefaultBuildOperationQueue$WorkerRunnable.runOperations(DefaultBuildOperationQueue.java:212)
	at org.gradle.internal.operations.CurrentBuildOperationRef.with(CurrentBuildOperationRef.java:84)
	at org.gradle.internal.operations.DefaultBuildOperationQueue$WorkerRunnable.run(DefaultBuildOperationQueue.java:205)
	... 5 more
Caused by: com.android.builder.dexing.DexArchiveBuilderException: Error while dexing.
Increase the minSdkVersion to 26 or above.

	at com.android.builder.dexing.D8DexArchiveBuilder.getExceptionToRethrow(D8DexArchiveBuilder.java:193)
	at com.android.builder.dexing.D8DexArchiveBuilder.convert(D8DexArchiveBuilder.java:132)
	at com.android.build.gradle.internal.dependency.BaseDexingTransform.process(DexingTransform.kt:292)
	at com.android.build.gradle.internal.dependency.BaseDexingTransform.processNonIncrementally(DexingTransform.kt:238)
	at com.android.build.gradle.internal.dependency.BaseDexingTransform.transform(DexingTransform.kt:150)
	at org.gradle.api.internal.artifacts.transform.DefaultTransform.transform(DefaultTransform.java:284)
	at org.gradle.api.internal.artifacts.transform.AbstractTransformExecution$2.call(AbstractTransformExecution.java:154)
	at org.gradle.api.internal.artifacts.transform.AbstractTransformExecution$2.call(AbstractTransformExecution.java:145)
	at org.gradle.internal.operations.DefaultBuildOperationRunner$CallableBuildOperationWorker.execute(DefaultBuildOperationRunner.java:209)
	at org.gradle.internal.operations.DefaultBuildOperationRunner$CallableBuildOperationWorker.execute(DefaultBuildOperationRunner.java:204)
	at org.gradle.internal.operations.DefaultBuildOperationRunner$2.execute(DefaultBuildOperationRunner.java:66)
	at org.gradle.internal.operations.DefaultBuildOperationRunner$2.execute(DefaultBuildOperationRunner.java:59)
	at org.gradle.internal.operations.DefaultBuildOperationRunner.execute(DefaultBuildOperationRunner.java:166)
	at org.gradle.internal.operations.DefaultBuildOperationRunner.execute(DefaultBuildOperationRunner.java:59)
	at org.gradle.internal.operations.DefaultBuildOperationRunner.call(DefaultBuildOperationRunner.java:53)
	at org.gradle.api.internal.artifacts.transform.AbstractTransformExecution.executeWithinTransformerListener(AbstractTransformExecution.java:145)
	at org.gradle.api.internal.artifacts.transform.AbstractTransformExecution.execute(AbstractTransformExecution.java:138)
	at org.gradle.internal.execution.steps.ExecuteStep.executeInternal(ExecuteStep.java:105)
	at org.gradle.internal.execution.steps.ExecuteStep.access$000(ExecuteStep.java:44)
	at org.gradle.internal.execution.steps.ExecuteStep$1.call(ExecuteStep.java:59)
	at org.gradle.internal.execution.steps.ExecuteStep$1.call(ExecuteStep.java:56)
	at org.gradle.internal.operations.DefaultBuildOperationRunner$CallableBuildOperationWorker.execute(DefaultBuildOperationRunner.java:209)
	at org.gradle.internal.operations.DefaultBuildOperationRunner$CallableBuildOperationWorker.execute(DefaultBuildOperationRunner.java:204)
	at org.gradle.internal.operations.DefaultBuildOperationRunner$2.execute(DefaultBuildOperationRunner.java:66)
	at org.gradle.internal.operations.DefaultBuildOperationRunner$2.execute(DefaultBuildOperationRunner.java:59)
	at org.gradle.internal.operations.DefaultBuildOperationRunner.execute(DefaultBuildOperationRunner.java:166)
	at org.gradle.internal.operations.DefaultBuildOperationRunner.execute(DefaultBuildOperationRunner.java:59)
	at org.gradle.internal.operations.DefaultBuildOperationRunner.call(DefaultBuildOperationRunner.java:53)
	at org.gradle.internal.execution.steps.ExecuteStep.execute(ExecuteStep.java:56)
	at org.gradle.internal.execution.steps.ExecuteStep.execute(ExecuteStep.java:44)
	at org.gradle.internal.execution.steps.CancelExecutionStep.execute(CancelExecutionStep.java:42)
	at org.gradle.internal.execution.steps.TimeoutStep.executeWithoutTimeout(TimeoutStep.java:75)
	at org.gradle.internal.execution.steps.TimeoutStep.execute(TimeoutStep.java:55)
	at org.gradle.internal.execution.steps.PreCreateOutputParentsStep.execute(PreCreateOutputParentsStep.java:50)
	at org.gradle.internal.execution.steps.PreCreateOutputParentsStep.execute(PreCreateOutputParentsStep.java:28)
	at org.gradle.internal.execution.steps.BroadcastChangingOutputsStep.execute(BroadcastChangingOutputsStep.java:61)
	at org.gradle.internal.execution.steps.BroadcastChangingOutputsStep.execute(BroadcastChangingOutputsStep.java:26)
	at org.gradle.internal.execution.steps.NoInputChangesStep.execute(NoInputChangesStep.java:30)
	at org.gradle.internal.execution.steps.NoInputChangesStep.execute(NoInputChangesStep.java:21)
	at org.gradle.internal.execution.steps.CaptureOutputsAfterExecutionStep.execute(CaptureOutputsAfterExecutionStep.java:69)
	at org.gradle.internal.execution.steps.CaptureOutputsAfterExecutionStep.execute(CaptureOutputsAfterExecutionStep.java:46)
	at org.gradle.internal.execution.steps.BuildCacheStep.executeWithoutCache(BuildCacheStep.java:189)
	at org.gradle.internal.execution.steps.BuildCacheStep.lambda$execute$1(BuildCacheStep.java:75)
	at org.gradle.internal.Either$Right.fold(Either.java:176)
	at org.gradle.internal.execution.caching.CachingState.fold(CachingState.java:62)
	at org.gradle.internal.execution.steps.BuildCacheStep.execute(BuildCacheStep.java:73)
	at org.gradle.internal.execution.steps.BuildCacheStep.execute(BuildCacheStep.java:48)
	at org.gradle.internal.execution.steps.NeverUpToDateStep.execute(NeverUpToDateStep.java:34)
	at org.gradle.internal.execution.steps.NeverUpToDateStep.execute(NeverUpToDateStep.java:22)
	at org.gradle.internal.execution.steps.legacy.MarkSnapshottingInputsFinishedStep.execute(MarkSnapshottingInputsFinishedStep.java:37)
	at org.gradle.internal.execution.steps.legacy.MarkSnapshottingInputsFinishedStep.execute(MarkSnapshottingInputsFinishedStep.java:27)
	at org.gradle.internal.execution.steps.ResolveNonIncrementalCachingStateStep.executeDelegate(ResolveNonIncrementalCachingStateStep.java:50)
	at org.gradle.internal.execution.steps.AbstractResolveCachingStateStep.execute(AbstractResolveCachingStateStep.java:71)
	at org.gradle.internal.execution.steps.AbstractResolveCachingStateStep.execute(AbstractResolveCachingStateStep.java:39)
	at org.gradle.internal.execution.steps.ValidateStep.execute(ValidateStep.java:62)
	at org.gradle.internal.execution.steps.ValidateStep.execute(ValidateStep.java:40)
	at org.gradle.internal.execution.steps.AbstractCaptureStateBeforeExecutionStep.execute(AbstractCaptureStateBeforeExecutionStep.java:76)
	at org.gradle.internal.execution.steps.AbstractCaptureStateBeforeExecutionStep.execute(AbstractCaptureStateBeforeExecutionStep.java:45)
	at org.gradle.internal.execution.steps.legacy.MarkSnapshottingInputsStartedStep.execute(MarkSnapshottingInputsStartedStep.java:38)
	at org.gradle.internal.execution.steps.AssignImmutableWorkspaceStep.executeInWorkspace(AssignImmutableWorkspaceStep.java:260)
	at org.gradle.internal.execution.steps.AssignImmutableWorkspaceStep.lambda$execute$0(AssignImmutableWorkspaceStep.java:150)
	at java.base/java.util.Optional.orElseGet(Optional.java:364)
	at org.gradle.internal.execution.steps.AssignImmutableWorkspaceStep.lambda$execute$1(AssignImmutableWorkspaceStep.java:148)
	at org.gradle.internal.execution.workspace.impl.CacheBasedImmutableWorkspaceProvider$CacheContainer.lambda$withFileLock$0(CacheBasedImmutableWorkspaceProvider.java:178)
	at org.gradle.cache.internal.LockOnDemandCrossProcessCacheAccess.withFileLock(LockOnDemandCrossProcessCacheAccess.java:90)
	at org.gradle.cache.internal.DefaultCacheCoordinator.withFileLock(DefaultCacheCoordinator.java:226)
	at org.gradle.cache.internal.DefaultPersistentDirectoryStore.withFileLock(DefaultPersistentDirectoryStore.java:147)
	at org.gradle.cache.internal.DefaultCacheFactory$ReferenceTrackingCache.withFileLock(DefaultCacheFactory.java:203)
	at org.gradle.internal.execution.workspace.impl.CacheBasedImmutableWorkspaceProvider$CacheContainer.withFileLock(CacheBasedImmutableWorkspaceProvider.java:175)
	at org.gradle.internal.execution.workspace.impl.CacheBasedImmutableWorkspaceProvider$2.withWorkspaceLock(CacheBasedImmutableWorkspaceProvider.java:155)
	at org.gradle.internal.execution.steps.AssignImmutableWorkspaceStep.execute(AssignImmutableWorkspaceStep.java:146)
	at org.gradle.internal.execution.steps.AssignImmutableWorkspaceStep.execute(AssignImmutableWorkspaceStep.java:92)
	at org.gradle.internal.execution.steps.ChoosePipelineStep.execute(ChoosePipelineStep.java:38)
	at org.gradle.internal.execution.steps.ChoosePipelineStep.execute(ChoosePipelineStep.java:23)
	at org.gradle.internal.execution.steps.ExecuteWorkBuildOperationFiringStep.lambda$execute$0(ExecuteWorkBuildOperationFiringStep.java:53)
	at org.gradle.internal.execution.steps.BuildOperationStep$1.call(BuildOperationStep.java:37)
	at org.gradle.internal.operations.DefaultBuildOperationRunner$CallableBuildOperationWorker.execute(DefaultBuildOperationRunner.java:209)
	at org.gradle.internal.operations.DefaultBuildOperationRunner$CallableBuildOperationWorker.execute(DefaultBuildOperationRunner.java:204)
	at org.gradle.internal.operations.DefaultBuildOperationRunner$2.execute(DefaultBuildOperationRunner.java:66)
	at org.gradle.internal.operations.DefaultBuildOperationRunner$2.execute(DefaultBuildOperationRunner.java:59)
	at org.gradle.internal.operations.DefaultBuildOperationRunner.execute(DefaultBuildOperationRunner.java:166)
	at org.gradle.internal.operations.DefaultBuildOperationRunner.execute(DefaultBuildOperationRunner.java:59)
	at org.gradle.internal.operations.DefaultBuildOperationRunner.call(DefaultBuildOperationRunner.java:53)
	at org.gradle.internal.execution.steps.BuildOperationStep.operation(BuildOperationStep.java:34)
	at org.gradle.internal.execution.steps.ExecuteWorkBuildOperationFiringStep.lambda$execute$1(ExecuteWorkBuildOperationFiringStep.java:51)
	at java.base/java.util.Optional.map(Optional.java:260)
	at org.gradle.internal.execution.steps.ExecuteWorkBuildOperationFiringStep.execute(ExecuteWorkBuildOperationFiringStep.java:51)
	at org.gradle.internal.execution.steps.ExecuteWorkBuildOperationFiringStep.execute(ExecuteWorkBuildOperationFiringStep.java:39)
	at org.gradle.internal.execution.steps.IdentityCacheStep.execute(IdentityCacheStep.java:46)
	at org.gradle.internal.execution.steps.IdentityCacheStep.executeInCache(IdentityCacheStep.java:80)
	at org.gradle.internal.execution.steps.IdentityCacheStep.lambda$executeDeferred$0(IdentityCacheStep.java:60)
	at org.gradle.cache.Cache.lambda$get$0(Cache.java:32)
	at java.base/java.util.concurrent.ConcurrentHashMap.computeIfAbsent(ConcurrentHashMap.java:1740)
	at org.gradle.cache.ManualEvictionInMemoryCache.get(ManualEvictionInMemoryCache.java:30)
	at org.gradle.cache.internal.DefaultCrossBuildInMemoryCacheFactory$CrossBuildCacheRetainingDataFromPreviousBuild.get(DefaultCrossBuildInMemoryCacheFactory.java:303)
	at org.gradle.cache.Cache.get(Cache.java:32)
	at org.gradle.internal.execution.steps.IdentityCacheStep.lambda$executeDeferred$1(IdentityCacheStep.java:58)
	at org.gradle.internal.Deferrable$3.completeAndGet(Deferrable.java:117)
	... 29 more
Caused by: java.lang.RuntimeException: Error: UnsupportedFeature(invoke-polymorphic-method-handle)

	at com.android.builder.dexing.D8DexArchiveBuilder.getExceptionToRethrow(D8DexArchiveBuilder.java:185)
	... 126 more
	Suppressed: com.android.tools.r8.CompilationFailedException: Compilation failed to complete, position: Lorg/jetbrains/kotlin/kapt/base/util/ModuleManipulationUtilsKt;->openPackages(Ljava/util/Collection;)V, origin: C:\Users\P
ierre\.gradle\caches\modules-2\files-2.1\org.jetbrains.kotlin\kotlin-annotation-processing-embeddable\2.2.0\944a8b045adf3b81f32c5843229a90d3792dc7d8\kotlin-annotation-processing-embeddable-2.2.0.jar:org/jetbrains/kotlin/kapt/b
ase/util/ModuleManipulationUtilsKt.class
		at Version.fakeStackEntry(Version_9.0.32.java:0)
		at com.android.tools.r8.q0.a(R8_9.0.32_0325ff4e5530605303f16bce95067542c9515161eb3404778aa4f682efdc3ff7:1)
		at com.android.tools.r8.internal.du0.a(R8_9.0.32_0325ff4e5530605303f16bce95067542c9515161eb3404778aa4f682efdc3ff7:81)
		at com.android.tools.r8.internal.du0.a(R8_9.0.32_0325ff4e5530605303f16bce95067542c9515161eb3404778aa4f682efdc3ff7:32)
		at com.android.tools.r8.internal.du0.a(R8_9.0.32_0325ff4e5530605303f16bce95067542c9515161eb3404778aa4f682efdc3ff7:31)
		at com.android.tools.r8.internal.du0.b(R8_9.0.32_0325ff4e5530605303f16bce95067542c9515161eb3404778aa4f682efdc3ff7:2)
		at com.android.tools.r8.D8.run(R8_9.0.32_0325ff4e5530605303f16bce95067542c9515161eb3404778aa4f682efdc3ff7:11)
		at com.android.builder.dexing.D8DexArchiveBuilder.convert(D8DexArchiveBuilder.java:130)
		... 125 more
	Caused by: com.android.tools.r8.internal.j: MethodHandle.invoke and MethodHandle.invokeExact are only supported starting with Android O (--min-api 26): 
Lorg/jetbrains/kotlin/kapt/base/util/ModuleManipulationUtilsKt;->openPackages(Ljava/util/Collection;)V
		at com.android.tools.r8.internal.wi3.a(R8_9.0.32_0325ff4e5530605303f16bce95067542c9515161eb3404778aa4f682efdc3ff7:21)
		at com.android.tools.r8.internal.wi3.warning(R8_9.0.32_0325ff4e5530605303f16bce95067542c9515161eb3404778aa4f682efdc3ff7:1)
		at com.android.tools.r8.internal.rg4.a(R8_9.0.32_0325ff4e5530605303f16bce95067542c9515161eb3404778aa4f682efdc3ff7:11)
		at com.android.tools.r8.internal.tg4.a(R8_9.0.32_0325ff4e5530605303f16bce95067542c9515161eb3404778aa4f682efdc3ff7:7)
		at com.android.tools.r8.internal.cb0.a(R8_9.0.32_0325ff4e5530605303f16bce95067542c9515161eb3404778aa4f682efdc3ff7:4)
		at com.android.tools.r8.internal.pn2.a(R8_9.0.32_0325ff4e5530605303f16bce95067542c9515161eb3404778aa4f682efdc3ff7:268)
		at com.android.tools.r8.internal.pn2.a(R8_9.0.32_0325ff4e5530605303f16bce95067542c9515161eb3404778aa4f682efdc3ff7:168)
		at com.android.tools.r8.internal.n82.b(R8_9.0.32_0325ff4e5530605303f16bce95067542c9515161eb3404778aa4f682efdc3ff7:3)
		at com.android.tools.r8.internal.pn2.a(R8_9.0.32_0325ff4e5530605303f16bce95067542c9515161eb3404778aa4f682efdc3ff7:100)
		at com.android.tools.r8.internal.z03.a(R8_9.0.32_0325ff4e5530605303f16bce95067542c9515161eb3404778aa4f682efdc3ff7:307)
		at com.android.tools.r8.internal.du0.a(R8_9.0.32_0325ff4e5530605303f16bce95067542c9515161eb3404778aa4f682efdc3ff7:133)
		at com.android.tools.r8.internal.z03.a(R8_9.0.32_0325ff4e5530605303f16bce95067542c9515161eb3404778aa4f682efdc3ff7:218)
		at com.android.tools.r8.internal.r40.a(R8_9.0.32_0325ff4e5530605303f16bce95067542c9515161eb3404778aa4f682efdc3ff7:142)
		at com.android.tools.r8.internal.z03.a(R8_9.0.32_0325ff4e5530605303f16bce95067542c9515161eb3404778aa4f682efdc3ff7:258)
		at com.android.tools.r8.internal.ir.b(R8_9.0.32_0325ff4e5530605303f16bce95067542c9515161eb3404778aa4f682efdc3ff7:27)
		at com.android.tools.r8.internal.gr.a(R8_9.0.32_0325ff4e5530605303f16bce95067542c9515161eb3404778aa4f682efdc3ff7:1)
		at com.android.tools.r8.internal.ir.c(R8_9.0.32_0325ff4e5530605303f16bce95067542c9515161eb3404778aa4f682efdc3ff7:1)
		at com.android.tools.r8.internal.w74.a(R8_9.0.32_0325ff4e5530605303f16bce95067542c9515161eb3404778aa4f682efdc3ff7:40)
		at com.google.common.util.concurrent.TrustedListenableFutureTask$TrustedFutureInterruptibleTask.runInterruptibly(TrustedListenableFutureTask.java:131)
		at com.google.common.util.concurrent.InterruptibleTask.run(InterruptibleTask.java:76)
		at com.google.common.util.concurrent.TrustedListenableFutureTask.run(TrustedListenableFutureTask.java:82)
		at com.google.common.util.concurrent.DirectExecutorService.execute(DirectExecutorService.java:51)
		at java.base/java.util.concurrent.AbstractExecutorService.submit(AbstractExecutorService.java:145)
		at com.google.common.util.concurrent.AbstractListeningExecutorService.submit(AbstractListeningExecutorService.java:79)
		at com.google.common.util.concurrent.AbstractListeningExecutorService.submit(AbstractListeningExecutorService.java:37)
		at com.android.tools.r8.internal.x74.submit(R8_9.0.32_0325ff4e5530605303f16bce95067542c9515161eb3404778aa4f682efdc3ff7:1)
		at com.android.tools.r8.internal.c74.a(R8_9.0.32_0325ff4e5530605303f16bce95067542c9515161eb3404778aa4f682efdc3ff7:15)
		at com.android.tools.r8.internal.c74.b(R8_9.0.32_0325ff4e5530605303f16bce95067542c9515161eb3404778aa4f682efdc3ff7:3)
12 actionable tasks: 12 executed
		at com.android.tools.r8.internal.w74.a(R8_9.0.32_0325ff4e5530605303f16bce95067542c9515161eb3404778aa4f682efdc3ff7:27)
		at com.android.tools.r8.internal.ir.a(R8_9.0.32_0325ff4e5530605303f16bce95067542c9515161eb3404778aa4f682efdc3ff7:92)
		at com.android.tools.r8.internal.ir.a(R8_9.0.32_0325ff4e5530605303f16bce95067542c9515161eb3404778aa4f682efdc3ff7:3)
		at com.android.tools.r8.internal.z03.a(R8_9.0.32_0325ff4e5530605303f16bce95067542c9515161eb3404778aa4f682efdc3ff7:225)
		at com.android.tools.r8.internal.z03.a(R8_9.0.32_0325ff4e5530605303f16bce95067542c9515161eb3404778aa4f682efdc3ff7:24)
		at com.android.tools.r8.D8.d(R8_9.0.32_0325ff4e5530605303f16bce95067542c9515161eb3404778aa4f682efdc3ff7:73)
		at com.android.tools.r8.D8.b(R8_9.0.32_0325ff4e5530605303f16bce95067542c9515161eb3404778aa4f682efdc3ff7:1)
		at com.android.tools.r8.internal.du0.a(R8_9.0.32_0325ff4e5530605303f16bce95067542c9515161eb3404778aa4f682efdc3ff7:28)
		... 128 more
		Suppressed: java.lang.RuntimeException: com.android.tools.r8.internal.j: MethodHandle.invoke and MethodHandle.invokeExact are only supported starting with Android O (--min-api 26): 
Lorg/jetbrains/kotlin/kapt/base/util/ModuleManipulationUtilsKt;->openPackages(Ljava/util/Collection;)V
			at com.android.tools.r8.internal.wi3.a(R8_9.0.32_0325ff4e5530605303f16bce95067542c9515161eb3404778aa4f682efdc3ff7:27)
			at com.android.tools.r8.dex.k.a(R8_9.0.32_0325ff4e5530605303f16bce95067542c9515161eb3404778aa4f682efdc3ff7:247)
			at com.android.tools.r8.D8.a(R8_9.0.32_0325ff4e5530605303f16bce95067542c9515161eb3404778aa4f682efdc3ff7:116)
			at com.android.tools.r8.D8.d(R8_9.0.32_0325ff4e5530605303f16bce95067542c9515161eb3404778aa4f682efdc3ff7:151)
			... 130 more
		Caused by: java.lang.Throwable: [CIRCULAR REFERENCE: com.android.tools.r8.internal.j: MethodHandle.invoke and MethodHandle.invokeExact are only supported starting with Android O (--min-api 26): 
Lorg/jetbrains/kotlin/kapt/base/util/ModuleManipulationUtilsKt;->openPackages(Ljava/util/Collection;)V]
			at com.android.tools.r8.internal.wi3.a(R8_9.0.32_0325ff4e5530605303f16bce95067542c9515161eb3404778aa4f682efdc3ff7:21)
			at com.android.tools.r8.internal.wi3.warning(R8_9.0.32_0325ff4e5530605303f16bce95067542c9515161eb3404778aa4f682efdc3ff7:1)
			at com.android.tools.r8.internal.rg4.a(R8_9.0.32_0325ff4e5530605303f16bce95067542c9515161eb3404778aa4f682efdc3ff7:11)
			at com.android.tools.r8.internal.tg4.a(R8_9.0.32_0325ff4e5530605303f16bce95067542c9515161eb3404778aa4f682efdc3ff7:7)
			at com.android.tools.r8.internal.cb0.a(R8_9.0.32_0325ff4e5530605303f16bce95067542c9515161eb3404778aa4f682efdc3ff7:4)
			at com.android.tools.r8.internal.pn2.a(R8_9.0.32_0325ff4e5530605303f16bce95067542c9515161eb3404778aa4f682efdc3ff7:268)
			at com.android.tools.r8.internal.pn2.a(R8_9.0.32_0325ff4e5530605303f16bce95067542c9515161eb3404778aa4f682efdc3ff7:168)
			at com.android.tools.r8.internal.n82.b(R8_9.0.32_0325ff4e5530605303f16bce95067542c9515161eb3404778aa4f682efdc3ff7:3)
			at com.android.tools.r8.internal.pn2.a(R8_9.0.32_0325ff4e5530605303f16bce95067542c9515161eb3404778aa4f682efdc3ff7:100)
			at com.android.tools.r8.internal.z03.a(R8_9.0.32_0325ff4e5530605303f16bce95067542c9515161eb3404778aa4f682efdc3ff7:307)
			at com.android.tools.r8.internal.du0.a(R8_9.0.32_0325ff4e5530605303f16bce95067542c9515161eb3404778aa4f682efdc3ff7:133)
			at com.android.tools.r8.internal.z03.a(R8_9.0.32_0325ff4e5530605303f16bce95067542c9515161eb3404778aa4f682efdc3ff7:218)
			at com.android.tools.r8.internal.r40.a(R8_9.0.32_0325ff4e5530605303f16bce95067542c9515161eb3404778aa4f682efdc3ff7:142)
			at com.android.tools.r8.internal.z03.a(R8_9.0.32_0325ff4e5530605303f16bce95067542c9515161eb3404778aa4f682efdc3ff7:258)
			at com.android.tools.r8.internal.ir.b(R8_9.0.32_0325ff4e5530605303f16bce95067542c9515161eb3404778aa4f682efdc3ff7:27)
			at com.android.tools.r8.internal.gr.a(R8_9.0.32_0325ff4e5530605303f16bce95067542c9515161eb3404778aa4f682efdc3ff7:1)
			at com.android.tools.r8.internal.ir.c(R8_9.0.32_0325ff4e5530605303f16bce95067542c9515161eb3404778aa4f682efdc3ff7:1)
			at com.android.tools.r8.internal.w74.a(R8_9.0.32_0325ff4e5530605303f16bce95067542c9515161eb3404778aa4f682efdc3ff7:40)
			at com.google.common.util.concurrent.TrustedListenableFutureTask$TrustedFutureInterruptibleTask.runInterruptibly(TrustedListenableFutureTask.java:131)
			at com.google.common.util.concurrent.InterruptibleTask.run(InterruptibleTask.java:76)
			at com.google.common.util.concurrent.TrustedListenableFutureTask.run(TrustedListenableFutureTask.java:82)
			at com.google.common.util.concurrent.DirectExecutorService.execute(DirectExecutorService.java:51)
			at java.base/java.util.concurrent.AbstractExecutorService.submit(AbstractExecutorService.java:145)
			at com.google.common.util.concurrent.AbstractListeningExecutorService.submit(AbstractListeningExecutorService.java:79)
			at com.google.common.util.concurrent.AbstractListeningExecutorService.submit(AbstractListeningExecutorService.java:37)
			at com.android.tools.r8.internal.x74.submit(R8_9.0.32_0325ff4e5530605303f16bce95067542c9515161eb3404778aa4f682efdc3ff7:1)
			at com.android.tools.r8.internal.c74.a(R8_9.0.32_0325ff4e5530605303f16bce95067542c9515161eb3404778aa4f682efdc3ff7:15)
			at com.android.tools.r8.internal.c74.b(R8_9.0.32_0325ff4e5530605303f16bce95067542c9515161eb3404778aa4f682efdc3ff7:3)
			at com.android.tools.r8.internal.w74.a(R8_9.0.32_0325ff4e5530605303f16bce95067542c9515161eb3404778aa4f682efdc3ff7:27)
			at com.android.tools.r8.internal.ir.a(R8_9.0.32_0325ff4e5530605303f16bce95067542c9515161eb3404778aa4f682efdc3ff7:92)
			at com.android.tools.r8.internal.ir.a(R8_9.0.32_0325ff4e5530605303f16bce95067542c9515161eb3404778aa4f682efdc3ff7:3)
			at com.android.tools.r8.internal.z03.a(R8_9.0.32_0325ff4e5530605303f16bce95067542c9515161eb3404778aa4f682efdc3ff7:225)
			at com.android.tools.r8.internal.z03.a(R8_9.0.32_0325ff4e5530605303f16bce95067542c9515161eb3404778aa4f682efdc3ff7:24)
			at com.android.tools.r8.D8.d(R8_9.0.32_0325ff4e5530605303f16bce95067542c9515161eb3404778aa4f682efdc3ff7:73)
			... 130 more


BUILD FAILED in 1m 43s
